0 verbose cli /usr/local/bin/node /usr/local/bin/npm
1 info using npm@10.9.2
2 info using node@v22.15.0
3 silly config load:file:/usr/local/lib/node_modules/npm/npmrc
4 silly config load:file:/Users/mac/Documents/code/credit/.npmrc
5 silly config load:file:/Users/mac/.npmrc
6 silly config load:file:/usr/local/etc/npmrc
7 verbose title npm install @rolldown/binding-darwin-x64
8 verbose argv "install" "--cache" ".npm-cache" "--save-dev" "@rolldown/binding-darwin-x64"
9 verbose logfile logs-max:10 dir:/Users/mac/Documents/code/credit/.npm-cache/_logs/2026-05-11T08_09_22_704Z-
10 verbose logfile /Users/mac/Documents/code/credit/.npm-cache/_logs/2026-05-11T08_09_22_704Z-debug-0.log
11 silly logfile done cleaning log files
12 silly packumentCache heap:4345298944 maxSize:1086324736 maxEntrySize:543162368
13 verbose shrinkwrap failed to load node_modules/.package-lock.json out of date, updated: node_modules
14 silly idealTree buildDeps
15 silly fetch manifest @rolldown/binding-darwin-x64@*
16 silly packumentCache full:https://registry.npmjs.org/@rolldown%2fbinding-darwin-x64 cache-miss
17 http fetch GET 200 https://registry.npmjs.org/npm 1869ms
18 http fetch GET 200 https://registry.npmjs.org/@rolldown%2fbinding-darwin-x64 1490ms (cache miss)
19 silly packumentCache full:https://registry.npmjs.org/@rolldown%2fbinding-darwin-x64 set size:undefined disposed:false
20 silly placeDep ROOT @rolldown/binding-darwin-x64@1.0.0 REPLACE for: yes-credit-platform@1.0.0 want: *
21 silly reify moves {}
22 silly audit bulk request {
22 silly audit   admin: [ '0.0.0' ],
22 silly audit   api: [ '1.0.0' ],
22 silly audit   typescript: [ '5.9.3', '6.0.3' ],
22 silly audit   mobile: [ '1.0.0' ],
22 silly audit   '@0no-co/graphql.web': [ '1.2.0' ],
22 silly audit   '@babel/code-frame': [ '7.10.4', '7.29.0' ],
22 silly audit   '@babel/helper-annotate-as-pure': [ '7.27.3' ],
22 silly audit   '@babel/helper-create-class-features-plugin': [ '7.29.3' ],
22 silly audit   semver: [ '6.3.1', '7.8.0' ],
22 silly audit   '@babel/helper-create-regexp-features-plugin': [ '7.28.5' ],
22 silly audit   '@babel/helper-define-polyfill-provider': [ '0.6.8' ],
22 silly audit   '@babel/helper-member-expression-to-functions': [ '7.28.5' ],
22 silly audit   '@babel/helper-optimise-call-expression': [ '7.27.1' ],
22 silly audit   '@babel/helper-plugin-utils': [ '7.28.6' ],
22 silly audit   '@babel/helper-remap-async-to-generator': [ '7.27.1' ],
22 silly audit   '@babel/helper-replace-supers': [ '7.28.6' ],
22 silly audit   '@babel/helper-skip-transparent-expression-wrappers': [ '7.27.1' ],
22 silly audit   '@babel/helper-wrap-function': [ '7.28.6' ],
22 silly audit   '@babel/highlight': [ '7.25.9' ],
22 silly audit   '@babel/plugin-proposal-decorators': [ '7.29.0' ],
22 silly audit   '@babel/plugin-proposal-export-default-from': [ '7.27.1' ],
22 silly audit   '@babel/plugin-syntax-async-generators': [ '7.8.4' ],
22 silly audit   '@babel/plugin-syntax-bigint': [ '7.8.3' ],
22 silly audit   '@babel/plugin-syntax-class-properties': [ '7.12.13' ],
22 silly audit   '@babel/plugin-syntax-class-static-block': [ '7.14.5' ],
22 silly audit   '@babel/plugin-syntax-decorators': [ '7.28.6' ],
22 silly audit   '@babel/plugin-syntax-dynamic-import': [ '7.8.3' ],
22 silly audit   '@babel/plugin-syntax-export-default-from': [ '7.28.6' ],
22 silly audit   '@babel/plugin-syntax-flow': [ '7.28.6' ],
22 silly audit   '@babel/plugin-syntax-import-attributes': [ '7.28.6' ],
22 silly audit   '@babel/plugin-syntax-import-meta': [ '7.10.4' ],
22 silly audit   '@babel/plugin-syntax-json-strings': [ '7.8.3' ],
22 silly audit   '@babel/plugin-syntax-jsx': [ '7.28.6' ],
22 silly audit   '@babel/plugin-syntax-logical-assignment-operators': [ '7.10.4' ],
22 silly audit   '@babel/plugin-syntax-nullish-coalescing-operator': [ '7.8.3' ],
22 silly audit   '@babel/plugin-syntax-numeric-separator': [ '7.10.4' ],
22 silly audit   '@babel/plugin-syntax-object-rest-spread': [ '7.8.3' ],
22 silly audit   '@babel/plugin-syntax-optional-catch-binding': [ '7.8.3' ],
22 silly audit   '@babel/plugin-syntax-optional-chaining': [ '7.8.3' ],
22 silly audit   '@babel/plugin-syntax-private-property-in-object': [ '7.14.5' ],
22 silly audit   '@babel/plugin-syntax-top-level-await': [ '7.14.5' ],
22 silly audit   '@babel/plugin-syntax-typescript': [ '7.28.6' ],
22 silly audit   '@babel/plugin-transform-arrow-functions': [ '7.27.1' ],
22 silly audit   '@babel/plugin-transform-async-generator-functions': [ '7.29.0' ],
22 silly audit   '@babel/plugin-transform-async-to-generator': [ '7.28.6' ],
22 silly audit   '@babel/plugin-transform-block-scoping': [ '7.28.6' ],
22 silly audit   '@babel/plugin-transform-class-properties': [ '7.28.6' ],
22 silly audit   '@babel/plugin-transform-class-static-block': [ '7.28.6' ],
22 silly audit   '@babel/plugin-transform-classes': [ '7.28.6' ],
22 silly audit   '@babel/plugin-transform-computed-properties': [ '7.28.6' ],
22 silly audit   '@babel/plugin-transform-destructuring': [ '7.28.5' ],
22 silly audit   '@babel/plugin-transform-export-namespace-from': [ '7.27.1' ],
22 silly audit   '@babel/plugin-transform-flow-strip-types': [ '7.27.1' ],
22 silly audit   '@babel/plugin-transform-for-of': [ '7.27.1' ],
22 silly audit   '@babel/plugin-transform-function-name': [ '7.27.1' ],
22 silly audit   '@babel/plugin-transform-literals': [ '7.27.1' ],
22 silly audit   '@babel/plugin-transform-logical-assignment-operators': [ '7.28.6' ],
22 silly audit   '@babel/plugin-transform-modules-commonjs': [ '7.28.6' ],
22 silly audit   '@babel/plugin-transform-named-capturing-groups-regex': [ '7.29.0' ],
22 silly audit   '@babel/plugin-transform-nullish-coalescing-operator': [ '7.28.6' ],
22 silly audit   '@babel/plugin-transform-numeric-separator': [ '7.28.6' ],
22 silly audit   '@babel/plugin-transform-object-rest-spread': [ '7.28.6' ],
22 silly audit   '@babel/plugin-transform-optional-catch-binding': [ '7.28.6' ],
22 silly audit   '@babel/plugin-transform-optional-chaining': [ '7.28.6' ],
22 silly audit   '@babel/plugin-transform-parameters': [ '7.27.7' ],
22 silly audit   '@babel/plugin-transform-private-methods': [ '7.28.6' ],
22 silly audit   '@babel/plugin-transform-private-property-in-object': [ '7.28.6' ],
22 silly audit   '@babel/plugin-transform-react-display-name': [ '7.28.0' ],
22 silly audit   '@babel/plugin-transform-react-jsx': [ '7.28.6' ],
22 silly audit   '@babel/plugin-transform-react-jsx-development': [ '7.27.1' ],
22 silly audit   '@babel/plugin-transform-react-jsx-self': [ '7.27.1' ],
22 silly audit   '@babel/plugin-transform-react-jsx-source': [ '7.27.1' ],
22 silly audit   '@babel/plugin-transform-react-pure-annotations': [ '7.27.1' ],
22 silly audit   '@babel/plugin-transform-regenerator': [ '7.29.0' ],
22 silly audit   '@babel/plugin-transform-runtime': [ '7.29.0' ],
22 silly audit   '@babel/plugin-transform-shorthand-properties': [ '7.27.1' ],
22 silly audit   '@babel/plugin-transform-spread': [ '7.28.6' ],
22 silly audit   '@babel/plugin-transform-sticky-regex': [ '7.27.1' ],
22 silly audit   '@babel/plugin-transform-typescript': [ '7.28.6' ],
22 silly audit   '@babel/plugin-transform-unicode-regex': [ '7.27.1' ],
22 silly audit   '@babel/preset-react': [ '7.28.5' ],
22 silly audit   '@babel/preset-typescript': [ '7.28.5' ],
22 silly audit   '@babel/runtime': [ '7.29.2' ],
22 silly audit   '@babel/traverse': [ '7.29.0' ],
22 silly audit   '@expo/code-signing-certificates': [ '0.0.6' ],
22 silly audit   '@expo/config': [ '12.0.13' ],
22 silly audit   '@expo/config-plugins': [ '54.0.4' ],
22 silly audit   'ansi-styles': [ '4.3.0', '3.2.1', '5.2.0' ],
22 silly audit   chalk: [ '4.1.2', '2.4.2' ],
22 silly audit   'color-convert': [ '2.0.1', '1.9.3' ],
22 silly audit   'color-name': [ '1.1.4', '1.1.3' ],
22 silly audit   'has-flag': [ '4.0.0', '3.0.0' ],
22 silly audit   'supports-color': [ '7.2.0', '8.1.1', '5.5.0' ],
22 silly audit   '@expo/config-types': [ '54.0.10' ],
22 silly audit   '@expo/devcert': [ '1.2.1' ],
22 silly audit   debug: [ '3.2.7', '2.6.9', '4.4.3' ],
22 silly audit   '@expo/devtools': [ '0.1.8' ],
22 silly audit   '@expo/env': [ '2.0.11' ],
22 silly audit   '@expo/fingerprint': [ '0.15.5' ],
22 silly audit   '@expo/image-utils': [ '0.8.14' ],
22 silly audit   '@expo/json-file': [ '10.0.14' ],
22 silly audit   '@expo/metro': [ '54.2.0' ],
22 silly audit   '@expo/osascript': [ '2.4.3' ],
22 silly audit   '@expo/package-manager': [ '1.10.5' ],
22 silly audit   '@expo/plist': [ '0.4.8' ],
22 silly audit   '@expo/require-utils': [ '55.0.5' ],
22 silly audit   '@expo/schema-utils': [ '0.1.8' ],
22 silly audit   '@expo/sdk-runtime-versions': [ '1.0.0' ],
22 silly audit   '@expo/spawn-async': [ '1.7.2' ],
22 silly audit   '@expo/sudo-prompt': [ '9.3.2' ],
22 silly audit   '@expo/ws-tunnel': [ '1.0.6' ],
22 silly audit   '@expo/xcpretty': [ '4.4.4' ],
22 silly audit   argparse: [ '2.0.1', '1.0.10' ],
22 silly audit   'js-yaml': [ '4.1.1', '3.14.2' ],
22 silly audit   '@isaacs/fs-minipass': [ '4.0.1' ],
22 silly audit   '@isaacs/ttlcache': [ '1.4.1' ],
22 silly audit   '@istanbuljs/load-nyc-config': [ '1.1.0' ],
22 silly audit   camelcase: [ '5.3.1', '6.3.0' ],
22 silly audit   '@istanbuljs/schema': [ '0.1.6' ],
22 silly audit   '@jest/create-cache-key-function': [ '29.7.0' ],
22 silly audit   '@jest/environment': [ '29.7.0' ],
22 silly audit   '@jest/fake-timers': [ '29.7.0' ],
22 silly audit   '@jest/schemas': [ '29.6.3' ],
22 silly audit   '@jest/transform': [ '29.7.0' ],
22 silly audit   '@jest/types': [ '29.6.3' ],
22 silly audit   '@jridgewell/source-map': [ '0.3.11' ],
22 silly audit   '@react-native/assets-registry': [ '0.81.5' ],
22 silly audit   '@react-native/babel-plugin-codegen': [ '0.81.5' ],
22 silly audit   '@react-native/babel-preset': [ '0.81.5' ],
22 silly audit   '@react-native/codegen': [ '0.81.5' ],
22 silly audit   'balanced-match': [ '1.0.2', '4.0.4' ],
22 silly audit   'brace-expansion': [ '1.1.14', '2.1.0', '5.0.6' ],
22 silly audit   glob: [ '7.2.3', '13.0.6' ],
22 silly audit   'hermes-estree': [ '0.29.1', '0.32.0', '0.25.1' ],
22 silly audit   'hermes-parser': [ '0.29.1', '0.32.0', '0.25.1' ],
22 silly audit   minimatch: [ '3.1.5', '9.0.9', '10.2.5' ],
22 silly audit   '@react-native/community-cli-plugin': [ '0.81.5' ],
22 silly audit   '@react-native/debugger-frontend': [ '0.81.5' ],
22 silly audit   '@react-native/dev-middleware': [ '0.81.5' ],
22 silly audit   ws: [ '6.2.3', '8.20.0', '7.5.10' ],
22 silly audit   '@react-native/gradle-plugin': [ '0.81.5' ],
22 silly audit   '@react-native/js-polyfills': [ '0.81.5' ],
22 silly audit   '@react-native/normalize-colors': [ '0.81.5' ],
22 silly audit   '@sinclair/typebox': [ '0.27.10' ],
22 silly audit   '@sinonjs/commons': [ '3.0.1' ],
22 silly audit   '@sinonjs/fake-timers': [ '10.3.0' ],
22 silly audit   '@types/babel__core': [ '7.20.5' ],
22 silly audit   '@types/babel__generator': [ '7.27.0' ],
22 silly audit   '@types/babel__template': [ '7.4.4' ],
22 silly audit   '@types/babel__traverse': [ '7.28.0' ],
22 silly audit   '@types/graceful-fs': [ '4.1.9' ],
22 silly audit   '@types/istanbul-lib-coverage': [ '2.0.6' ],
22 silly audit   '@types/istanbul-lib-report': [ '3.0.3' ],
22 silly audit   '@types/istanbul-reports': [ '3.0.4' ],
22 silly audit   '@types/node': [ '25.6.2', '24.12.3' ],
22 silly audit   '@types/react': [ '19.1.17', '19.2.14' ],
22 silly audit   '@types/stack-utils': [ '2.0.3' ],
22 silly audit   '@types/yargs': [ '17.0.35' ],
22 silly audit   '@types/yargs-parser': [ '21.0.3' ],
22 silly audit   '@ungap/structured-clone': [ '1.3.1' ],
22 silly audit   '@urql/core': [ '5.2.0' ],
22 silly audit   '@urql/exchange-retry': [ '1.3.2' ],
22 silly audit   '@xmldom/xmldom': [ '0.8.13', '0.9.10' ],
22 silly audit   'abort-controller': [ '3.0.0' ],
22 silly audit   accepts: [ '1.3.8', '2.0.0' ],
22 silly audit   'agent-base': [ '7.1.4' ],
22 silly audit   anser: [ '1.4.10' ],
22 silly audit   'ansi-escapes': [ '4.3.2' ],
22 silly audit   'type-fest': [ '0.21.3', '0.7.1' ],
22 silly audit   'ansi-regex': [ '5.0.1', '4.1.1' ],
22 silly audit   'any-promise': [ '1.3.0' ],
22 silly audit   anymatch: [ '3.1.3' ],
22 silly audit   arg: [ '5.0.2' ],
22 silly audit   asap: [ '2.0.6' ],
22 silly audit   'async-limiter': [ '1.0.1' ],
22 silly audit   'babel-jest': [ '29.7.0' ],
22 silly audit   'babel-plugin-istanbul': [ '6.1.1' ],
22 silly audit   'babel-plugin-jest-hoist': [ '29.6.3' ],
22 silly audit   'babel-plugin-polyfill-corejs2': [ '0.4.17' ],
22 silly audit   'babel-plugin-polyfill-corejs3': [ '0.13.0' ],
22 silly audit   'babel-plugin-polyfill-regenerator': [ '0.6.8' ],
22 silly audit   'babel-plugin-react-compiler': [ '1.0.0' ],
22 silly audit   'babel-plugin-react-native-web': [ '0.21.2' ],
22 silly audit   'babel-plugin-syntax-hermes-parser': [ '0.29.1' ],
22 silly audit   'babel-plugin-transform-flow-enums': [ '0.0.2' ],
22 silly audit   'babel-preset-current-node-syntax': [ '1.2.0' ],
22 silly audit   'babel-preset-jest': [ '29.6.3' ],
22 silly audit   'base64-js': [ '1.5.1' ],
22 silly audit   'better-opn': [ '3.0.2' ],
22 silly audit   open: [ '8.4.2', '7.4.2' ],
22 silly audit   'big-integer': [ '1.6.52' ],
22 silly audit   'bplist-creator': [ '0.1.0' ],
22 silly audit   'bplist-parser': [ '0.3.1' ],
22 silly audit   braces: [ '3.0.3' ],
22 silly audit   bser: [ '2.1.1' ],
22 silly audit   buffer: [ '5.7.1' ],
22 silly audit   'buffer-from': [ '1.1.2' ],
22 silly audit   chownr: [ '3.0.0' ],
22 silly audit   'chrome-launcher': [ '0.15.2' ],
22 silly audit   'escape-string-regexp': [ '4.0.0', '1.0.5', '2.0.0' ],
22 silly audit   'chromium-edge-launcher': [ '0.2.0' ],
22 silly audit   'ci-info': [ '2.0.0', '3.9.0' ],
22 silly audit   'cli-cursor': [ '2.1.0' ],
22 silly audit   'cli-spinners': [ '2.9.2' ],
22 silly audit   cliui: [ '8.0.1' ],
22 silly audit   clone: [ '1.0.4' ],
22 silly audit   commander: [ '7.2.0', '12.1.0', '4.1.1', '2.20.3' ],
22 silly audit   compressible: [ '2.0.18' ],
22 silly audit   compression: [ '1.8.1' ],
22 silly audit   ms: [ '2.0.0', '2.1.3' ],
22 silly audit   negotiator: [ '0.6.4', '0.6.3', '1.0.0' ],
22 silly audit   'concat-map': [ '0.0.1' ],
22 silly audit   connect: [ '3.7.0' ],
22 silly audit   'core-js-compat': [ '3.49.0' ],
22 silly audit   'deep-extend': [ '0.6.0' ],
22 silly audit   deepmerge: [ '4.3.1' ],
22 silly audit   defaults: [ '1.0.4' ],
22 silly audit   'define-lazy-prop': [ '2.0.0' ],
22 silly audit   destroy: [ '1.2.0' ],
22 silly audit   dotenv: [ '16.4.7' ],
22 silly audit   'dotenv-expand': [ '11.0.7' ],
22 silly audit   'emoji-regex': [ '8.0.0' ],
22 silly audit   encodeurl: [ '1.0.2', '2.0.0' ],
22 silly audit   'env-editor': [ '0.4.2' ],
22 silly audit   'error-stack-parser': [ '2.1.4' ],
22 silly audit   esprima: [ '4.0.1' ],
22 silly audit   'event-target-shim': [ '5.0.1' ],
22 silly audit   expo: [ '54.0.34' ],
22 silly audit   'expo-modules-autolinking': [ '3.0.25' ],
22 silly audit   'expo-modules-core': [ '3.0.30' ],
22 silly audit   'expo-server': [ '1.0.6' ],
22 silly audit   'expo-status-bar': [ '3.0.9' ],
22 silly audit   '@expo/cli': [ '54.0.24' ],
22 silly audit   '@expo/prebuild-config': [ '54.0.8' ],
22 silly audit   '@expo/metro-config': [ '54.0.15' ],
22 silly audit   '@expo/vector-icons': [ '15.1.1' ],
22 silly audit   'babel-preset-expo': [ '54.0.10' ],
22 silly audit   'expo-asset': [ '12.0.13' ],
22 silly audit   'expo-constants': [ '18.0.13' ],
22 silly audit   'expo-file-system': [ '19.0.22' ],
22 silly audit   'expo-font': [ '14.0.11' ],
22 silly audit   'expo-keep-awake': [ '15.0.8' ],
22 silly audit   picomatch: [ '4.0.4', '2.3.2' ],
22 silly audit   'exponential-backoff': [ '3.1.3' ],
22 silly audit   'fb-watchman': [ '2.0.2' ],
22 silly audit   'fill-range': [ '7.1.1' ],
22 silly audit   finalhandler: [ '1.1.2', '2.1.1' ],
22 silly audit   'find-up': [ '4.1.0', '5.0.0' ],
22 silly audit   'flow-enums-runtime': [ '0.0.6' ],
22 silly audit   fontfaceobserver: [ '2.3.0' ],
22 silly audit   'freeport-async': [ '2.0.0' ],
22 silly audit   fresh: [ '0.5.2', '2.0.0' ],
22 silly audit   'fs.realpath': [ '1.0.0' ],
22 silly audit   'get-caller-file': [ '2.0.5' ],
22 silly audit   'get-package-type': [ '0.1.0' ],
22 silly audit   getenv: [ '2.0.0' ],
22 silly audit   'graceful-fs': [ '4.2.11' ],
22 silly audit   'hosted-git-info': [ '7.0.2' ],
22 silly audit   'lru-cache': [ '10.4.3', '11.3.6', '5.1.1' ],
22 silly audit   'https-proxy-agent': [ '7.0.6' ],
22 silly audit   ieee754: [ '1.2.1' ],
22 silly audit   'image-size': [ '1.2.1' ],
22 silly audit   inflight: [ '1.0.6' ],
22 silly audit   ini: [ '1.3.8' ],
22 silly audit   invariant: [ '2.2.4' ],
22 silly audit   'is-core-module': [ '2.16.2' ],
22 silly audit   'is-docker': [ '2.2.1' ],
22 silly audit   'is-fullwidth-code-point': [ '3.0.0' ],
22 silly audit   'is-number': [ '7.0.0' ],
22 silly audit   'is-wsl': [ '2.2.0' ],
22 silly audit   'istanbul-lib-coverage': [ '3.2.2' ],
22 silly audit   'istanbul-lib-instrument': [ '5.2.1' ],
22 silly audit   'jest-environment-node': [ '29.7.0' ],
22 silly audit   'jest-get-type': [ '29.6.3' ],
22 silly audit   'jest-haste-map': [ '29.7.0' ],
22 silly audit   'jest-message-util': [ '29.7.0' ],
22 silly audit   'jest-mock': [ '29.7.0' ],
22 silly audit   'jest-regex-util': [ '29.6.3' ],
22 silly audit   'jest-util': [ '29.7.0' ],
22 silly audit   'jest-validate': [ '29.7.0' ],
22 silly audit   'jest-worker': [ '29.7.0' ],
22 silly audit   'jimp-compact': [ '0.16.1' ],
22 silly audit   'jsc-safe-url': [ '0.2.4' ],
22 silly audit   kleur: [ '3.0.3' ],
22 silly audit   'lan-network': [ '0.2.1' ],
22 silly audit   leven: [ '3.1.0' ],
22 silly audit   'lighthouse-logger': [ '1.4.2' ],
22 silly audit   'lines-and-columns': [ '1.2.4' ],
22 silly audit   'locate-path': [ '5.0.0', '6.0.0' ],
22 silly audit   'lodash.debounce': [ '4.0.8' ],
22 silly audit   'lodash.throttle': [ '4.1.1' ],
22 silly audit   'log-symbols': [ '2.2.0' ],
22 silly audit   'loose-envify': [ '1.4.0' ],
22 silly audit   makeerror: [ '1.0.12' ],
22 silly audit   marky: [ '1.3.0' ],
22 silly audit   'memoize-one': [ '5.2.1' ],
22 silly audit   'merge-stream': [ '2.0.0' ],
22 silly audit   metro: [ '0.83.3' ],
22 silly audit   'metro-babel-transformer': [ '0.83.3' ],
22 silly audit   'metro-cache': [ '0.83.3' ],
22 silly audit   'metro-cache-key': [ '0.83.3' ],
22 silly audit   'metro-config': [ '0.83.3' ],
22 silly audit   'metro-core': [ '0.83.3' ],
22 silly audit   'metro-file-map': [ '0.83.3' ],
22 silly audit   'metro-minify-terser': [ '0.83.3' ],
22 silly audit   'metro-resolver': [ '0.83.3' ],
22 silly audit   'metro-runtime': [ '0.83.3' ],
22 silly audit   'metro-source-map': [ '0.83.3' ],
22 silly audit   'metro-symbolicate': [ '0.83.3' ],
22 silly audit   'metro-transform-plugins': [ '0.83.3' ],
22 silly audit   'metro-transform-worker': [ '0.83.3' ],
22 silly audit   micromatch: [ '4.0.8' ],
22 silly audit   mime: [ '1.6.0' ],
22 silly audit   'mime-db': [ '1.52.0', '1.54.0' ],
22 silly audit   'mime-types': [ '2.1.35', '3.0.2' ],
22 silly audit   'mimic-fn': [ '1.2.0' ],
22 silly audit   minimist: [ '1.2.8' ],
22 silly audit   minipass: [ '7.1.3' ],
22 silly audit   minizlib: [ '3.1.0' ],
22 silly audit   mkdirp: [ '1.0.4' ],
22 silly audit   mz: [ '2.7.0' ],
22 silly audit   'nested-error-stacks': [ '2.0.1' ],
22 silly audit   'node-forge': [ '1.4.0' ],
22 silly audit   'node-int64': [ '0.4.0' ],
22 silly audit   'normalize-path': [ '3.0.0' ],
22 silly audit   'npm-package-arg': [ '11.0.3' ],
22 silly audit   nullthrows: [ '1.1.1' ],
22 silly audit   ob1: [ '0.83.3' ],
22 silly audit   'on-finished': [ '2.3.0', '2.4.1' ],
22 silly audit   'on-headers': [ '1.1.0' ],
22 silly audit   onetime: [ '2.0.1' ],
22 silly audit   ora: [ '3.4.0' ],
22 silly audit   'strip-ansi': [ '5.2.0', '6.0.1' ],
22 silly audit   'p-locate': [ '4.1.0', '5.0.0' ],
22 silly audit   'p-limit': [ '2.3.0', '3.1.0' ],
22 silly audit   'p-try': [ '2.2.0' ],
22 silly audit   'parse-png': [ '2.1.0' ],
22 silly audit   'path-is-absolute': [ '1.0.1' ],
22 silly audit   'path-parse': [ '1.0.7' ],
22 silly audit   'path-scurry': [ '2.0.2' ],
22 silly audit   pirates: [ '4.0.7' ],
22 silly audit   plist: [ '3.1.1' ],
22 silly audit   pngjs: [ '3.4.0' ],
22 silly audit   postcss: [ '8.4.49', '8.5.14' ],
22 silly audit   'pretty-bytes': [ '5.6.0' ],
22 silly audit   'pretty-format': [ '29.7.0' ],
22 silly audit   'proc-log': [ '4.2.0' ],
22 silly audit   progress: [ '2.0.3' ],
22 silly audit   promise: [ '8.3.0' ],
22 silly audit   prompts: [ '2.4.2' ],
22 silly audit   'qrcode-terminal': [ '0.11.0' ],
22 silly audit   queue: [ '6.0.2' ],
22 silly audit   rc: [ '1.2.8' ],
22 silly audit   react: [ '19.1.0', '19.2.6' ],
22 silly audit   'react-devtools-core': [ '6.1.5' ],
22 silly audit   'react-is': [ '18.3.1' ],
22 silly audit   'react-native': [ '0.81.5' ],
22 silly audit   'react-native-is-edge-to-edge': [ '1.3.1' ],
22 silly audit   '@react-native/virtualized-lists': [ '0.81.5' ],
22 silly audit   'react-refresh': [ '0.14.2' ],
22 silly audit   regenerate: [ '1.4.2' ],
22 silly audit   'regenerate-unicode-properties': [ '10.2.2' ],
22 silly audit   'regenerator-runtime': [ '0.13.11' ],
22 silly audit   'regexpu-core': [ '6.4.0' ],
22 silly audit   regjsgen: [ '0.8.0' ],
22 silly audit   regjsparser: [ '0.13.1' ],
22 silly audit   'require-directory': [ '2.1.1' ],
22 silly audit   'require-from-string': [ '2.0.2' ],
22 silly audit   requireg: [ '0.2.2' ],
22 silly audit   resolve: [ '1.7.1', '1.22.12' ],
22 silly audit   'resolve-from': [ '5.0.0' ],
22 silly audit   'resolve-workspace-root': [ '2.0.1' ],
22 silly audit   'resolve.exports': [ '2.0.3' ],
22 silly audit   'restore-cursor': [ '2.0.0' ],
22 silly audit   rimraf: [ '3.0.2' ],
22 silly audit   'safe-buffer': [ '5.2.1' ],
22 silly audit   sax: [ '1.6.0' ],
22 silly audit   scheduler: [ '0.26.0', '0.27.0' ],
22 silly audit   send: [ '0.19.2', '1.2.1' ],
22 silly audit   statuses: [ '2.0.2', '1.5.0' ],
22 silly audit   'serialize-error': [ '2.1.0' ],
22 silly audit   'serve-static': [ '1.16.3', '2.2.1' ],
22 silly audit   'shell-quote': [ '1.8.3' ],
22 silly audit   'signal-exit': [ '3.0.7' ],
22 silly audit   'simple-plist': [ '1.3.1' ],
22 silly audit   sisteransi: [ '1.0.5' ],
22 silly audit   slash: [ '3.0.0' ],
22 silly audit   slugify: [ '1.6.9' ],
22 silly audit   'source-map': [ '0.5.7', '0.6.1' ],
22 silly audit   'source-map-support': [ '0.5.21' ],
22 silly audit   'sprintf-js': [ '1.0.3' ],
22 silly audit   'stack-utils': [ '2.0.6' ],
22 silly audit   stackframe: [ '1.3.4' ],
22 silly audit   'stacktrace-parser': [ '0.1.11' ],
22 silly audit   'stream-buffers': [ '2.2.0' ],
22 silly audit   'string-width': [ '4.2.3' ],
22 silly audit   'strip-json-comments': [ '2.0.1' ],
22 silly audit   'structured-headers': [ '0.4.1' ],
22 silly audit   sucrase: [ '3.35.1' ],
22 silly audit   'supports-hyperlinks': [ '2.3.0' ],
22 silly audit   'supports-preserve-symlinks-flag': [ '1.0.0' ],
22 silly audit   tar: [ '7.5.15' ],
22 silly audit   yallist: [ '5.0.0', '3.1.1' ],
22 silly audit   'terminal-link': [ '2.1.1' ],
22 silly audit   terser: [ '5.47.1' ],
22 silly audit   'test-exclude': [ '6.0.0' ],
22 silly audit   thenify: [ '3.3.1' ],
22 silly audit   'thenify-all': [ '1.6.0' ],
22 silly audit   throat: [ '5.0.0' ],
22 silly audit   tmpl: [ '1.0.5' ],
22 silly audit   'to-regex-range': [ '5.0.1' ],
22 silly audit   'ts-interface-checker': [ '0.1.13' ],
22 silly audit   'type-detect': [ '4.0.8' ],
22 silly audit   undici: [ '6.25.0' ],
22 silly audit   'undici-types': [ '7.19.2', '7.16.0' ],
22 silly audit   'unicode-canonical-property-names-ecmascript': [ '2.0.1' ],
22 silly audit   'unicode-match-property-ecmascript': [ '2.0.0' ],
22 silly audit   'unicode-match-property-value-ecmascript': [ '2.2.1' ],
22 silly audit   'unicode-property-aliases-ecmascript': [ '2.2.0' ],
22 silly audit   'utils-merge': [ '1.0.1' ],
22 silly audit   uuid: [ '7.0.3' ],
22 silly audit   'validate-npm-package-name': [ '5.0.1' ],
22 silly audit   vlq: [ '1.0.1' ],
22 silly audit   walker: [ '1.0.8' ],
22 silly audit   wcwidth: [ '1.0.1' ],
22 silly audit   'webidl-conversions': [ '5.0.0' ],
22 silly audit   'whatwg-fetch': [ '3.6.20' ],
22 silly audit   'whatwg-url-without-unicode': [ '8.0.0-3' ],
22 silly audit   wonka: [ '6.3.6' ],
22 silly audit   'wrap-ansi': [ '7.0.0' ],
22 silly audit   'write-file-atomic': [ '4.0.2' ],
22 silly audit   xcode: [ '3.0.1' ],
22 silly audit   xml2js: [ '0.6.0' ],
22 silly audit   xmlbuilder: [ '11.0.1', '15.1.1' ],
22 silly audit   y18n: [ '5.0.8' ],
22 silly audit   yaml: [ '2.8.4' ],
22 silly audit   yargs: [ '17.7.2' ],
22 silly audit   'yargs-parser': [ '21.1.1' ],
22 silly audit   '@babel/compat-data': [ '7.29.3' ],
22 silly audit   '@babel/core': [ '7.29.0' ],
22 silly audit   '@babel/generator': [ '7.29.1' ],
22 silly audit   '@babel/helper-compilation-targets': [ '7.28.6' ],
22 silly audit   '@babel/helper-globals': [ '7.28.0' ],
22 silly audit   '@babel/helper-module-imports': [ '7.28.6' ],
22 silly audit   '@babel/helper-module-transforms': [ '7.28.6' ],
22 silly audit   '@babel/helper-string-parser': [ '7.27.1' ],
22 silly audit   '@babel/helper-validator-identifier': [ '7.28.5' ],
22 silly audit   '@babel/helper-validator-option': [ '7.27.1' ],
22 silly audit   '@babel/helpers': [ '7.29.2' ],
22 silly audit   '@babel/parser': [ '7.29.3' ],
22 silly audit   '@babel/template': [ '7.28.6' ],
22 silly audit   '@babel/types': [ '7.29.0' ],
22 silly audit   '@emnapi/core': [ '1.10.0' ],
22 silly audit   '@emnapi/runtime': [ '1.10.0' ],
22 silly audit   '@emnapi/wasi-threads': [ '1.2.1' ],
22 silly audit   '@esbuild/aix-ppc64': [ '0.27.7' ],
22 silly audit   '@esbuild/android-arm': [ '0.27.7' ],
22 silly audit   '@esbuild/android-arm64': [ '0.27.7' ],
22 silly audit   '@esbuild/android-x64': [ '0.27.7' ],
22 silly audit   '@esbuild/darwin-arm64': [ '0.27.7' ],
22 silly audit   '@esbuild/darwin-x64': [ '0.27.7' ],
22 silly audit   '@esbuild/freebsd-arm64': [ '0.27.7' ],
22 silly audit   '@esbuild/freebsd-x64': [ '0.27.7' ],
22 silly audit   '@esbuild/linux-arm': [ '0.27.7' ],
22 silly audit   '@esbuild/linux-arm64': [ '0.27.7' ],
22 silly audit   '@esbuild/linux-ia32': [ '0.27.7' ],
22 silly audit   '@esbuild/linux-loong64': [ '0.27.7' ],
22 silly audit   '@esbuild/linux-mips64el': [ '0.27.7' ],
22 silly audit   '@esbuild/linux-ppc64': [ '0.27.7' ],
22 silly audit   '@esbuild/linux-riscv64': [ '0.27.7' ],
22 silly audit   '@esbuild/linux-s390x': [ '0.27.7' ],
22 silly audit   '@esbuild/linux-x64': [ '0.27.7' ],
22 silly audit   '@esbuild/netbsd-arm64': [ '0.27.7' ],
22 silly audit   '@esbuild/netbsd-x64': [ '0.27.7' ],
22 silly audit   '@esbuild/openbsd-arm64': [ '0.27.7' ],
22 silly audit   '@esbuild/openbsd-x64': [ '0.27.7' ],
22 silly audit   '@esbuild/openharmony-arm64': [ '0.27.7' ],
22 silly audit   '@esbuild/sunos-x64': [ '0.27.7' ],
22 silly audit   '@esbuild/win32-arm64': [ '0.27.7' ],
22 silly audit   '@esbuild/win32-ia32': [ '0.27.7' ],
22 silly audit   '@esbuild/win32-x64': [ '0.27.7' ],
22 silly audit   '@eslint-community/eslint-utils': [ '4.9.1' ],
22 silly audit   'eslint-visitor-keys': [ '3.4.3', '5.0.1' ],
22 silly audit   '@eslint-community/regexpp': [ '4.12.2' ],
22 silly audit   '@eslint/config-array': [ '0.23.5' ],
22 silly audit   '@eslint/config-helpers': [ '0.5.5' ],
22 silly audit   '@eslint/core': [ '1.2.1' ],
22 silly audit   '@eslint/js': [ '10.0.1' ],
22 silly audit   '@eslint/object-schema': [ '3.0.5' ],
22 silly audit   '@eslint/plugin-kit': [ '0.7.1' ],
22 silly audit   '@humanfs/core': [ '0.19.2' ],
22 silly audit   '@humanfs/node': [ '0.16.8' ],
22 silly audit   '@humanfs/types': [ '0.15.0' ],
22 silly audit   '@humanwhocodes/module-importer': [ '1.0.1' ],
22 silly audit   '@humanwhocodes/retry': [ '0.4.3' ],
22 silly audit   '@jridgewell/gen-mapping': [ '0.3.13' ],
22 silly audit   '@jridgewell/remapping': [ '2.3.5' ],
22 silly audit   '@jridgewell/resolve-uri': [ '3.1.2' ],
22 silly audit   '@jridgewell/sourcemap-codec': [ '1.5.5' ],
22 silly audit   '@jridgewell/trace-mapping': [ '0.3.31' ],
22 silly audit   '@napi-rs/wasm-runtime': [ '1.1.4' ],
22 silly audit   '@oxc-project/types': [ '0.129.0' ],
22 silly audit   '@rolldown/binding-android-arm64': [ '1.0.0' ],
22 silly audit   '@rolldown/binding-darwin-arm64': [ '1.0.0' ],
22 silly audit   '@rolldown/binding-freebsd-x64': [ '1.0.0' ],
22 silly audit   '@rolldown/binding-linux-arm-gnueabihf': [ '1.0.0' ],
22 silly audit   '@rolldown/binding-linux-arm64-gnu': [ '1.0.0' ],
22 silly audit   '@rolldown/binding-linux-arm64-musl': [ '1.0.0' ],
22 silly audit   '@rolldown/binding-linux-ppc64-gnu': [ '1.0.0' ],
22 silly audit   '@rolldown/binding-linux-s390x-gnu': [ '1.0.0' ],
22 silly audit   '@rolldown/binding-linux-x64-gnu': [ '1.0.0' ],
22 silly audit   '@rolldown/binding-linux-x64-musl': [ '1.0.0' ],
22 silly audit   '@rolldown/binding-openharmony-arm64': [ '1.0.0' ],
22 silly audit   '@rolldown/binding-wasm32-wasi': [ '1.0.0' ],
22 silly audit   '@rolldown/binding-win32-arm64-msvc': [ '1.0.0' ],
22 silly audit   '@rolldown/binding-win32-x64-msvc': [ '1.0.0' ],
22 silly audit   '@rolldown/pluginutils': [ '1.0.0-rc.7', '1.0.0' ],
22 silly audit   '@tybys/wasm-util': [ '0.10.2' ],
22 silly audit   '@types/body-parser': [ '1.19.6' ],
22 silly audit   '@types/connect': [ '3.4.38' ],
22 silly audit   '@types/cors': [ '2.8.19' ],
22 silly audit   '@types/esrecurse': [ '4.3.1' ],
22 silly audit   '@types/estree': [ '1.0.9' ],
22 silly audit   '@types/express': [ '5.0.6' ],
22 silly audit   '@types/express-serve-static-core': [ '5.1.1' ],
22 silly audit   '@types/http-errors': [ '2.0.5' ],
22 silly audit   '@types/json-schema': [ '7.0.15' ],
22 silly audit   '@types/qs': [ '6.15.1' ],
22 silly audit   '@types/range-parser': [ '1.2.7' ],
22 silly audit   '@types/react-dom': [ '19.2.3' ],
22 silly audit   '@types/send': [ '1.2.1' ],
22 silly audit   '@types/serve-static': [ '2.2.0' ],
22 silly audit   '@typescript-eslint/eslint-plugin': [ '8.59.2' ],
22 silly audit   ignore: [ '7.0.5', '5.3.2' ],
22 silly audit   '@typescript-eslint/parser': [ '8.59.2' ],
22 silly audit   '@typescript-eslint/project-service': [ '8.59.2' ],
22 silly audit   '@typescript-eslint/scope-manager': [ '8.59.2' ],
22 silly audit   '@typescript-eslint/tsconfig-utils': [ '8.59.2' ],
22 silly audit   '@typescript-eslint/type-utils': [ '8.59.2' ],
22 silly audit   '@typescript-eslint/types': [ '8.59.2' ],
22 silly audit   '@typescript-eslint/typescript-estree': [ '8.59.2' ],
22 silly audit   '@typescript-eslint/utils': [ '8.59.2' ],
22 silly audit   '@typescript-eslint/visitor-keys': [ '8.59.2' ],
22 silly audit   '@vitejs/plugin-react': [ '6.0.1' ],
22 silly audit   acorn: [ '8.16.0' ],
22 silly audit   'acorn-jsx': [ '5.3.2' ],
22 silly audit   ajv: [ '6.15.0' ],
22 silly audit   'baseline-browser-mapping': [ '2.10.29' ],
22 silly audit   'body-parser': [ '2.2.2' ],
22 silly audit   browserslist: [ '4.28.2' ],
22 silly audit   bytes: [ '3.1.2' ],
22 silly audit   'call-bind-apply-helpers': [ '1.0.2' ],
22 silly audit   'call-bound': [ '1.0.4' ],
22 silly audit   'caniuse-lite': [ '1.0.30001792' ],
22 silly audit   'content-disposition': [ '1.1.0' ],
22 silly audit   'content-type': [ '1.0.5' ],
22 silly audit   'convert-source-map': [ '2.0.0' ],
22 silly audit   cookie: [ '0.7.2' ],
22 silly audit   'cookie-signature': [ '1.2.2' ],
22 silly audit   cors: [ '2.8.6' ],
22 silly audit   'cross-spawn': [ '7.0.6' ],
22 silly audit   csstype: [ '3.2.3' ],
22 silly audit   'deep-is': [ '0.1.4' ],
22 silly audit   depd: [ '2.0.0' ],
22 silly audit   'detect-libc': [ '2.1.2' ],
22 silly audit   'dunder-proto': [ '1.0.1' ],
22 silly audit   'ee-first': [ '1.1.1' ],
22 silly audit   'electron-to-chromium': [ '1.5.353' ],
22 silly audit   'es-define-property': [ '1.0.1' ],
22 silly audit   'es-errors': [ '1.3.0' ],
22 silly audit   'es-object-atoms': [ '1.1.1' ],
22 silly audit   esbuild: [ '0.27.7' ],
22 silly audit   escalade: [ '3.2.0' ],
22 silly audit   'escape-html': [ '1.0.3' ],
22 silly audit   eslint: [ '10.3.0' ],
22 silly audit   'eslint-plugin-react-hooks': [ '7.1.1' ],
22 silly audit   'eslint-plugin-react-refresh': [ '0.5.2' ],
22 silly audit   'eslint-scope': [ '9.1.2' ],
22 silly audit   espree: [ '11.2.0' ],
22 silly audit   esquery: [ '1.7.0' ],
22 silly audit   esrecurse: [ '4.3.0' ],
22 silly audit   estraverse: [ '5.3.0' ],
22 silly audit   esutils: [ '2.0.3' ],
22 silly audit   etag: [ '1.8.1' ],
22 silly audit   express: [ '5.2.1' ],
22 silly audit   'fast-deep-equal': [ '3.1.3' ],
22 silly audit   'fast-json-stable-stringify': [ '2.1.0' ],
22 silly audit   'fast-levenshtein': [ '2.0.6' ],
22 silly audit   fdir: [ '6.5.0' ],
22 silly audit   'file-entry-cache': [ '8.0.0' ],
22 silly audit   'flat-cache': [ '4.0.1' ],
22 silly audit   flatted: [ '3.4.2' ],
22 silly audit   forwarded: [ '0.2.0' ],
22 silly audit   fsevents: [ '2.3.3' ],
22 silly audit   'function-bind': [ '1.1.2' ],
22 silly audit   gensync: [ '1.0.0-beta.2' ],
22 silly audit   'get-intrinsic': [ '1.3.0' ],
22 silly audit   'get-proto': [ '1.0.1' ],
22 silly audit   'get-tsconfig': [ '4.14.0' ],
22 silly audit   'glob-parent': [ '6.0.2' ],
22 silly audit   globals: [ '17.6.0' ],
22 silly audit   gopd: [ '1.2.0' ],
22 silly audit   'has-symbols': [ '1.1.0' ],
22 silly audit   hasown: [ '2.0.3' ],
22 silly audit   'http-errors': [ '2.0.1' ],
22 silly audit   'iconv-lite': [ '0.7.2' ],
22 silly audit   imurmurhash: [ '0.1.4' ],
22 silly audit   inherits: [ '2.0.4' ],
22 silly audit   'ipaddr.js': [ '1.9.1' ],
22 silly audit   'is-extglob': [ '2.1.1' ],
22 silly audit   'is-glob': [ '4.0.3' ],
22 silly audit   'is-promise': [ '4.0.0' ],
22 silly audit   isexe: [ '2.0.0' ],
22 silly audit   'js-tokens': [ '4.0.0' ],
22 silly audit   jsesc: [ '3.1.0' ],
22 silly audit   'json-buffer': [ '3.0.1' ],
22 silly audit   'json-schema-traverse': [ '0.4.1' ],
22 silly audit   'json-stable-stringify-without-jsonify': [ '1.0.1' ],
22 silly audit   json5: [ '2.2.3' ],
22 silly audit   keyv: [ '4.5.4' ],
22 silly audit   levn: [ '0.4.1' ],
22 silly audit   lightningcss: [ '1.32.0' ],
22 silly audit   'lightningcss-android-arm64': [ '1.32.0' ],
22 silly audit   'lightningcss-darwin-arm64': [ '1.32.0' ],
22 silly audit   'lightningcss-darwin-x64': [ '1.32.0' ],
22 silly audit   'lightningcss-freebsd-x64': [ '1.32.0' ],
22 silly audit   'lightningcss-linux-arm-gnueabihf': [ '1.32.0' ],
22 silly audit   'lightningcss-linux-arm64-gnu': [ '1.32.0' ],
22 silly audit   'lightningcss-linux-arm64-musl': [ '1.32.0' ],
22 silly audit   'lightningcss-linux-x64-gnu': [ '1.32.0' ],
22 silly audit   'lightningcss-linux-x64-musl': [ '1.32.0' ],
22 silly audit   'lightningcss-win32-arm64-msvc': [ '1.32.0' ],
22 silly audit   'lightningcss-win32-x64-msvc': [ '1.32.0' ],
22 silly audit   'math-intrinsics': [ '1.1.0' ],
22 silly audit   'media-typer': [ '1.1.0' ],
22 silly audit   'merge-descriptors': [ '2.0.0' ],
22 silly audit   nanoid: [ '3.3.12' ],
22 silly audit   'natural-compare': [ '1.4.0' ],
22 silly audit   'node-releases': [ '2.0.38' ],
22 silly audit   'object-assign': [ '4.1.1' ],
22 silly audit   'object-inspect': [ '1.13.4' ],
22 silly audit   once: [ '1.4.0' ],
22 silly audit   optionator: [ '0.9.4' ],
22 silly audit   parseurl: [ '1.3.3' ],
22 silly audit   'path-exists': [ '4.0.0' ],
22 silly audit   'path-key': [ '3.1.1' ],
22 silly audit   'path-to-regexp': [ '8.4.2' ],
22 silly audit   picocolors: [ '1.1.1' ],
22 silly audit   'prelude-ls': [ '1.2.1' ],
22 silly audit   'proxy-addr': [ '2.0.7' ],
22 silly audit   punycode: [ '2.3.1' ],
22 silly audit   qs: [ '6.15.1' ],
22 silly audit   'range-parser': [ '1.2.1' ],
22 silly audit   'raw-body': [ '3.0.2' ],
22 silly audit   'react-dom': [ '19.2.6' ],
22 silly audit   'resolve-pkg-maps': [ '1.0.0' ],
22 silly audit   rolldown: [ '1.0.0' ],
22 silly audit   router: [ '2.2.0' ],
22 silly audit   'safer-buffer': [ '2.1.2' ],
22 silly audit   setprototypeof: [ '1.2.0' ],
22 silly audit   'shebang-command': [ '2.0.0' ],
22 silly audit   'shebang-regex': [ '3.0.0' ],
22 silly audit   'side-channel': [ '1.1.0' ],
22 silly audit   'side-channel-list': [ '1.0.1' ],
22 silly audit   'side-channel-map': [ '1.0.1' ],
22 silly audit   'side-channel-weakmap': [ '1.0.2' ],
22 silly audit   'source-map-js': [ '1.2.1' ],
22 silly audit   tinyglobby: [ '0.2.16' ],
22 silly audit   toidentifier: [ '1.0.1' ],
22 silly audit   'ts-api-utils': [ '2.5.0' ],
22 silly audit   tslib: [ '2.8.1' ],
22 silly audit   tsx: [ '4.21.0' ],
22 silly audit   'type-check': [ '0.4.0' ],
22 silly audit   'type-is': [ '2.0.1' ],
22 silly audit   'typescript-eslint': [ '8.59.2' ],
22 silly audit   unpipe: [ '1.0.0' ],
22 silly audit   'update-browserslist-db': [ '1.2.3' ],
22 silly audit   'uri-js': [ '4.4.1' ],
22 silly audit   vary: [ '1.1.2' ],
22 silly audit   vite: [ '8.0.12' ],
22 silly audit   which: [ '2.0.2' ],
22 silly audit   'word-wrap': [ '1.2.5' ],
22 silly audit   wrappy: [ '1.0.2' ],
22 silly audit   'yocto-queue': [ '0.1.0' ],
22 silly audit   zod: [ '4.4.3' ],
22 silly audit   'zod-validation-error': [ '4.0.2' ],
22 silly audit   '@rolldown/binding-darwin-x64': [ '1.0.0' ]
22 silly audit }
23 verbose reify failed optional dependency /Users/mac/Documents/code/credit/node_modules/lightningcss-win32-x64-msvc
24 silly reify mark deleted [
24 silly reify   '/Users/mac/Documents/code/credit/node_modules/lightningcss-win32-x64-msvc'
24 silly reify ]
25 verbose reify failed optional dependency /Users/mac/Documents/code/credit/node_modules/lightningcss-win32-arm64-msvc
26 silly reify mark deleted [
26 silly reify   '/Users/mac/Documents/code/credit/node_modules/lightningcss-win32-arm64-msvc'
26 silly reify ]
27 verbose reify failed optional dependency /Users/mac/Documents/code/credit/node_modules/lightningcss-linux-x64-musl
28 silly reify mark deleted [
28 silly reify   '/Users/mac/Documents/code/credit/node_modules/lightningcss-linux-x64-musl'
28 silly reify ]
29 verbose reify failed optional dependency /Users/mac/Documents/code/credit/node_modules/lightningcss-linux-x64-gnu
30 silly reify mark deleted [
30 silly reify   '/Users/mac/Documents/code/credit/node_modules/lightningcss-linux-x64-gnu'
30 silly reify ]
31 verbose reify failed optional dependency /Users/mac/Documents/code/credit/node_modules/lightningcss-linux-arm64-musl
32 silly reify mark deleted [
32 silly reify   '/Users/mac/Documents/code/credit/node_modules/lightningcss-linux-arm64-musl'
32 silly reify ]
33 verbose reify failed optional dependency /Users/mac/Documents/code/credit/node_modules/lightningcss-linux-arm64-gnu
34 silly reify mark deleted [
34 silly reify   '/Users/mac/Documents/code/credit/node_modules/lightningcss-linux-arm64-gnu'
34 silly reify ]
35 verbose reify failed optional dependency /Users/mac/Documents/code/credit/node_modules/lightningcss-linux-arm-gnueabihf
36 silly reify mark deleted [
36 silly reify   '/Users/mac/Documents/code/credit/node_modules/lightningcss-linux-arm-gnueabihf'
36 silly reify ]
37 verbose reify failed optional dependency /Users/mac/Documents/code/credit/node_modules/lightningcss-freebsd-x64
38 silly reify mark deleted [
38 silly reify   '/Users/mac/Documents/code/credit/node_modules/lightningcss-freebsd-x64'
38 silly reify ]
39 verbose reify failed optional dependency /Users/mac/Documents/code/credit/node_modules/lightningcss-darwin-arm64
40 silly reify mark deleted [
40 silly reify   '/Users/mac/Documents/code/credit/node_modules/lightningcss-darwin-arm64'
40 silly reify ]
41 verbose reify failed optional dependency /Users/mac/Documents/code/credit/node_modules/lightningcss-android-arm64
42 silly reify mark deleted [
42 silly reify   '/Users/mac/Documents/code/credit/node_modules/lightningcss-android-arm64'
42 silly reify ]
43 verbose reify failed optional dependency /Users/mac/Documents/code/credit/node_modules/@rolldown/binding-win32-x64-msvc
44 silly reify mark deleted [
44 silly reify   '/Users/mac/Documents/code/credit/node_modules/@rolldown/binding-win32-x64-msvc'
44 silly reify ]
45 verbose reify failed optional dependency /Users/mac/Documents/code/credit/node_modules/@rolldown/binding-win32-arm64-msvc
46 silly reify mark deleted [
46 silly reify   '/Users/mac/Documents/code/credit/node_modules/@rolldown/binding-win32-arm64-msvc'
46 silly reify ]
47 verbose reify failed optional dependency /Users/mac/Documents/code/credit/node_modules/@rolldown/binding-wasm32-wasi
48 silly reify mark deleted [
48 silly reify   '/Users/mac/Documents/code/credit/node_modules/@rolldown/binding-wasm32-wasi'
48 silly reify ]
49 verbose reify failed optional dependency /Users/mac/Documents/code/credit/node_modules/@emnapi/core
50 silly reify mark deleted [ '/Users/mac/Documents/code/credit/node_modules/@emnapi/core' ]
51 verbose reify failed optional dependency /Users/mac/Documents/code/credit/node_modules/@emnapi/runtime
52 silly reify mark deleted [ '/Users/mac/Documents/code/credit/node_modules/@emnapi/runtime' ]
53 verbose reify failed optional dependency /Users/mac/Documents/code/credit/node_modules/@napi-rs/wasm-runtime
54 silly reify mark deleted [
54 silly reify   '/Users/mac/Documents/code/credit/node_modules/@napi-rs/wasm-runtime'
54 silly reify ]
55 verbose reify failed optional dependency /Users/mac/Documents/code/credit/node_modules/@emnapi/wasi-threads
56 silly reify mark deleted [
56 silly reify   '/Users/mac/Documents/code/credit/node_modules/@emnapi/wasi-threads'
56 silly reify ]
57 verbose reify failed optional dependency /Users/mac/Documents/code/credit/node_modules/tslib
58 silly reify mark deleted [ '/Users/mac/Documents/code/credit/node_modules/tslib' ]
59 verbose reify failed optional dependency /Users/mac/Documents/code/credit/node_modules/@tybys/wasm-util
60 silly reify mark deleted [ '/Users/mac/Documents/code/credit/node_modules/@tybys/wasm-util' ]
61 verbose reify failed optional dependency /Users/mac/Documents/code/credit/node_modules/@rolldown/binding-openharmony-arm64
62 silly reify mark deleted [
62 silly reify   '/Users/mac/Documents/code/credit/node_modules/@rolldown/binding-openharmony-arm64'
62 silly reify ]
63 verbose reify failed optional dependency /Users/mac/Documents/code/credit/node_modules/@rolldown/binding-linux-x64-musl
64 silly reify mark deleted [
64 silly reify   '/Users/mac/Documents/code/credit/node_modules/@rolldown/binding-linux-x64-musl'
64 silly reify ]
65 verbose reify failed optional dependency /Users/mac/Documents/code/credit/node_modules/@rolldown/binding-linux-x64-gnu
66 silly reify mark deleted [
66 silly reify   '/Users/mac/Documents/code/credit/node_modules/@rolldown/binding-linux-x64-gnu'
66 silly reify ]
67 verbose reify failed optional dependency /Users/mac/Documents/code/credit/node_modules/@rolldown/binding-linux-s390x-gnu
68 silly reify mark deleted [
68 silly reify   '/Users/mac/Documents/code/credit/node_modules/@rolldown/binding-linux-s390x-gnu'
68 silly reify ]
69 verbose reify failed optional dependency /Users/mac/Documents/code/credit/node_modules/@rolldown/binding-linux-ppc64-gnu
70 silly reify mark deleted [
70 silly reify   '/Users/mac/Documents/code/credit/node_modules/@rolldown/binding-linux-ppc64-gnu'
70 silly reify ]
71 verbose reify failed optional dependency /Users/mac/Documents/code/credit/node_modules/@rolldown/binding-linux-arm64-musl
72 silly reify mark deleted [
72 silly reify   '/Users/mac/Documents/code/credit/node_modules/@rolldown/binding-linux-arm64-musl'
72 silly reify ]
73 verbose reify failed optional dependency /Users/mac/Documents/code/credit/node_modules/@rolldown/binding-linux-arm64-gnu
74 silly reify mark deleted [
74 silly reify   '/Users/mac/Documents/code/credit/node_modules/@rolldown/binding-linux-arm64-gnu'
74 silly reify ]
75 verbose reify failed optional dependency /Users/mac/Documents/code/credit/node_modules/@rolldown/binding-linux-arm-gnueabihf
76 silly reify mark deleted [
76 silly reify   '/Users/mac/Documents/code/credit/node_modules/@rolldown/binding-linux-arm-gnueabihf'
76 silly reify ]
77 verbose reify failed optional dependency /Users/mac/Documents/code/credit/node_modules/@rolldown/binding-freebsd-x64
78 silly reify mark deleted [
78 silly reify   '/Users/mac/Documents/code/credit/node_modules/@rolldown/binding-freebsd-x64'
78 silly reify ]
79 verbose reify failed optional dependency /Users/mac/Documents/code/credit/node_modules/@rolldown/binding-darwin-arm64
80 silly reify mark deleted [
80 silly reify   '/Users/mac/Documents/code/credit/node_modules/@rolldown/binding-darwin-arm64'
80 silly reify ]
81 verbose reify failed optional dependency /Users/mac/Documents/code/credit/node_modules/@rolldown/binding-android-arm64
82 silly reify mark deleted [
82 silly reify   '/Users/mac/Documents/code/credit/node_modules/@rolldown/binding-android-arm64'
82 silly reify ]
83 verbose reify failed optional dependency /Users/mac/Documents/code/credit/node_modules/@esbuild/win32-x64
84 silly reify mark deleted [ '/Users/mac/Documents/code/credit/node_modules/@esbuild/win32-x64' ]
85 verbose reify failed optional dependency /Users/mac/Documents/code/credit/node_modules/@esbuild/win32-ia32
86 silly reify mark deleted [ '/Users/mac/Documents/code/credit/node_modules/@esbuild/win32-ia32' ]
87 verbose reify failed optional dependency /Users/mac/Documents/code/credit/node_modules/@esbuild/win32-arm64
88 silly reify mark deleted [
88 silly reify   '/Users/mac/Documents/code/credit/node_modules/@esbuild/win32-arm64'
88 silly reify ]
89 verbose reify failed optional dependency /Users/mac/Documents/code/credit/node_modules/@esbuild/sunos-x64
90 silly reify mark deleted [ '/Users/mac/Documents/code/credit/node_modules/@esbuild/sunos-x64' ]
91 verbose reify failed optional dependency /Users/mac/Documents/code/credit/node_modules/@esbuild/openharmony-arm64
92 silly reify mark deleted [
92 silly reify   '/Users/mac/Documents/code/credit/node_modules/@esbuild/openharmony-arm64'
92 silly reify ]
93 verbose reify failed optional dependency /Users/mac/Documents/code/credit/node_modules/@esbuild/openbsd-x64
94 silly reify mark deleted [
94 silly reify   '/Users/mac/Documents/code/credit/node_modules/@esbuild/openbsd-x64'
94 silly reify ]
95 verbose reify failed optional dependency /Users/mac/Documents/code/credit/node_modules/@esbuild/openbsd-arm64
96 silly reify mark deleted [
96 silly reify   '/Users/mac/Documents/code/credit/node_modules/@esbuild/openbsd-arm64'
96 silly reify ]
97 verbose reify failed optional dependency /Users/mac/Documents/code/credit/node_modules/@esbuild/netbsd-x64
98 silly reify mark deleted [ '/Users/mac/Documents/code/credit/node_modules/@esbuild/netbsd-x64' ]
99 verbose reify failed optional dependency /Users/mac/Documents/code/credit/node_modules/@esbuild/netbsd-arm64
100 silly reify mark deleted [
100 silly reify   '/Users/mac/Documents/code/credit/node_modules/@esbuild/netbsd-arm64'
100 silly reify ]
101 verbose reify failed optional dependency /Users/mac/Documents/code/credit/node_modules/@esbuild/linux-x64
102 silly reify mark deleted [ '/Users/mac/Documents/code/credit/node_modules/@esbuild/linux-x64' ]
103 verbose reify failed optional dependency /Users/mac/Documents/code/credit/node_modules/@esbuild/linux-s390x
104 silly reify mark deleted [
104 silly reify   '/Users/mac/Documents/code/credit/node_modules/@esbuild/linux-s390x'
104 silly reify ]
105 verbose reify failed optional dependency /Users/mac/Documents/code/credit/node_modules/@esbuild/linux-riscv64
106 silly reify mark deleted [
106 silly reify   '/Users/mac/Documents/code/credit/node_modules/@esbuild/linux-riscv64'
106 silly reify ]
107 verbose reify failed optional dependency /Users/mac/Documents/code/credit/node_modules/@esbuild/linux-ppc64
108 silly reify mark deleted [
108 silly reify   '/Users/mac/Documents/code/credit/node_modules/@esbuild/linux-ppc64'
108 silly reify ]
109 verbose reify failed optional dependency /Users/mac/Documents/code/credit/node_modules/@esbuild/linux-mips64el
110 silly reify mark deleted [
110 silly reify   '/Users/mac/Documents/code/credit/node_modules/@esbuild/linux-mips64el'
110 silly reify ]
111 verbose reify failed optional dependency /Users/mac/Documents/code/credit/node_modules/@esbuild/linux-loong64
112 silly reify mark deleted [
112 silly reify   '/Users/mac/Documents/code/credit/node_modules/@esbuild/linux-loong64'
112 silly reify ]
113 verbose reify failed optional dependency /Users/mac/Documents/code/credit/node_modules/@esbuild/linux-ia32
114 silly reify mark deleted [ '/Users/mac/Documents/code/credit/node_modules/@esbuild/linux-ia32' ]
115 verbose reify failed optional dependency /Users/mac/Documents/code/credit/node_modules/@esbuild/linux-arm64
116 silly reify mark deleted [
116 silly reify   '/Users/mac/Documents/code/credit/node_modules/@esbuild/linux-arm64'
116 silly reify ]
117 verbose reify failed optional dependency /Users/mac/Documents/code/credit/node_modules/@esbuild/linux-arm
118 silly reify mark deleted [ '/Users/mac/Documents/code/credit/node_modules/@esbuild/linux-arm' ]
119 verbose reify failed optional dependency /Users/mac/Documents/code/credit/node_modules/@esbuild/freebsd-x64
120 silly reify mark deleted [
120 silly reify   '/Users/mac/Documents/code/credit/node_modules/@esbuild/freebsd-x64'
120 silly reify ]
121 verbose reify failed optional dependency /Users/mac/Documents/code/credit/node_modules/@esbuild/freebsd-arm64
122 silly reify mark deleted [
122 silly reify   '/Users/mac/Documents/code/credit/node_modules/@esbuild/freebsd-arm64'
122 silly reify ]
123 verbose reify failed optional dependency /Users/mac/Documents/code/credit/node_modules/@esbuild/darwin-arm64
124 silly reify mark deleted [
124 silly reify   '/Users/mac/Documents/code/credit/node_modules/@esbuild/darwin-arm64'
124 silly reify ]
125 verbose reify failed optional dependency /Users/mac/Documents/code/credit/node_modules/@esbuild/android-x64
126 silly reify mark deleted [
126 silly reify   '/Users/mac/Documents/code/credit/node_modules/@esbuild/android-x64'
126 silly reify ]
127 verbose reify failed optional dependency /Users/mac/Documents/code/credit/node_modules/@esbuild/android-arm64
128 silly reify mark deleted [
128 silly reify   '/Users/mac/Documents/code/credit/node_modules/@esbuild/android-arm64'
128 silly reify ]
129 verbose reify failed optional dependency /Users/mac/Documents/code/credit/node_modules/@esbuild/android-arm
130 silly reify mark deleted [
130 silly reify   '/Users/mac/Documents/code/credit/node_modules/@esbuild/android-arm'
130 silly reify ]
131 verbose reify failed optional dependency /Users/mac/Documents/code/credit/node_modules/@esbuild/aix-ppc64
132 silly reify mark deleted [ '/Users/mac/Documents/code/credit/node_modules/@esbuild/aix-ppc64' ]
133 http cache @rolldown/binding-darwin-x64@https://registry.npmjs.org/@rolldown/binding-darwin-x64/-/binding-darwin-x64-1.0.0.tgz 0ms (cache hit)
134 http cache fsevents@https://registry.npmjs.org/fsevents/-/fsevents-2.3.3.tgz 0ms (cache hit)
135 http cache tslib@https://registry.npmjs.org/tslib/-/tslib-2.8.1.tgz 0ms (cache hit)
136 http cache @napi-rs/wasm-runtime@https://registry.npmjs.org/@napi-rs/wasm-runtime/-/wasm-runtime-1.1.4.tgz 0ms (cache hit)
137 http cache @tybys/wasm-util@https://registry.npmjs.org/@tybys/wasm-util/-/wasm-util-0.10.2.tgz 0ms (cache hit)
138 http cache @emnapi/core@https://registry.npmjs.org/@emnapi/core/-/core-1.10.0.tgz 0ms (cache hit)
139 http cache @emnapi/runtime@https://registry.npmjs.org/@emnapi/runtime/-/runtime-1.10.0.tgz 0ms (cache hit)
140 http cache @emnapi/wasi-threads@https://registry.npmjs.org/@emnapi/wasi-threads/-/wasi-threads-1.2.1.tgz 0ms (cache hit)
141 silly tarball no local data for @rolldown/binding-darwin-x64@https://registry.npmjs.org/@rolldown/binding-darwin-x64/-/binding-darwin-x64-1.0.0.tgz. Extracting by manifest.
142 silly tarball no local data for fsevents@https://registry.npmjs.org/fsevents/-/fsevents-2.3.3.tgz. Extracting by manifest.
143 silly tarball no local data for tslib@https://registry.npmjs.org/tslib/-/tslib-2.8.1.tgz. Extracting by manifest.
144 silly tarball no local data for @napi-rs/wasm-runtime@https://registry.npmjs.org/@napi-rs/wasm-runtime/-/wasm-runtime-1.1.4.tgz. Extracting by manifest.
145 silly tarball no local data for @tybys/wasm-util@https://registry.npmjs.org/@tybys/wasm-util/-/wasm-util-0.10.2.tgz. Extracting by manifest.
146 silly tarball no local data for @emnapi/core@https://registry.npmjs.org/@emnapi/core/-/core-1.10.0.tgz. Extracting by manifest.
147 silly tarball no local data for @emnapi/runtime@https://registry.npmjs.org/@emnapi/runtime/-/runtime-1.10.0.tgz. Extracting by manifest.
148 silly tarball no local data for @emnapi/wasi-threads@https://registry.npmjs.org/@emnapi/wasi-threads/-/wasi-threads-1.2.1.tgz. Extracting by manifest.
149 http fetch POST 200 https://registry.npmjs.org/-/npm/v1/security/advisories/bulk 529ms
150 silly audit report {
150 silly audit report   postcss: [
150 silly audit report     {
150 silly audit report       id: 1117015,
150 silly audit report       url: 'https://github.com/advisories/GHSA-qx2v-qp2m-jg93',
150 silly audit report       title: 'PostCSS has XSS via Unescaped </style> in its CSS Stringify Output',
150 silly audit report       severity: 'moderate',
150 silly audit report       vulnerable_versions: '<8.5.10',
150 silly audit report       cwe: [Array],
150 silly audit report       cvss: [Object]
150 silly audit report     }
150 silly audit report   ]
150 silly audit report }
151 silly packumentCache corgi:https://registry.npmjs.org/postcss cache-miss
152 http fetch GET 200 https://registry.npmjs.org/fsevents/-/fsevents-2.3.3.tgz 643ms (cache miss)
153 http fetch GET 200 https://registry.npmjs.org/tslib/-/tslib-2.8.1.tgz 644ms (cache miss)
154 http fetch GET 200 https://registry.npmjs.org/@emnapi/wasi-threads/-/wasi-threads-1.2.1.tgz 877ms (cache miss)
155 http fetch GET 200 https://registry.npmjs.org/@emnapi/runtime/-/runtime-1.10.0.tgz 897ms (cache miss)
156 http fetch GET 200 https://registry.npmjs.org/postcss 480ms (cache miss)
157 silly packumentCache corgi:https://registry.npmjs.org/postcss set size:undefined disposed:false
158 silly packumentCache corgi:https://registry.npmjs.org/@expo%2fmetro-config cache-miss
159 http fetch GET 200 https://registry.npmjs.org/@tybys/wasm-util/-/wasm-util-0.10.2.tgz 1333ms (cache miss)
160 http fetch GET 200 https://registry.npmjs.org/@expo%2fmetro-config 958ms (cache miss)
161 silly packumentCache corgi:https://registry.npmjs.org/@expo%2fmetro-config set size:undefined disposed:false
162 silly packumentCache corgi:https://registry.npmjs.org/expo cache-miss
163 silly packumentCache corgi:https://registry.npmjs.org/@expo%2fcli cache-miss
164 http fetch GET 200 https://registry.npmjs.org/@emnapi/core/-/core-1.10.0.tgz 2388ms (cache miss)
165 http fetch GET 200 https://registry.npmjs.org/@expo%2fcli 711ms (cache miss)
166 silly packumentCache corgi:https://registry.npmjs.org/@expo%2fcli set size:undefined disposed:false
167 http fetch GET 200 https://registry.npmjs.org/@rolldown/binding-darwin-x64/-/binding-darwin-x64-1.0.0.tgz 2903ms (cache miss)
168 http fetch GET 200 https://registry.npmjs.org/@napi-rs/wasm-runtime/-/wasm-runtime-1.1.4.tgz 2911ms (cache miss)
169 http fetch GET 200 https://registry.npmjs.org/expo 1563ms (cache miss)
170 silly packumentCache corgi:https://registry.npmjs.org/expo set size:undefined disposed:false
171 silly packumentCache corgi:https://registry.npmjs.org/@expo%2fprebuild-config cache-miss
172 silly packumentCache corgi:https://registry.npmjs.org/babel-preset-expo cache-miss
173 silly packumentCache corgi:https://registry.npmjs.org/expo-asset cache-miss
174 silly packumentCache corgi:https://registry.npmjs.org/expo-constants cache-miss
175 silly packumentCache corgi:https://registry.npmjs.org/expo-file-system cache-miss
176 silly packumentCache corgi:https://registry.npmjs.org/expo-font cache-miss
177 silly packumentCache corgi:https://registry.npmjs.org/expo-keep-awake cache-miss
178 http fetch GET 200 https://registry.npmjs.org/expo-keep-awake 376ms (cache miss)
179 silly packumentCache corgi:https://registry.npmjs.org/expo-keep-awake set size:undefined disposed:false
180 http fetch GET 200 https://registry.npmjs.org/expo-font 476ms (cache miss)
181 silly packumentCache corgi:https://registry.npmjs.org/expo-font set size:undefined disposed:false
182 http fetch GET 200 https://registry.npmjs.org/babel-preset-expo 527ms (cache miss)
183 silly packumentCache corgi:https://registry.npmjs.org/babel-preset-expo set size:undefined disposed:false
184 http fetch GET 200 https://registry.npmjs.org/expo-asset 569ms (cache miss)
185 silly packumentCache corgi:https://registry.npmjs.org/expo-asset set size:undefined disposed:false
186 http fetch GET 200 https://registry.npmjs.org/expo-constants 625ms (cache miss)
187 silly packumentCache corgi:https://registry.npmjs.org/expo-constants set size:undefined disposed:false
188 http fetch GET 200 https://registry.npmjs.org/@expo%2fprebuild-config 670ms (cache miss)
189 silly packumentCache corgi:https://registry.npmjs.org/@expo%2fprebuild-config set size:undefined disposed:false
190 http fetch GET 200 https://registry.npmjs.org/expo-file-system 707ms (cache miss)
191 silly packumentCache corgi:https://registry.npmjs.org/expo-file-system set size:undefined disposed:false
192 silly ADD node_modules/@rolldown/binding-darwin-x64
193 silly ADD
194 silly ADD
195 silly ADD
196 silly ADD
197 silly ADD
198 silly ADD
199 silly ADD
200 silly ADD
201 silly ADD
202 silly ADD
203 silly ADD
204 silly ADD node_modules/fsevents
205 silly ADD
206 silly ADD
207 silly ADD
208 silly ADD
209 silly ADD
210 silly ADD
211 silly ADD
212 silly ADD
213 silly ADD
214 silly ADD
215 silly ADD
216 silly ADD
217 silly ADD
218 silly ADD
219 silly ADD
220 silly ADD
221 silly ADD
222 silly ADD
223 silly ADD
224 silly ADD
225 silly ADD
226 silly ADD
227 silly ADD
228 silly ADD
229 silly ADD
230 silly ADD
231 silly ADD
232 silly ADD
233 silly ADD
234 silly ADD
235 silly ADD
236 silly ADD
237 silly ADD
238 silly ADD
239 silly ADD
240 silly ADD
241 silly ADD
242 silly ADD
243 silly ADD
244 silly ADD
245 silly ADD
246 silly ADD
247 silly ADD
248 silly ADD
249 verbose cwd /Users/mac/Documents/code/credit
250 verbose os Darwin 25.4.0
251 verbose node v22.15.0
252 verbose npm  v10.9.2
253 notice
253 notice New major version of npm available! 10.9.2 -> 11.14.1
253 notice Changelog: https://github.com/npm/cli/releases/tag/v11.14.1
253 notice To update run: npm install -g npm@11.14.1
253 notice  { force: true, [Symbol(proc-log.meta)]: true }
254 verbose exit 0
255 info ok
