0 verbose cli /usr/local/bin/node /usr/local/bin/npm
1 info using npm@10.9.2
2 info using node@v22.15.0
3 silly config load:file:/usr/local/lib/node_modules/npm/npmrc
4 silly config load:file:/Users/mac/Documents/code/credit/.npmrc
5 silly config load:file:/Users/mac/.npmrc
6 silly config load:file:/usr/local/etc/npmrc
7 verbose title npm install
8 verbose argv "install" "--cache" ".npm-cache"
9 verbose logfile logs-max:10 dir:/Users/mac/Documents/code/credit/.npm-cache/_logs/2026-05-11T09_22_22_779Z-
10 verbose logfile /Users/mac/Documents/code/credit/.npm-cache/_logs/2026-05-11T09_22_22_779Z-debug-0.log
11 silly logfile done cleaning log files
12 silly packumentCache heap:4345298944 maxSize:1086324736 maxEntrySize:543162368
13 verbose shrinkwrap failed to load node_modules/.package-lock.json out of date, updated: apps/mobile
14 silly idealTree buildDeps
15 silly fetch manifest react@19.1.0
16 silly packumentCache full:https://registry.npmjs.org/react cache-miss
17 http fetch GET 200 https://registry.npmjs.org/react 3832ms (cache miss)
18 silly packumentCache full:https://registry.npmjs.org/react set size:undefined disposed:false
19 silly fetch manifest react-dom@19.1.0
20 silly packumentCache full:https://registry.npmjs.org/react-dom cache-miss
21 http fetch GET 200 https://registry.npmjs.org/react-dom 1370ms (cache miss)
22 silly packumentCache full:https://registry.npmjs.org/react-dom set size:undefined disposed:false
23 silly fetch manifest @types/react@~19.1.0
24 silly packumentCache full:https://registry.npmjs.org/@types%2freact cache-miss
25 http fetch GET 200 https://registry.npmjs.org/@types%2freact 776ms (cache miss)
26 silly packumentCache full:https://registry.npmjs.org/@types%2freact set size:undefined disposed:false
27 silly fetch manifest @types/react-dom@~19.1.0
28 silly packumentCache full:https://registry.npmjs.org/@types%2freact-dom cache-miss
29 http fetch GET 200 https://registry.npmjs.org/@types%2freact-dom 284ms (cache miss)
30 silly packumentCache full:https://registry.npmjs.org/@types%2freact-dom set size:undefined disposed:false
31 silly placeDep apps/admin @types/react@19.1.17 OK for: admin@0.0.0 want: ~19.1.0
32 silly placeDep apps/admin @types/react-dom@19.1.11 OK for: admin@0.0.0 want: ~19.1.0
33 silly placeDep apps/admin react@19.1.0 OK for: admin@0.0.0 want: 19.1.0
34 silly placeDep apps/admin react-dom@19.1.0 OK for: admin@0.0.0 want: 19.1.0
35 silly fetch manifest scheduler@^0.26.0
36 silly packumentCache full:https://registry.npmjs.org/scheduler cache-miss
37 http fetch GET 200 https://registry.npmjs.org/scheduler 1044ms (cache miss)
38 silly packumentCache full:https://registry.npmjs.org/scheduler set size:undefined disposed:false
39 silly placeDep apps/admin scheduler@0.26.0 OK for: react-dom@19.1.0 want: ^0.26.0
40 silly reify mark retired [ '/Users/mac/Documents/code/credit/node_modules/react-dom' ]
41 silly reify mark retired [ '/Users/mac/Documents/code/credit/node_modules/scheduler' ]
42 silly reify mark retired [ '/Users/mac/Documents/code/credit/node_modules/@types/react-dom' ]
43 silly reify moves {
43 silly reify   '/Users/mac/Documents/code/credit/node_modules/react-dom': '/Users/mac/Documents/code/credit/node_modules/.react-dom-vgc8LMM5',
43 silly reify   '/Users/mac/Documents/code/credit/node_modules/scheduler': '/Users/mac/Documents/code/credit/node_modules/.scheduler-KQZ8CUE5',
43 silly reify   '/Users/mac/Documents/code/credit/node_modules/@types/react-dom': '/Users/mac/Documents/code/credit/node_modules/@types/.react-dom-Gb92QLZn'
43 silly reify }
44 silly audit bulk request {
44 silly audit   admin: [ '0.0.0' ],
44 silly audit   api: [ '1.0.0' ],
44 silly audit   typescript: [ '5.9.3', '6.0.3' ],
44 silly audit   mobile: [ '1.0.0' ],
44 silly audit   '@0no-co/graphql.web': [ '1.2.0' ],
44 silly audit   '@babel/code-frame': [ '7.10.4', '7.29.0' ],
44 silly audit   '@babel/helper-annotate-as-pure': [ '7.27.3' ],
44 silly audit   '@babel/helper-create-class-features-plugin': [ '7.29.3' ],
44 silly audit   semver: [ '6.3.1', '7.8.0' ],
44 silly audit   '@babel/helper-create-regexp-features-plugin': [ '7.28.5' ],
44 silly audit   '@babel/helper-define-polyfill-provider': [ '0.6.8' ],
44 silly audit   '@babel/helper-member-expression-to-functions': [ '7.28.5' ],
44 silly audit   '@babel/helper-optimise-call-expression': [ '7.27.1' ],
44 silly audit   '@babel/helper-remap-async-to-generator': [ '7.27.1' ],
44 silly audit   '@babel/helper-replace-supers': [ '7.28.6' ],
44 silly audit   '@babel/helper-skip-transparent-expression-wrappers': [ '7.27.1' ],
44 silly audit   '@babel/helper-wrap-function': [ '7.28.6' ],
44 silly audit   '@babel/highlight': [ '7.25.9' ],
44 silly audit   '@babel/plugin-proposal-decorators': [ '7.29.0' ],
44 silly audit   '@babel/plugin-proposal-export-default-from': [ '7.27.1' ],
44 silly audit   '@babel/plugin-syntax-decorators': [ '7.28.6' ],
44 silly audit   '@babel/plugin-syntax-dynamic-import': [ '7.8.3' ],
44 silly audit   '@babel/plugin-syntax-export-default-from': [ '7.28.6' ],
44 silly audit   '@babel/plugin-syntax-flow': [ '7.28.6' ],
44 silly audit   '@babel/plugin-syntax-jsx': [ '7.28.6' ],
44 silly audit   '@babel/plugin-syntax-typescript': [ '7.28.6' ],
44 silly audit   '@babel/plugin-transform-arrow-functions': [ '7.27.1' ],
44 silly audit   '@babel/plugin-transform-async-generator-functions': [ '7.29.0' ],
44 silly audit   '@babel/plugin-transform-async-to-generator': [ '7.28.6' ],
44 silly audit   '@babel/plugin-transform-block-scoping': [ '7.28.6' ],
44 silly audit   '@babel/plugin-transform-class-properties': [ '7.28.6' ],
44 silly audit   '@babel/plugin-transform-class-static-block': [ '7.28.6' ],
44 silly audit   '@babel/plugin-transform-classes': [ '7.28.6' ],
44 silly audit   '@babel/plugin-transform-computed-properties': [ '7.28.6' ],
44 silly audit   '@babel/plugin-transform-destructuring': [ '7.28.5' ],
44 silly audit   '@babel/plugin-transform-export-namespace-from': [ '7.27.1' ],
44 silly audit   '@babel/plugin-transform-flow-strip-types': [ '7.27.1' ],
44 silly audit   '@babel/plugin-transform-for-of': [ '7.27.1' ],
44 silly audit   '@babel/plugin-transform-function-name': [ '7.27.1' ],
44 silly audit   '@babel/plugin-transform-literals': [ '7.27.1' ],
44 silly audit   '@babel/plugin-transform-logical-assignment-operators': [ '7.28.6' ],
44 silly audit   '@babel/plugin-transform-modules-commonjs': [ '7.28.6' ],
44 silly audit   '@babel/plugin-transform-named-capturing-groups-regex': [ '7.29.0' ],
44 silly audit   '@babel/plugin-transform-nullish-coalescing-operator': [ '7.28.6' ],
44 silly audit   '@babel/plugin-transform-numeric-separator': [ '7.28.6' ],
44 silly audit   '@babel/plugin-transform-object-rest-spread': [ '7.28.6' ],
44 silly audit   '@babel/plugin-transform-optional-catch-binding': [ '7.28.6' ],
44 silly audit   '@babel/plugin-transform-optional-chaining': [ '7.28.6' ],
44 silly audit   '@babel/plugin-transform-parameters': [ '7.27.7' ],
44 silly audit   '@babel/plugin-transform-private-methods': [ '7.28.6' ],
44 silly audit   '@babel/plugin-transform-private-property-in-object': [ '7.28.6' ],
44 silly audit   '@babel/plugin-transform-react-display-name': [ '7.28.0' ],
44 silly audit   '@babel/plugin-transform-react-jsx': [ '7.28.6' ],
44 silly audit   '@babel/plugin-transform-react-jsx-development': [ '7.27.1' ],
44 silly audit   '@babel/plugin-transform-react-jsx-self': [ '7.27.1' ],
44 silly audit   '@babel/plugin-transform-react-jsx-source': [ '7.27.1' ],
44 silly audit   '@babel/plugin-transform-react-pure-annotations': [ '7.27.1' ],
44 silly audit   '@babel/plugin-transform-regenerator': [ '7.29.0' ],
44 silly audit   '@babel/plugin-transform-runtime': [ '7.29.0' ],
44 silly audit   '@babel/plugin-transform-shorthand-properties': [ '7.27.1' ],
44 silly audit   '@babel/plugin-transform-spread': [ '7.28.6' ],
44 silly audit   '@babel/plugin-transform-sticky-regex': [ '7.27.1' ],
44 silly audit   '@babel/plugin-transform-typescript': [ '7.28.6' ],
44 silly audit   '@babel/plugin-transform-unicode-regex': [ '7.27.1' ],
44 silly audit   '@babel/preset-react': [ '7.28.5' ],
44 silly audit   '@babel/preset-typescript': [ '7.28.5' ],
44 silly audit   '@babel/traverse': [ '7.29.0' ],
44 silly audit   '@expo/code-signing-certificates': [ '0.0.6' ],
44 silly audit   '@expo/config': [ '12.0.13' ],
44 silly audit   '@expo/config-plugins': [ '54.0.4' ],
44 silly audit   'ansi-styles': [ '4.3.0', '3.2.1', '5.2.0' ],
44 silly audit   chalk: [ '4.1.2', '2.4.2' ],
44 silly audit   'color-convert': [ '2.0.1', '1.9.3' ],
44 silly audit   'color-name': [ '1.1.4', '1.1.3' ],
44 silly audit   'has-flag': [ '4.0.0', '3.0.0' ],
44 silly audit   'supports-color': [ '7.2.0', '5.5.0', '8.1.1' ],
44 silly audit   '@expo/config-types': [ '54.0.10' ],
44 silly audit   '@expo/devcert': [ '1.2.1' ],
44 silly audit   debug: [ '3.2.7', '2.6.9', '4.4.3' ],
44 silly audit   '@expo/devtools': [ '0.1.8' ],
44 silly audit   '@expo/env': [ '2.0.11' ],
44 silly audit   '@expo/fingerprint': [ '0.15.5' ],
44 silly audit   '@expo/image-utils': [ '0.8.14' ],
44 silly audit   '@expo/json-file': [ '10.0.14' ],
44 silly audit   '@expo/metro': [ '54.2.0' ],
44 silly audit   '@expo/osascript': [ '2.4.3' ],
44 silly audit   '@expo/package-manager': [ '1.10.5' ],
44 silly audit   '@expo/plist': [ '0.4.8' ],
44 silly audit   '@expo/require-utils': [ '55.0.5' ],
44 silly audit   '@expo/schema-utils': [ '0.1.8' ],
44 silly audit   '@expo/sdk-runtime-versions': [ '1.0.0' ],
44 silly audit   '@expo/spawn-async': [ '1.7.2' ],
44 silly audit   '@expo/sudo-prompt': [ '9.3.2' ],
44 silly audit   '@expo/ws-tunnel': [ '1.0.6' ],
44 silly audit   '@expo/xcpretty': [ '4.4.4' ],
44 silly audit   argparse: [ '2.0.1', '1.0.10' ],
44 silly audit   'js-yaml': [ '4.1.1', '3.14.2' ],
44 silly audit   '@isaacs/fs-minipass': [ '4.0.1' ],
44 silly audit   '@react-native/babel-plugin-codegen': [ '0.81.5' ],
44 silly audit   '@react-native/babel-preset': [ '0.81.5' ],
44 silly audit   '@types/react': [ '19.1.17', '19.2.14' ],
44 silly audit   '@ungap/structured-clone': [ '1.3.1' ],
44 silly audit   '@urql/core': [ '5.2.0' ],
44 silly audit   '@urql/exchange-retry': [ '1.3.2' ],
44 silly audit   '@xmldom/xmldom': [ '0.8.13', '0.9.10' ],
44 silly audit   accepts: [ '1.3.8', '2.0.0' ],
44 silly audit   'ansi-escapes': [ '4.3.2' ],
44 silly audit   'type-fest': [ '0.21.3', '0.7.1' ],
44 silly audit   'any-promise': [ '1.3.0' ],
44 silly audit   arg: [ '5.0.2' ],
44 silly audit   'babel-plugin-polyfill-corejs2': [ '0.4.17' ],
44 silly audit   'babel-plugin-polyfill-corejs3': [ '0.13.0' ],
44 silly audit   'babel-plugin-polyfill-regenerator': [ '0.6.8' ],
44 silly audit   'babel-plugin-react-compiler': [ '1.0.0' ],
44 silly audit   'babel-plugin-react-native-web': [ '0.21.2' ],
44 silly audit   'babel-plugin-transform-flow-enums': [ '0.0.2' ],
44 silly audit   'better-opn': [ '3.0.2' ],
44 silly audit   open: [ '8.4.2', '7.4.2' ],
44 silly audit   'big-integer': [ '1.6.52' ],
44 silly audit   'bplist-creator': [ '0.1.0' ],
44 silly audit   'bplist-parser': [ '0.3.1' ],
44 silly audit   buffer: [ '5.7.1' ],
44 silly audit   chownr: [ '3.0.0' ],
44 silly audit   'ci-info': [ '2.0.0', '3.9.0' ],
44 silly audit   'cli-cursor': [ '2.1.0' ],
44 silly audit   'cli-spinners': [ '2.9.2' ],
44 silly audit   clone: [ '1.0.4' ],
44 silly audit   commander: [ '7.2.0', '4.1.1', '12.1.0', '2.20.3' ],
44 silly audit   compressible: [ '2.0.18' ],
44 silly audit   compression: [ '1.8.1' ],
44 silly audit   ms: [ '2.0.0', '2.1.3' ],
44 silly audit   negotiator: [ '0.6.4', '0.6.3', '1.0.0' ],
44 silly audit   'core-js-compat': [ '3.49.0' ],
44 silly audit   'deep-extend': [ '0.6.0' ],
44 silly audit   deepmerge: [ '4.3.1' ],
44 silly audit   defaults: [ '1.0.4' ],
44 silly audit   'define-lazy-prop': [ '2.0.0' ],
44 silly audit   dotenv: [ '16.4.7' ],
44 silly audit   'dotenv-expand': [ '11.0.7' ],
44 silly audit   'env-editor': [ '0.4.2' ],
44 silly audit   'escape-string-regexp': [ '1.0.5', '4.0.0', '2.0.0' ],
44 silly audit   expo: [ '54.0.34' ],
44 silly audit   'expo-modules-autolinking': [ '3.0.25' ],
44 silly audit   'expo-modules-core': [ '3.0.30' ],
44 silly audit   'expo-server': [ '1.0.6' ],
44 silly audit   'expo-status-bar': [ '3.0.9' ],
44 silly audit   '@expo/cli': [ '54.0.24' ],
44 silly audit   '@expo/prebuild-config': [ '54.0.8' ],
44 silly audit   '@expo/metro-config': [ '54.0.15' ],
44 silly audit   '@expo/vector-icons': [ '15.1.1' ],
44 silly audit   'babel-preset-expo': [ '54.0.10' ],
44 silly audit   'balanced-match': [ '1.0.2', '4.0.4' ],
44 silly audit   'brace-expansion': [ '2.1.0', '5.0.6', '1.1.14' ],
44 silly audit   'expo-asset': [ '12.0.13' ],
44 silly audit   'expo-constants': [ '18.0.13' ],
44 silly audit   'expo-file-system': [ '19.0.22' ],
44 silly audit   'expo-font': [ '14.0.11' ],
44 silly audit   'expo-keep-awake': [ '15.0.8' ],
44 silly audit   'hermes-estree': [ '0.29.1', '0.32.0', '0.25.1', '0.35.0' ],
44 silly audit   'hermes-parser': [ '0.29.1', '0.32.0', '0.25.1', '0.35.0' ],
44 silly audit   minimatch: [ '9.0.9', '3.1.5', '10.2.5' ],
44 silly audit   picomatch: [ '4.0.4', '2.3.2' ],
44 silly audit   ws: [ '8.20.0', '7.5.10', '6.2.3' ],
44 silly audit   fontfaceobserver: [ '2.3.0' ],
44 silly audit   'freeport-async': [ '2.0.0' ],
44 silly audit   fresh: [ '0.5.2', '2.0.0' ],
44 silly audit   getenv: [ '2.0.0' ],
44 silly audit   glob: [ '13.0.6', '7.2.3' ],
44 silly audit   'hosted-git-info': [ '7.0.2' ],
44 silly audit   'lru-cache': [ '10.4.3', '11.3.6', '5.1.1' ],
44 silly audit   ieee754: [ '1.2.1' ],
44 silly audit   ini: [ '1.3.8' ],
44 silly audit   'is-core-module': [ '2.16.2' ],
44 silly audit   'jimp-compact': [ '0.16.1' ],
44 silly audit   kleur: [ '3.0.3' ],
44 silly audit   'lan-network': [ '0.2.1' ],
44 silly audit   'lines-and-columns': [ '1.2.4' ],
44 silly audit   'lodash.debounce': [ '4.0.8' ],
44 silly audit   'log-symbols': [ '2.2.0' ],
44 silly audit   metro: [ '0.83.3', '0.83.7' ],
44 silly audit   'metro-babel-transformer': [ '0.83.3', '0.83.7' ],
44 silly audit   'metro-cache': [ '0.83.3', '0.83.7' ],
44 silly audit   'metro-cache-key': [ '0.83.3', '0.83.7' ],
44 silly audit   'metro-config': [ '0.83.3', '0.83.7' ],
44 silly audit   'metro-core': [ '0.83.3', '0.83.7' ],
44 silly audit   'metro-file-map': [ '0.83.3', '0.83.7' ],
44 silly audit   'metro-minify-terser': [ '0.83.3', '0.83.7' ],
44 silly audit   'metro-resolver': [ '0.83.3', '0.83.7' ],
44 silly audit   'metro-runtime': [ '0.83.3', '0.83.7' ],
44 silly audit   'metro-source-map': [ '0.83.3', '0.83.7' ],
44 silly audit   'metro-symbolicate': [ '0.83.3', '0.83.7' ],
44 silly audit   'metro-transform-plugins': [ '0.83.3', '0.83.7' ],
44 silly audit   'metro-transform-worker': [ '0.83.3', '0.83.7' ],
44 silly audit   'mime-db': [ '1.52.0', '1.54.0' ],
44 silly audit   'mime-types': [ '2.1.35', '3.0.2' ],
44 silly audit   'mimic-fn': [ '1.2.0' ],
44 silly audit   minimist: [ '1.2.8' ],
44 silly audit   minipass: [ '7.1.3' ],
44 silly audit   minizlib: [ '3.1.0' ],
44 silly audit   mz: [ '2.7.0' ],
44 silly audit   'nested-error-stacks': [ '2.0.1' ],
44 silly audit   'node-forge': [ '1.4.0' ],
44 silly audit   'npm-package-arg': [ '11.0.3' ],
44 silly audit   ob1: [ '0.83.3', '0.83.7' ],
44 silly audit   'on-headers': [ '1.1.0' ],
44 silly audit   onetime: [ '2.0.1' ],
44 silly audit   ora: [ '3.4.0' ],
44 silly audit   'ansi-regex': [ '4.1.1', '5.0.1' ],
44 silly audit   'strip-ansi': [ '5.2.0', '6.0.1' ],
44 silly audit   'parse-png': [ '2.1.0' ],
44 silly audit   'path-parse': [ '1.0.7' ],
44 silly audit   'path-scurry': [ '2.0.2' ],
44 silly audit   plist: [ '3.1.1' ],
44 silly audit   pngjs: [ '3.4.0' ],
44 silly audit   postcss: [ '8.4.49', '8.5.14' ],
44 silly audit   'pretty-bytes': [ '5.6.0' ],
44 silly audit   'proc-log': [ '4.2.0' ],
44 silly audit   progress: [ '2.0.3' ],
44 silly audit   prompts: [ '2.4.2' ],
44 silly audit   'qrcode-terminal': [ '0.11.0' ],
44 silly audit   rc: [ '1.2.8' ],
44 silly audit   react: [ '19.1.0', '19.2.6' ],
44 silly audit   'react-native-is-edge-to-edge': [ '1.3.1' ],
44 silly audit   regenerate: [ '1.4.2' ],
44 silly audit   'regenerate-unicode-properties': [ '10.2.2' ],
44 silly audit   'regexpu-core': [ '6.4.0' ],
44 silly audit   regjsgen: [ '0.8.0' ],
44 silly audit   regjsparser: [ '0.13.1' ],
44 silly audit   'require-from-string': [ '2.0.2' ],
44 silly audit   requireg: [ '0.2.2' ],
44 silly audit   resolve: [ '1.7.1', '1.22.12' ],
44 silly audit   'resolve-workspace-root': [ '2.0.1' ],
44 silly audit   'resolve.exports': [ '2.0.3' ],
44 silly audit   'restore-cursor': [ '2.0.0' ],
44 silly audit   'safe-buffer': [ '5.2.1' ],
44 silly audit   sax: [ '1.6.0' ],
44 silly audit   send: [ '0.19.2', '1.2.1' ],
44 silly audit   encodeurl: [ '2.0.0', '1.0.2' ],
44 silly audit   'on-finished': [ '2.4.1', '2.3.0' ],
44 silly audit   statuses: [ '2.0.2', '1.5.0' ],
44 silly audit   'simple-plist': [ '1.3.1' ],
44 silly audit   sisteransi: [ '1.0.5' ],
44 silly audit   slugify: [ '1.6.9' ],
44 silly audit   'stream-buffers': [ '2.2.0' ],
44 silly audit   'strip-json-comments': [ '2.0.1' ],
44 silly audit   'structured-headers': [ '0.4.1' ],
44 silly audit   sucrase: [ '3.35.1' ],
44 silly audit   'supports-hyperlinks': [ '2.3.0' ],
44 silly audit   'supports-preserve-symlinks-flag': [ '1.0.0' ],
44 silly audit   tar: [ '7.5.15' ],
44 silly audit   yallist: [ '5.0.0', '3.1.1' ],
44 silly audit   'terminal-link': [ '2.1.1' ],
44 silly audit   thenify: [ '3.3.1' ],
44 silly audit   'thenify-all': [ '1.6.0' ],
44 silly audit   'ts-interface-checker': [ '0.1.13' ],
44 silly audit   undici: [ '6.25.0' ],
44 silly audit   'unicode-canonical-property-names-ecmascript': [ '2.0.1' ],
44 silly audit   'unicode-match-property-ecmascript': [ '2.0.0' ],
44 silly audit   'unicode-match-property-value-ecmascript': [ '2.2.1' ],
44 silly audit   'unicode-property-aliases-ecmascript': [ '2.2.0' ],
44 silly audit   uuid: [ '7.0.3' ],
44 silly audit   'validate-npm-package-name': [ '5.0.1' ],
44 silly audit   wcwidth: [ '1.0.1' ],
44 silly audit   'webidl-conversions': [ '5.0.0' ],
44 silly audit   'whatwg-url-without-unicode': [ '8.0.0-3' ],
44 silly audit   wonka: [ '6.3.6' ],
44 silly audit   xcode: [ '3.0.1' ],
44 silly audit   xml2js: [ '0.6.0' ],
44 silly audit   xmlbuilder: [ '11.0.1', '15.1.1' ],
44 silly audit   '@babel/compat-data': [ '7.29.3' ],
44 silly audit   '@babel/core': [ '7.29.0' ],
44 silly audit   '@babel/generator': [ '7.29.1' ],
44 silly audit   '@babel/helper-compilation-targets': [ '7.28.6' ],
44 silly audit   '@babel/helper-globals': [ '7.28.0' ],
44 silly audit   '@babel/helper-module-imports': [ '7.28.6' ],
44 silly audit   '@babel/helper-module-transforms': [ '7.28.6' ],
44 silly audit   '@babel/helper-plugin-utils': [ '7.28.6' ],
44 silly audit   '@babel/helper-string-parser': [ '7.27.1' ],
44 silly audit   '@babel/helper-validator-identifier': [ '7.28.5' ],
44 silly audit   '@babel/helper-validator-option': [ '7.27.1' ],
44 silly audit   '@babel/helpers': [ '7.29.2' ],
44 silly audit   '@babel/parser': [ '7.29.3' ],
44 silly audit   '@babel/plugin-syntax-async-generators': [ '7.8.4' ],
44 silly audit   '@babel/plugin-syntax-bigint': [ '7.8.3' ],
44 silly audit   '@babel/plugin-syntax-class-properties': [ '7.12.13' ],
44 silly audit   '@babel/plugin-syntax-class-static-block': [ '7.14.5' ],
44 silly audit   '@babel/plugin-syntax-import-attributes': [ '7.28.6' ],
44 silly audit   '@babel/plugin-syntax-import-meta': [ '7.10.4' ],
44 silly audit   '@babel/plugin-syntax-json-strings': [ '7.8.3' ],
44 silly audit   '@babel/plugin-syntax-logical-assignment-operators': [ '7.10.4' ],
44 silly audit   '@babel/plugin-syntax-nullish-coalescing-operator': [ '7.8.3' ],
44 silly audit   '@babel/plugin-syntax-numeric-separator': [ '7.10.4' ],
44 silly audit   '@babel/plugin-syntax-object-rest-spread': [ '7.8.3' ],
44 silly audit   '@babel/plugin-syntax-optional-catch-binding': [ '7.8.3' ],
44 silly audit   '@babel/plugin-syntax-optional-chaining': [ '7.8.3' ],
44 silly audit   '@babel/plugin-syntax-private-property-in-object': [ '7.14.5' ],
44 silly audit   '@babel/plugin-syntax-top-level-await': [ '7.14.5' ],
44 silly audit   '@babel/runtime': [ '7.29.2' ],
44 silly audit   '@babel/template': [ '7.28.6' ],
44 silly audit   '@babel/types': [ '7.29.0' ],
44 silly audit   '@egjs/hammerjs': [ '2.0.17' ],
44 silly audit   '@emnapi/core': [ '1.10.0' ],
44 silly audit   '@emnapi/runtime': [ '1.10.0' ],
44 silly audit   '@emnapi/wasi-threads': [ '1.2.1' ],
44 silly audit   '@esbuild/aix-ppc64': [ '0.27.7' ],
44 silly audit   '@esbuild/android-arm': [ '0.27.7' ],
44 silly audit   '@esbuild/android-arm64': [ '0.27.7' ],
44 silly audit   '@esbuild/android-x64': [ '0.27.7' ],
44 silly audit   '@esbuild/darwin-arm64': [ '0.27.7' ],
44 silly audit   '@esbuild/darwin-x64': [ '0.27.7' ],
44 silly audit   '@esbuild/freebsd-arm64': [ '0.27.7' ],
44 silly audit   '@esbuild/freebsd-x64': [ '0.27.7' ],
44 silly audit   '@esbuild/linux-arm': [ '0.27.7' ],
44 silly audit   '@esbuild/linux-arm64': [ '0.27.7' ],
44 silly audit   '@esbuild/linux-ia32': [ '0.27.7' ],
44 silly audit   '@esbuild/linux-loong64': [ '0.27.7' ],
44 silly audit   '@esbuild/linux-mips64el': [ '0.27.7' ],
44 silly audit   '@esbuild/linux-ppc64': [ '0.27.7' ],
44 silly audit   '@esbuild/linux-riscv64': [ '0.27.7' ],
44 silly audit   '@esbuild/linux-s390x': [ '0.27.7' ],
44 silly audit   '@esbuild/linux-x64': [ '0.27.7' ],
44 silly audit   '@esbuild/netbsd-arm64': [ '0.27.7' ],
44 silly audit   '@esbuild/netbsd-x64': [ '0.27.7' ],
44 silly audit   '@esbuild/openbsd-arm64': [ '0.27.7' ],
44 silly audit   '@esbuild/openbsd-x64': [ '0.27.7' ],
44 silly audit   '@esbuild/openharmony-arm64': [ '0.27.7' ],
44 silly audit   '@esbuild/sunos-x64': [ '0.27.7' ],
44 silly audit   '@esbuild/win32-arm64': [ '0.27.7' ],
44 silly audit   '@esbuild/win32-ia32': [ '0.27.7' ],
44 silly audit   '@esbuild/win32-x64': [ '0.27.7' ],
44 silly audit   '@eslint-community/eslint-utils': [ '4.9.1' ],
44 silly audit   'eslint-visitor-keys': [ '3.4.3', '5.0.1' ],
44 silly audit   '@eslint-community/regexpp': [ '4.12.2' ],
44 silly audit   '@eslint/config-array': [ '0.23.5' ],
44 silly audit   '@eslint/config-helpers': [ '0.5.5' ],
44 silly audit   '@eslint/core': [ '1.2.1' ],
44 silly audit   '@eslint/js': [ '10.0.1' ],
44 silly audit   '@eslint/object-schema': [ '3.0.5' ],
44 silly audit   '@eslint/plugin-kit': [ '0.7.1' ],
44 silly audit   '@humanfs/core': [ '0.19.2' ],
44 silly audit   '@humanfs/node': [ '0.16.8' ],
44 silly audit   '@humanfs/types': [ '0.15.0' ],
44 silly audit   '@humanwhocodes/module-importer': [ '1.0.1' ],
44 silly audit   '@humanwhocodes/retry': [ '0.4.3' ],
44 silly audit   '@isaacs/ttlcache': [ '1.4.1' ],
44 silly audit   '@istanbuljs/load-nyc-config': [ '1.1.0' ],
44 silly audit   'find-up': [ '4.1.0', '5.0.0' ],
44 silly audit   'locate-path': [ '5.0.0', '6.0.0' ],
44 silly audit   'p-limit': [ '2.3.0', '3.1.0' ],
44 silly audit   'p-locate': [ '4.1.0', '5.0.0' ],
44 silly audit   '@istanbuljs/schema': [ '0.1.6' ],
44 silly audit   '@jest/create-cache-key-function': [ '29.7.0' ],
44 silly audit   '@jest/environment': [ '29.7.0' ],
44 silly audit   '@jest/fake-timers': [ '29.7.0' ],
44 silly audit   '@jest/schemas': [ '29.6.3' ],
44 silly audit   '@jest/transform': [ '29.7.0' ],
44 silly audit   '@jest/types': [ '29.6.3' ],
44 silly audit   '@jridgewell/gen-mapping': [ '0.3.13' ],
44 silly audit   '@jridgewell/remapping': [ '2.3.5' ],
44 silly audit   '@jridgewell/resolve-uri': [ '3.1.2' ],
44 silly audit   '@jridgewell/source-map': [ '0.3.11' ],
44 silly audit   '@jridgewell/sourcemap-codec': [ '1.5.5' ],
44 silly audit   '@jridgewell/trace-mapping': [ '0.3.31' ],
44 silly audit   '@napi-rs/wasm-runtime': [ '1.1.4' ],
44 silly audit   '@oxc-project/types': [ '0.129.0' ],
44 silly audit   '@react-native/assets-registry': [ '0.81.5' ],
44 silly audit   '@react-native/codegen': [ '0.81.5' ],
44 silly audit   '@react-native/community-cli-plugin': [ '0.81.5' ],
44 silly audit   '@react-native/debugger-frontend': [ '0.81.5' ],
44 silly audit   '@react-native/dev-middleware': [ '0.81.5' ],
44 silly audit   'serve-static': [ '1.16.3', '2.2.1' ],
44 silly audit   '@react-native/gradle-plugin': [ '0.81.5' ],
44 silly audit   '@react-native/js-polyfills': [ '0.81.5' ],
44 silly audit   '@react-native/normalize-colors': [ '0.81.5' ],
44 silly audit   '@react-native/virtualized-lists': [ '0.81.5' ],
44 silly audit   '@react-navigation/bottom-tabs': [ '7.15.13' ],
44 silly audit   '@react-navigation/core': [ '7.17.4' ],
44 silly audit   '@react-navigation/elements': [ '2.9.17' ],
44 silly audit   '@react-navigation/native': [ '7.2.4' ],
44 silly audit   '@react-navigation/native-stack': [ '7.14.14' ],
44 silly audit   '@react-navigation/routers': [ '7.5.5' ],
44 silly audit   '@rolldown/binding-android-arm64': [ '1.0.0' ],
44 silly audit   '@rolldown/binding-darwin-arm64': [ '1.0.0' ],
44 silly audit   '@rolldown/binding-darwin-x64': [ '1.0.0' ],
44 silly audit   '@rolldown/binding-freebsd-x64': [ '1.0.0' ],
44 silly audit   '@rolldown/binding-linux-arm-gnueabihf': [ '1.0.0' ],
44 silly audit   '@rolldown/binding-linux-arm64-gnu': [ '1.0.0' ],
44 silly audit   '@rolldown/binding-linux-arm64-musl': [ '1.0.0' ],
44 silly audit   '@rolldown/binding-linux-ppc64-gnu': [ '1.0.0' ],
44 silly audit   '@rolldown/binding-linux-s390x-gnu': [ '1.0.0' ],
44 silly audit   '@rolldown/binding-linux-x64-gnu': [ '1.0.0' ],
44 silly audit   '@rolldown/binding-linux-x64-musl': [ '1.0.0' ],
44 silly audit   '@rolldown/binding-openharmony-arm64': [ '1.0.0' ],
44 silly audit   '@rolldown/binding-wasm32-wasi': [ '1.0.0' ],
44 silly audit   '@rolldown/binding-win32-arm64-msvc': [ '1.0.0' ],
44 silly audit   '@rolldown/binding-win32-x64-msvc': [ '1.0.0' ],
44 silly audit   '@rolldown/pluginutils': [ '1.0.0-rc.7', '1.0.0' ],
44 silly audit   '@sinclair/typebox': [ '0.27.10' ],
44 silly audit   '@sinonjs/commons': [ '3.0.1' ],
44 silly audit   '@sinonjs/fake-timers': [ '10.3.0' ],
44 silly audit   '@tybys/wasm-util': [ '0.10.2' ],
44 silly audit   '@types/babel__core': [ '7.20.5' ],
44 silly audit   '@types/babel__generator': [ '7.27.0' ],
44 silly audit   '@types/babel__template': [ '7.4.4' ],
44 silly audit   '@types/babel__traverse': [ '7.28.0' ],
44 silly audit   '@types/body-parser': [ '1.19.6' ],
44 silly audit   '@types/connect': [ '3.4.38' ],
44 silly audit   '@types/cors': [ '2.8.19' ],
44 silly audit   '@types/esrecurse': [ '4.3.1' ],
44 silly audit   '@types/estree': [ '1.0.9' ],
44 silly audit   '@types/express': [ '5.0.6' ],
44 silly audit   '@types/express-serve-static-core': [ '5.1.1' ],
44 silly audit   '@types/graceful-fs': [ '4.1.9' ],
44 silly audit   '@types/hammerjs': [ '2.0.46' ],
44 silly audit   '@types/http-errors': [ '2.0.5' ],
44 silly audit   '@types/istanbul-lib-coverage': [ '2.0.6' ],
44 silly audit   '@types/istanbul-lib-report': [ '3.0.3' ],
44 silly audit   '@types/istanbul-reports': [ '3.0.4' ],
44 silly audit   '@types/json-schema': [ '7.0.15' ],
44 silly audit   '@types/node': [ '24.12.3' ],
44 silly audit   '@types/qs': [ '6.15.1' ],
44 silly audit   '@types/range-parser': [ '1.2.7' ],
44 silly audit   '@types/react-dom': [ '19.1.11' ],
44 silly audit   '@types/react-test-renderer': [ '19.1.0' ],
44 silly audit   '@types/send': [ '1.2.1' ],
44 silly audit   '@types/serve-static': [ '2.2.0' ],
44 silly audit   '@types/stack-utils': [ '2.0.3' ],
44 silly audit   '@types/yargs': [ '17.0.35' ],
44 silly audit   '@types/yargs-parser': [ '21.0.3' ],
44 silly audit   '@typescript-eslint/eslint-plugin': [ '8.59.2' ],
44 silly audit   ignore: [ '7.0.5', '5.3.2' ],
44 silly audit   '@typescript-eslint/parser': [ '8.59.2' ],
44 silly audit   '@typescript-eslint/project-service': [ '8.59.2' ],
44 silly audit   '@typescript-eslint/scope-manager': [ '8.59.2' ],
44 silly audit   '@typescript-eslint/tsconfig-utils': [ '8.59.2' ],
44 silly audit   '@typescript-eslint/type-utils': [ '8.59.2' ],
44 silly audit   '@typescript-eslint/types': [ '8.59.2' ],
44 silly audit   '@typescript-eslint/typescript-estree': [ '8.59.2' ],
44 silly audit   '@typescript-eslint/utils': [ '8.59.2' ],
44 silly audit   '@typescript-eslint/visitor-keys': [ '8.59.2' ],
44 silly audit   '@vitejs/plugin-react': [ '6.0.1' ],
44 silly audit   'abort-controller': [ '3.0.0' ],
44 silly audit   acorn: [ '8.16.0' ],
44 silly audit   'acorn-jsx': [ '5.3.2' ],
44 silly audit   'agent-base': [ '7.1.4' ],
44 silly audit   ajv: [ '6.15.0' ],
44 silly audit   anser: [ '1.4.10' ],
44 silly audit   anymatch: [ '3.1.3' ],
44 silly audit   asap: [ '2.0.6' ],
44 silly audit   'async-limiter': [ '1.0.1' ],
44 silly audit   'babel-jest': [ '29.7.0' ],
44 silly audit   'babel-plugin-istanbul': [ '6.1.1' ],
44 silly audit   'babel-plugin-jest-hoist': [ '29.6.3' ],
44 silly audit   'babel-plugin-syntax-hermes-parser': [ '0.29.1' ],
44 silly audit   'babel-preset-current-node-syntax': [ '1.2.0' ],
44 silly audit   'babel-preset-jest': [ '29.6.3' ],
44 silly audit   'base64-js': [ '1.5.1' ],
44 silly audit   'baseline-browser-mapping': [ '2.10.29' ],
44 silly audit   'body-parser': [ '2.2.2' ],
44 silly audit   braces: [ '3.0.3' ],
44 silly audit   browserslist: [ '4.28.2' ],
44 silly audit   bser: [ '2.1.1' ],
44 silly audit   'buffer-from': [ '1.1.2' ],
44 silly audit   bytes: [ '3.1.2' ],
44 silly audit   'call-bind-apply-helpers': [ '1.0.2' ],
44 silly audit   'call-bound': [ '1.0.4' ],
44 silly audit   camelcase: [ '5.3.1', '6.3.0' ],
44 silly audit   'caniuse-lite': [ '1.0.30001792' ],
44 silly audit   'chrome-launcher': [ '0.15.2' ],
44 silly audit   'chromium-edge-launcher': [ '0.2.0' ],
44 silly audit   cliui: [ '8.0.1' ],
44 silly audit   color: [ '4.2.3' ],
44 silly audit   'color-string': [ '1.9.1' ],
44 silly audit   'concat-map': [ '0.0.1' ],
44 silly audit   connect: [ '3.7.0' ],
44 silly audit   finalhandler: [ '1.1.2', '2.1.1' ],
44 silly audit   'content-disposition': [ '1.1.0' ],
44 silly audit   'content-type': [ '1.0.5' ],
44 silly audit   'convert-source-map': [ '2.0.0' ],
44 silly audit   cookie: [ '0.7.2' ],
44 silly audit   'cookie-signature': [ '1.2.2' ],
44 silly audit   cors: [ '2.8.6' ],
44 silly audit   'cross-spawn': [ '7.0.6' ],
44 silly audit   csstype: [ '3.2.3' ],
44 silly audit   'decode-uri-component': [ '0.2.2' ],
44 silly audit   'deep-is': [ '0.1.4' ],
44 silly audit   depd: [ '2.0.0' ],
44 silly audit   destroy: [ '1.2.0' ],
44 silly audit   'detect-libc': [ '2.1.2' ],
44 silly audit   'dunder-proto': [ '1.0.1' ],
44 silly audit   'ee-first': [ '1.1.1' ],
44 silly audit   'electron-to-chromium': [ '1.5.353' ],
44 silly audit   'emoji-regex': [ '8.0.0' ],
44 silly audit   'error-stack-parser': [ '2.1.4' ],
44 silly audit   'es-define-property': [ '1.0.1' ],
44 silly audit   'es-errors': [ '1.3.0' ],
44 silly audit   'es-object-atoms': [ '1.1.1' ],
44 silly audit   esbuild: [ '0.27.7' ],
44 silly audit   escalade: [ '3.2.0' ],
44 silly audit   'escape-html': [ '1.0.3' ],
44 silly audit   eslint: [ '10.3.0' ],
44 silly audit   'eslint-plugin-react-hooks': [ '7.1.1' ],
44 silly audit   'eslint-plugin-react-refresh': [ '0.5.2' ],
44 silly audit   'eslint-scope': [ '9.1.2' ],
44 silly audit   espree: [ '11.2.0' ],
44 silly audit   esprima: [ '4.0.1' ],
44 silly audit   esquery: [ '1.7.0' ],
44 silly audit   esrecurse: [ '4.3.0' ],
44 silly audit   estraverse: [ '5.3.0' ],
44 silly audit   esutils: [ '2.0.3' ],
44 silly audit   etag: [ '1.8.1' ],
44 silly audit   'event-target-shim': [ '5.0.1' ],
44 silly audit   'exponential-backoff': [ '3.1.3' ],
44 silly audit   express: [ '5.2.1' ],
44 silly audit   'fast-deep-equal': [ '3.1.3' ],
44 silly audit   'fast-json-stable-stringify': [ '2.1.0' ],
44 silly audit   'fast-levenshtein': [ '2.0.6' ],
44 silly audit   'fb-watchman': [ '2.0.2' ],
44 silly audit   fdir: [ '6.5.0' ],
44 silly audit   'file-entry-cache': [ '8.0.0' ],
44 silly audit   'fill-range': [ '7.1.1' ],
44 silly audit   'filter-obj': [ '1.1.0' ],
44 silly audit   'flat-cache': [ '4.0.1' ],
44 silly audit   flatted: [ '3.4.2' ],
44 silly audit   'flow-enums-runtime': [ '0.0.6' ],
44 silly audit   forwarded: [ '0.2.0' ],
44 silly audit   'fs.realpath': [ '1.0.0' ],
44 silly audit   fsevents: [ '2.3.3' ],
44 silly audit   'function-bind': [ '1.1.2' ],
44 silly audit   gensync: [ '1.0.0-beta.2' ],
44 silly audit   'get-caller-file': [ '2.0.5' ],
44 silly audit   'get-intrinsic': [ '1.3.0' ],
44 silly audit   'get-package-type': [ '0.1.0' ],
44 silly audit   'get-proto': [ '1.0.1' ],
44 silly audit   'get-tsconfig': [ '4.14.0' ],
44 silly audit   'glob-parent': [ '6.0.2' ],
44 silly audit   globals: [ '17.6.0' ],
44 silly audit   gopd: [ '1.2.0' ],
44 silly audit   'graceful-fs': [ '4.2.11' ],
44 silly audit   'has-symbols': [ '1.1.0' ],
44 silly audit   hasown: [ '2.0.3' ],
44 silly audit   'hoist-non-react-statics': [ '3.3.2' ],
44 silly audit   'react-is': [ '16.13.1', '18.3.1', '19.2.6' ],
44 silly audit   'http-errors': [ '2.0.1' ],
44 silly audit   'https-proxy-agent': [ '7.0.6' ],
44 silly audit   'iconv-lite': [ '0.7.2' ],
44 silly audit   'image-size': [ '1.2.1' ],
44 silly audit   imurmurhash: [ '0.1.4' ],
44 silly audit   inflight: [ '1.0.6' ],
44 silly audit   inherits: [ '2.0.4' ],
44 silly audit   invariant: [ '2.2.4' ],
44 silly audit   'ipaddr.js': [ '1.9.1' ],
44 silly audit   'is-arrayish': [ '0.3.4' ],
44 silly audit   'is-docker': [ '2.2.1' ],
44 silly audit   'is-extglob': [ '2.1.1' ],
44 silly audit   'is-fullwidth-code-point': [ '3.0.0' ],
44 silly audit   'is-glob': [ '4.0.3' ],
44 silly audit   'is-number': [ '7.0.0' ],
44 silly audit   'is-promise': [ '4.0.0' ],
44 silly audit   'is-wsl': [ '2.2.0' ],
44 silly audit   isexe: [ '2.0.0' ],
44 silly audit   'istanbul-lib-coverage': [ '3.2.2' ],
44 silly audit   'istanbul-lib-instrument': [ '5.2.1' ],
44 silly audit   'jest-environment-node': [ '29.7.0' ],
44 silly audit   'jest-get-type': [ '29.6.3' ],
44 silly audit   'jest-haste-map': [ '29.7.0' ],
44 silly audit   'jest-message-util': [ '29.7.0' ],
44 silly audit   'jest-mock': [ '29.7.0' ],
44 silly audit   'jest-regex-util': [ '29.6.3' ],
44 silly audit   'jest-util': [ '29.7.0' ],
44 silly audit   'jest-validate': [ '29.7.0' ],
44 silly audit   'jest-worker': [ '29.7.0' ],
44 silly audit   'js-tokens': [ '4.0.0' ],
44 silly audit   'jsc-safe-url': [ '0.2.4' ],
44 silly audit   jsesc: [ '3.1.0' ],
44 silly audit   'json-buffer': [ '3.0.1' ],
44 silly audit   'json-schema-traverse': [ '0.4.1' ],
44 silly audit   'json-stable-stringify-without-jsonify': [ '1.0.1' ],
44 silly audit   json5: [ '2.2.3' ],
44 silly audit   keyv: [ '4.5.4' ],
44 silly audit   leven: [ '3.1.0' ],
44 silly audit   levn: [ '0.4.1' ],
44 silly audit   'lighthouse-logger': [ '1.4.2' ],
44 silly audit   lightningcss: [ '1.32.0' ],
44 silly audit   'lightningcss-android-arm64': [ '1.32.0' ],
44 silly audit   'lightningcss-darwin-arm64': [ '1.32.0' ],
44 silly audit   'lightningcss-darwin-x64': [ '1.32.0' ],
44 silly audit   'lightningcss-freebsd-x64': [ '1.32.0' ],
44 silly audit   'lightningcss-linux-arm-gnueabihf': [ '1.32.0' ],
44 silly audit   'lightningcss-linux-arm64-gnu': [ '1.32.0' ],
44 silly audit   'lightningcss-linux-arm64-musl': [ '1.32.0' ],
44 silly audit   'lightningcss-linux-x64-gnu': [ '1.32.0' ],
44 silly audit   'lightningcss-linux-x64-musl': [ '1.32.0' ],
44 silly audit   'lightningcss-win32-arm64-msvc': [ '1.32.0' ],
44 silly audit   'lightningcss-win32-x64-msvc': [ '1.32.0' ],
44 silly audit   'lodash.throttle': [ '4.1.1' ],
44 silly audit   'loose-envify': [ '1.4.0' ],
44 silly audit   makeerror: [ '1.0.12' ],
44 silly audit   marky: [ '1.3.0' ],
44 silly audit   'math-intrinsics': [ '1.1.0' ],
44 silly audit   'media-typer': [ '1.1.0' ],
44 silly audit   'memoize-one': [ '5.2.1' ],
44 silly audit   'merge-descriptors': [ '2.0.0' ],
44 silly audit   'merge-stream': [ '2.0.0' ],
44 silly audit   micromatch: [ '4.0.8' ],
44 silly audit   mime: [ '1.6.0' ],
44 silly audit   mkdirp: [ '1.0.4' ],
44 silly audit   nanoid: [ '3.3.12' ],
44 silly audit   'natural-compare': [ '1.4.0' ],
44 silly audit   'node-int64': [ '0.4.0' ],
44 silly audit   'node-releases': [ '2.0.38' ],
44 silly audit   'normalize-path': [ '3.0.0' ],
44 silly audit   nullthrows: [ '1.1.1' ],
44 silly audit   'object-assign': [ '4.1.1' ],
44 silly audit   'object-inspect': [ '1.13.4' ],
44 silly audit   once: [ '1.4.0' ],
44 silly audit   optionator: [ '0.9.4' ],
44 silly audit   'p-try': [ '2.2.0' ],
44 silly audit   parseurl: [ '1.3.3' ],
44 silly audit   'path-exists': [ '4.0.0' ],
44 silly audit   'path-is-absolute': [ '1.0.1' ],
44 silly audit   'path-key': [ '3.1.1' ],
44 silly audit   'path-to-regexp': [ '8.4.2' ],
44 silly audit   picocolors: [ '1.1.1' ],
44 silly audit   pirates: [ '4.0.7' ],
44 silly audit   'prelude-ls': [ '1.2.1' ],
44 silly audit   'pretty-format': [ '29.7.0' ],
44 silly audit   promise: [ '8.3.0' ],
44 silly audit   'proxy-addr': [ '2.0.7' ],
44 silly audit   punycode: [ '2.3.1' ],
44 silly audit   qs: [ '6.15.1' ],
44 silly audit   'query-string': [ '7.1.3' ],
44 silly audit   queue: [ '6.0.2' ],
44 silly audit   'range-parser': [ '1.2.1' ],
44 silly audit   'raw-body': [ '3.0.2' ],
44 silly audit   'react-devtools-core': [ '6.1.5' ],
44 silly audit   'react-dom': [ '19.1.0' ],
44 silly audit   'react-freeze': [ '1.0.4' ],
44 silly audit   'react-native': [ '0.81.5' ],
44 silly audit   'react-native-gesture-handler': [ '2.31.2' ],
44 silly audit   'react-native-safe-area-context': [ '5.7.0' ],
44 silly audit   'react-native-screens': [ '4.24.0' ],
44 silly audit   scheduler: [ '0.26.0' ],
44 silly audit   'react-refresh': [ '0.14.2' ],
44 silly audit   'regenerator-runtime': [ '0.13.11' ],
44 silly audit   'require-directory': [ '2.1.1' ],
44 silly audit   'resolve-from': [ '5.0.0' ],
44 silly audit   'resolve-pkg-maps': [ '1.0.0' ],
44 silly audit   rimraf: [ '3.0.2' ],
44 silly audit   rolldown: [ '1.0.0' ],
44 silly audit   router: [ '2.2.0' ],
44 silly audit   'safer-buffer': [ '2.1.2' ],
44 silly audit   'serialize-error': [ '2.1.0' ],
44 silly audit   setprototypeof: [ '1.2.0' ],
44 silly audit   'sf-symbols-typescript': [ '2.2.0' ],
44 silly audit   'shebang-command': [ '2.0.0' ],
44 silly audit   'shebang-regex': [ '3.0.0' ],
44 silly audit   'shell-quote': [ '1.8.3' ],
44 silly audit   'side-channel': [ '1.1.0' ],
44 silly audit   'side-channel-list': [ '1.0.1' ],
44 silly audit   'side-channel-map': [ '1.0.1' ],
44 silly audit   'side-channel-weakmap': [ '1.0.2' ],
44 silly audit   'signal-exit': [ '3.0.7' ],
44 silly audit   'simple-swizzle': [ '0.2.4' ],
44 silly audit   slash: [ '3.0.0' ],
44 silly audit   'source-map': [ '0.5.7', '0.6.1' ],
44 silly audit   'source-map-js': [ '1.2.1' ],
44 silly audit   'source-map-support': [ '0.5.21' ],
44 silly audit   'split-on-first': [ '1.1.0' ],
44 silly audit   'sprintf-js': [ '1.0.3' ],
44 silly audit   'stack-utils': [ '2.0.6' ],
44 silly audit   stackframe: [ '1.3.4' ],
44 silly audit   'stacktrace-parser': [ '0.1.11' ],
44 silly audit   'strict-uri-encode': [ '2.0.0' ],
44 silly audit   'string-width': [ '4.2.3' ],
44 silly audit   terser: [ '5.47.1' ],
44 silly audit   'test-exclude': [ '6.0.0' ],
44 silly audit   throat: [ '5.0.0' ],
44 silly audit   tinyglobby: [ '0.2.16' ],
44 silly audit   tmpl: [ '1.0.5' ],
44 silly audit   'to-regex-range': [ '5.0.1' ],
44 silly audit   toidentifier: [ '1.0.1' ],
44 silly audit   'ts-api-utils': [ '2.5.0' ],
44 silly audit   tslib: [ '2.8.1' ],
44 silly audit   tsx: [ '4.21.0' ],
44 silly audit   'type-check': [ '0.4.0' ],
44 silly audit   'type-detect': [ '4.0.8' ],
44 silly audit   'type-is': [ '2.0.1' ],
44 silly audit   'typescript-eslint': [ '8.59.2' ],
44 silly audit   'undici-types': [ '7.16.0' ],
44 silly audit   unpipe: [ '1.0.0' ],
44 silly audit   'update-browserslist-db': [ '1.2.3' ],
44 silly audit   'uri-js': [ '4.4.1' ],
44 silly audit   'use-latest-callback': [ '0.2.6' ],
44 silly audit   'use-sync-external-store': [ '1.6.0' ],
44 silly audit   'utils-merge': [ '1.0.1' ],
44 silly audit   vary: [ '1.1.2' ],
44 silly audit   vite: [ '8.0.12' ],
44 silly audit   vlq: [ '1.0.1' ],
44 silly audit   walker: [ '1.0.8' ],
44 silly audit   'warn-once': [ '0.1.1' ],
44 silly audit   'whatwg-fetch': [ '3.6.20' ],
44 silly audit   which: [ '2.0.2' ],
44 silly audit   'word-wrap': [ '1.2.5' ],
44 silly audit   'wrap-ansi': [ '7.0.0' ],
44 silly audit   wrappy: [ '1.0.2' ],
44 silly audit   'write-file-atomic': [ '4.0.2' ],
44 silly audit   y18n: [ '5.0.8' ],
44 silly audit   yaml: [ '2.8.4' ],
44 silly audit   yargs: [ '17.7.2' ],
44 silly audit   'yargs-parser': [ '21.1.1' ],
44 silly audit   'yocto-queue': [ '0.1.0' ],
44 silly audit   zod: [ '4.4.3' ],
44 silly audit   'zod-validation-error': [ '4.0.2' ]
44 silly audit }
45 verbose reify failed optional dependency /Users/mac/Documents/code/credit/node_modules/lightningcss-win32-x64-msvc
46 silly reify mark deleted [
46 silly reify   '/Users/mac/Documents/code/credit/node_modules/lightningcss-win32-x64-msvc'
46 silly reify ]
47 verbose reify failed optional dependency /Users/mac/Documents/code/credit/node_modules/lightningcss-win32-arm64-msvc
48 silly reify mark deleted [
48 silly reify   '/Users/mac/Documents/code/credit/node_modules/lightningcss-win32-arm64-msvc'
48 silly reify ]
49 verbose reify failed optional dependency /Users/mac/Documents/code/credit/node_modules/lightningcss-linux-x64-musl
50 silly reify mark deleted [
50 silly reify   '/Users/mac/Documents/code/credit/node_modules/lightningcss-linux-x64-musl'
50 silly reify ]
51 verbose reify failed optional dependency /Users/mac/Documents/code/credit/node_modules/lightningcss-linux-x64-gnu
52 silly reify mark deleted [
52 silly reify   '/Users/mac/Documents/code/credit/node_modules/lightningcss-linux-x64-gnu'
52 silly reify ]
53 verbose reify failed optional dependency /Users/mac/Documents/code/credit/node_modules/lightningcss-linux-arm64-musl
54 silly reify mark deleted [
54 silly reify   '/Users/mac/Documents/code/credit/node_modules/lightningcss-linux-arm64-musl'
54 silly reify ]
55 verbose reify failed optional dependency /Users/mac/Documents/code/credit/node_modules/lightningcss-linux-arm64-gnu
56 silly reify mark deleted [
56 silly reify   '/Users/mac/Documents/code/credit/node_modules/lightningcss-linux-arm64-gnu'
56 silly reify ]
57 verbose reify failed optional dependency /Users/mac/Documents/code/credit/node_modules/lightningcss-linux-arm-gnueabihf
58 silly reify mark deleted [
58 silly reify   '/Users/mac/Documents/code/credit/node_modules/lightningcss-linux-arm-gnueabihf'
58 silly reify ]
59 verbose reify failed optional dependency /Users/mac/Documents/code/credit/node_modules/lightningcss-freebsd-x64
60 silly reify mark deleted [
60 silly reify   '/Users/mac/Documents/code/credit/node_modules/lightningcss-freebsd-x64'
60 silly reify ]
61 verbose reify failed optional dependency /Users/mac/Documents/code/credit/node_modules/lightningcss-darwin-arm64
62 silly reify mark deleted [
62 silly reify   '/Users/mac/Documents/code/credit/node_modules/lightningcss-darwin-arm64'
62 silly reify ]
63 verbose reify failed optional dependency /Users/mac/Documents/code/credit/node_modules/lightningcss-android-arm64
64 silly reify mark deleted [
64 silly reify   '/Users/mac/Documents/code/credit/node_modules/lightningcss-android-arm64'
64 silly reify ]
65 verbose reify failed optional dependency /Users/mac/Documents/code/credit/node_modules/@rolldown/binding-win32-x64-msvc
66 silly reify mark deleted [
66 silly reify   '/Users/mac/Documents/code/credit/node_modules/@rolldown/binding-win32-x64-msvc'
66 silly reify ]
67 verbose reify failed optional dependency /Users/mac/Documents/code/credit/node_modules/@rolldown/binding-win32-arm64-msvc
68 silly reify mark deleted [
68 silly reify   '/Users/mac/Documents/code/credit/node_modules/@rolldown/binding-win32-arm64-msvc'
68 silly reify ]
69 verbose reify failed optional dependency /Users/mac/Documents/code/credit/node_modules/@rolldown/binding-wasm32-wasi
70 silly reify mark deleted [
70 silly reify   '/Users/mac/Documents/code/credit/node_modules/@rolldown/binding-wasm32-wasi'
70 silly reify ]
71 verbose reify failed optional dependency /Users/mac/Documents/code/credit/node_modules/@emnapi/core
72 silly reify mark deleted [ '/Users/mac/Documents/code/credit/node_modules/@emnapi/core' ]
73 verbose reify failed optional dependency /Users/mac/Documents/code/credit/node_modules/@emnapi/runtime
74 silly reify mark deleted [ '/Users/mac/Documents/code/credit/node_modules/@emnapi/runtime' ]
75 verbose reify failed optional dependency /Users/mac/Documents/code/credit/node_modules/@napi-rs/wasm-runtime
76 silly reify mark deleted [
76 silly reify   '/Users/mac/Documents/code/credit/node_modules/@napi-rs/wasm-runtime'
76 silly reify ]
77 verbose reify failed optional dependency /Users/mac/Documents/code/credit/node_modules/@emnapi/wasi-threads
78 silly reify mark deleted [
78 silly reify   '/Users/mac/Documents/code/credit/node_modules/@emnapi/wasi-threads'
78 silly reify ]
79 verbose reify failed optional dependency /Users/mac/Documents/code/credit/node_modules/tslib
80 silly reify mark deleted [ '/Users/mac/Documents/code/credit/node_modules/tslib' ]
81 verbose reify failed optional dependency /Users/mac/Documents/code/credit/node_modules/@tybys/wasm-util
82 silly reify mark deleted [ '/Users/mac/Documents/code/credit/node_modules/@tybys/wasm-util' ]
83 verbose reify failed optional dependency /Users/mac/Documents/code/credit/node_modules/@rolldown/binding-openharmony-arm64
84 silly reify mark deleted [
84 silly reify   '/Users/mac/Documents/code/credit/node_modules/@rolldown/binding-openharmony-arm64'
84 silly reify ]
85 verbose reify failed optional dependency /Users/mac/Documents/code/credit/node_modules/@rolldown/binding-linux-x64-musl
86 silly reify mark deleted [
86 silly reify   '/Users/mac/Documents/code/credit/node_modules/@rolldown/binding-linux-x64-musl'
86 silly reify ]
87 verbose reify failed optional dependency /Users/mac/Documents/code/credit/node_modules/@rolldown/binding-linux-x64-gnu
88 silly reify mark deleted [
88 silly reify   '/Users/mac/Documents/code/credit/node_modules/@rolldown/binding-linux-x64-gnu'
88 silly reify ]
89 verbose reify failed optional dependency /Users/mac/Documents/code/credit/node_modules/@rolldown/binding-linux-s390x-gnu
90 silly reify mark deleted [
90 silly reify   '/Users/mac/Documents/code/credit/node_modules/@rolldown/binding-linux-s390x-gnu'
90 silly reify ]
91 verbose reify failed optional dependency /Users/mac/Documents/code/credit/node_modules/@rolldown/binding-linux-ppc64-gnu
92 silly reify mark deleted [
92 silly reify   '/Users/mac/Documents/code/credit/node_modules/@rolldown/binding-linux-ppc64-gnu'
92 silly reify ]
93 verbose reify failed optional dependency /Users/mac/Documents/code/credit/node_modules/@rolldown/binding-linux-arm64-musl
94 silly reify mark deleted [
94 silly reify   '/Users/mac/Documents/code/credit/node_modules/@rolldown/binding-linux-arm64-musl'
94 silly reify ]
95 verbose reify failed optional dependency /Users/mac/Documents/code/credit/node_modules/@rolldown/binding-linux-arm64-gnu
96 silly reify mark deleted [
96 silly reify   '/Users/mac/Documents/code/credit/node_modules/@rolldown/binding-linux-arm64-gnu'
96 silly reify ]
97 verbose reify failed optional dependency /Users/mac/Documents/code/credit/node_modules/@rolldown/binding-linux-arm-gnueabihf
98 silly reify mark deleted [
98 silly reify   '/Users/mac/Documents/code/credit/node_modules/@rolldown/binding-linux-arm-gnueabihf'
98 silly reify ]
99 verbose reify failed optional dependency /Users/mac/Documents/code/credit/node_modules/@rolldown/binding-freebsd-x64
100 silly reify mark deleted [
100 silly reify   '/Users/mac/Documents/code/credit/node_modules/@rolldown/binding-freebsd-x64'
100 silly reify ]
101 verbose reify failed optional dependency /Users/mac/Documents/code/credit/node_modules/@rolldown/binding-darwin-arm64
102 silly reify mark deleted [
102 silly reify   '/Users/mac/Documents/code/credit/node_modules/@rolldown/binding-darwin-arm64'
102 silly reify ]
103 verbose reify failed optional dependency /Users/mac/Documents/code/credit/node_modules/@rolldown/binding-android-arm64
104 silly reify mark deleted [
104 silly reify   '/Users/mac/Documents/code/credit/node_modules/@rolldown/binding-android-arm64'
104 silly reify ]
105 verbose reify failed optional dependency /Users/mac/Documents/code/credit/node_modules/@esbuild/win32-x64
106 silly reify mark deleted [ '/Users/mac/Documents/code/credit/node_modules/@esbuild/win32-x64' ]
107 verbose reify failed optional dependency /Users/mac/Documents/code/credit/node_modules/@esbuild/win32-ia32
108 silly reify mark deleted [ '/Users/mac/Documents/code/credit/node_modules/@esbuild/win32-ia32' ]
109 verbose reify failed optional dependency /Users/mac/Documents/code/credit/node_modules/@esbuild/win32-arm64
110 silly reify mark deleted [
110 silly reify   '/Users/mac/Documents/code/credit/node_modules/@esbuild/win32-arm64'
110 silly reify ]
111 verbose reify failed optional dependency /Users/mac/Documents/code/credit/node_modules/@esbuild/sunos-x64
112 silly reify mark deleted [ '/Users/mac/Documents/code/credit/node_modules/@esbuild/sunos-x64' ]
113 verbose reify failed optional dependency /Users/mac/Documents/code/credit/node_modules/@esbuild/openharmony-arm64
114 silly reify mark deleted [
114 silly reify   '/Users/mac/Documents/code/credit/node_modules/@esbuild/openharmony-arm64'
114 silly reify ]
115 verbose reify failed optional dependency /Users/mac/Documents/code/credit/node_modules/@esbuild/openbsd-x64
116 silly reify mark deleted [
116 silly reify   '/Users/mac/Documents/code/credit/node_modules/@esbuild/openbsd-x64'
116 silly reify ]
117 verbose reify failed optional dependency /Users/mac/Documents/code/credit/node_modules/@esbuild/openbsd-arm64
118 silly reify mark deleted [
118 silly reify   '/Users/mac/Documents/code/credit/node_modules/@esbuild/openbsd-arm64'
118 silly reify ]
119 verbose reify failed optional dependency /Users/mac/Documents/code/credit/node_modules/@esbuild/netbsd-x64
120 silly reify mark deleted [ '/Users/mac/Documents/code/credit/node_modules/@esbuild/netbsd-x64' ]
121 verbose reify failed optional dependency /Users/mac/Documents/code/credit/node_modules/@esbuild/netbsd-arm64
122 silly reify mark deleted [
122 silly reify   '/Users/mac/Documents/code/credit/node_modules/@esbuild/netbsd-arm64'
122 silly reify ]
123 verbose reify failed optional dependency /Users/mac/Documents/code/credit/node_modules/@esbuild/linux-x64
124 silly reify mark deleted [ '/Users/mac/Documents/code/credit/node_modules/@esbuild/linux-x64' ]
125 verbose reify failed optional dependency /Users/mac/Documents/code/credit/node_modules/@esbuild/linux-s390x
126 silly reify mark deleted [
126 silly reify   '/Users/mac/Documents/code/credit/node_modules/@esbuild/linux-s390x'
126 silly reify ]
127 verbose reify failed optional dependency /Users/mac/Documents/code/credit/node_modules/@esbuild/linux-riscv64
128 silly reify mark deleted [
128 silly reify   '/Users/mac/Documents/code/credit/node_modules/@esbuild/linux-riscv64'
128 silly reify ]
129 verbose reify failed optional dependency /Users/mac/Documents/code/credit/node_modules/@esbuild/linux-ppc64
130 silly reify mark deleted [
130 silly reify   '/Users/mac/Documents/code/credit/node_modules/@esbuild/linux-ppc64'
130 silly reify ]
131 verbose reify failed optional dependency /Users/mac/Documents/code/credit/node_modules/@esbuild/linux-mips64el
132 silly reify mark deleted [
132 silly reify   '/Users/mac/Documents/code/credit/node_modules/@esbuild/linux-mips64el'
132 silly reify ]
133 verbose reify failed optional dependency /Users/mac/Documents/code/credit/node_modules/@esbuild/linux-loong64
134 silly reify mark deleted [
134 silly reify   '/Users/mac/Documents/code/credit/node_modules/@esbuild/linux-loong64'
134 silly reify ]
135 verbose reify failed optional dependency /Users/mac/Documents/code/credit/node_modules/@esbuild/linux-ia32
136 silly reify mark deleted [ '/Users/mac/Documents/code/credit/node_modules/@esbuild/linux-ia32' ]
137 verbose reify failed optional dependency /Users/mac/Documents/code/credit/node_modules/@esbuild/linux-arm64
138 silly reify mark deleted [
138 silly reify   '/Users/mac/Documents/code/credit/node_modules/@esbuild/linux-arm64'
138 silly reify ]
139 verbose reify failed optional dependency /Users/mac/Documents/code/credit/node_modules/@esbuild/linux-arm
140 silly reify mark deleted [ '/Users/mac/Documents/code/credit/node_modules/@esbuild/linux-arm' ]
141 verbose reify failed optional dependency /Users/mac/Documents/code/credit/node_modules/@esbuild/freebsd-x64
142 silly reify mark deleted [
142 silly reify   '/Users/mac/Documents/code/credit/node_modules/@esbuild/freebsd-x64'
142 silly reify ]
143 verbose reify failed optional dependency /Users/mac/Documents/code/credit/node_modules/@esbuild/freebsd-arm64
144 silly reify mark deleted [
144 silly reify   '/Users/mac/Documents/code/credit/node_modules/@esbuild/freebsd-arm64'
144 silly reify ]
145 verbose reify failed optional dependency /Users/mac/Documents/code/credit/node_modules/@esbuild/darwin-arm64
146 silly reify mark deleted [
146 silly reify   '/Users/mac/Documents/code/credit/node_modules/@esbuild/darwin-arm64'
146 silly reify ]
147 verbose reify failed optional dependency /Users/mac/Documents/code/credit/node_modules/@esbuild/android-x64
148 silly reify mark deleted [
148 silly reify   '/Users/mac/Documents/code/credit/node_modules/@esbuild/android-x64'
148 silly reify ]
149 verbose reify failed optional dependency /Users/mac/Documents/code/credit/node_modules/@esbuild/android-arm64
150 silly reify mark deleted [
150 silly reify   '/Users/mac/Documents/code/credit/node_modules/@esbuild/android-arm64'
150 silly reify ]
151 verbose reify failed optional dependency /Users/mac/Documents/code/credit/node_modules/@esbuild/android-arm
152 silly reify mark deleted [
152 silly reify   '/Users/mac/Documents/code/credit/node_modules/@esbuild/android-arm'
152 silly reify ]
153 verbose reify failed optional dependency /Users/mac/Documents/code/credit/node_modules/@esbuild/aix-ppc64
154 silly reify mark deleted [ '/Users/mac/Documents/code/credit/node_modules/@esbuild/aix-ppc64' ]
155 http cache tslib@https://registry.npmjs.org/tslib/-/tslib-2.8.1.tgz 0ms (cache hit)
156 http cache @tybys/wasm-util@https://registry.npmjs.org/@tybys/wasm-util/-/wasm-util-0.10.2.tgz 0ms (cache hit)
157 http cache @emnapi/runtime@https://registry.npmjs.org/@emnapi/runtime/-/runtime-1.10.0.tgz 0ms (cache hit)
158 http cache @napi-rs/wasm-runtime@https://registry.npmjs.org/@napi-rs/wasm-runtime/-/wasm-runtime-1.1.4.tgz 0ms (cache hit)
159 http cache @emnapi/wasi-threads@https://registry.npmjs.org/@emnapi/wasi-threads/-/wasi-threads-1.2.1.tgz 0ms (cache hit)
160 http cache @emnapi/core@https://registry.npmjs.org/@emnapi/core/-/core-1.10.0.tgz 0ms (cache hit)
161 http cache scheduler@https://registry.npmjs.org/scheduler/-/scheduler-0.26.0.tgz 0ms (cache hit)
162 http cache react@https://registry.npmjs.org/react/-/react-19.1.0.tgz 0ms (cache hit)
163 http cache react-dom@https://registry.npmjs.org/react-dom/-/react-dom-19.1.0.tgz 0ms (cache hit)
164 http cache @types/react-dom@https://registry.npmjs.org/@types/react-dom/-/react-dom-19.1.11.tgz 0ms (cache hit)
165 http cache @types/react@https://registry.npmjs.org/@types/react/-/react-19.1.17.tgz 0ms (cache hit)
166 silly tarball no local data for scheduler@https://registry.npmjs.org/scheduler/-/scheduler-0.26.0.tgz. Extracting by manifest.
167 silly tarball no local data for react@https://registry.npmjs.org/react/-/react-19.1.0.tgz. Extracting by manifest.
168 silly tarball no local data for react-dom@https://registry.npmjs.org/react-dom/-/react-dom-19.1.0.tgz. Extracting by manifest.
169 silly tarball no local data for @types/react-dom@https://registry.npmjs.org/@types/react-dom/-/react-dom-19.1.11.tgz. Extracting by manifest.
170 silly tarball no local data for @types/react@https://registry.npmjs.org/@types/react/-/react-19.1.17.tgz. Extracting by manifest.
171 http fetch POST 200 https://registry.npmjs.org/-/npm/v1/security/advisories/bulk 337ms
172 silly audit report {
172 silly audit report   postcss: [
172 silly audit report     {
172 silly audit report       id: 1117015,
172 silly audit report       url: 'https://github.com/advisories/GHSA-qx2v-qp2m-jg93',
172 silly audit report       title: 'PostCSS has XSS via Unescaped </style> in its CSS Stringify Output',
172 silly audit report       severity: 'moderate',
172 silly audit report       vulnerable_versions: '<8.5.10',
172 silly audit report       cwe: [Array],
172 silly audit report       cvss: [Object]
172 silly audit report     }
172 silly audit report   ]
172 silly audit report }
173 silly packumentCache corgi:https://registry.npmjs.org/postcss cache-miss
174 http fetch GET 200 https://registry.npmjs.org/postcss 176ms (cache revalidated)
175 silly packumentCache corgi:https://registry.npmjs.org/postcss set size:343873 disposed:false
176 silly packumentCache corgi:https://registry.npmjs.org/@expo%2fmetro-config cache-miss
177 http fetch GET 200 https://registry.npmjs.org/@expo%2fmetro-config 221ms (cache revalidated)
178 silly packumentCache corgi:https://registry.npmjs.org/@expo%2fmetro-config set size:558310 disposed:false
179 silly packumentCache corgi:https://registry.npmjs.org/expo cache-miss
180 silly packumentCache corgi:https://registry.npmjs.org/@expo%2fcli cache-miss
181 http fetch GET 200 https://registry.npmjs.org/scheduler/-/scheduler-0.26.0.tgz 834ms (cache miss)
182 http fetch GET 200 https://registry.npmjs.org/react/-/react-19.1.0.tgz 1013ms (cache miss)
183 http fetch GET 200 https://registry.npmjs.org/@types/react/-/react-19.1.17.tgz 1026ms (cache miss)
184 http fetch GET 200 https://registry.npmjs.org/expo 370ms (cache revalidated)
185 silly packumentCache corgi:https://registry.npmjs.org/expo set size:1717624 disposed:false
186 http fetch GET 200 https://registry.npmjs.org/@expo%2fcli 436ms (cache revalidated)
187 silly packumentCache corgi:https://registry.npmjs.org/@expo%2fcli set size:1565362 disposed:false
188 silly packumentCache corgi:https://registry.npmjs.org/@expo%2fprebuild-config cache-miss
189 silly packumentCache corgi:https://registry.npmjs.org/babel-preset-expo cache-miss
190 silly packumentCache corgi:https://registry.npmjs.org/expo-asset cache-miss
191 silly packumentCache corgi:https://registry.npmjs.org/expo-constants cache-miss
192 silly packumentCache corgi:https://registry.npmjs.org/expo-file-system cache-miss
193 silly packumentCache corgi:https://registry.npmjs.org/expo-font cache-miss
194 silly packumentCache corgi:https://registry.npmjs.org/expo-keep-awake cache-miss
195 http fetch GET 200 https://registry.npmjs.org/@types/react-dom/-/react-dom-19.1.11.tgz 1363ms (cache miss)
196 http fetch GET 200 https://registry.npmjs.org/expo-file-system 662ms (cache revalidated)
197 silly packumentCache corgi:https://registry.npmjs.org/expo-file-system set size:283910 disposed:false
198 http fetch GET 200 https://registry.npmjs.org/expo-constants 672ms (cache revalidated)
199 silly packumentCache corgi:https://registry.npmjs.org/expo-constants set size:279227 disposed:false
200 http fetch GET 200 https://registry.npmjs.org/babel-preset-expo 681ms (cache revalidated)
201 silly packumentCache corgi:https://registry.npmjs.org/babel-preset-expo set size:498654 disposed:false
202 http fetch GET 200 https://registry.npmjs.org/expo-asset 687ms (cache revalidated)
203 silly packumentCache corgi:https://registry.npmjs.org/expo-asset set size:293353 disposed:false
204 http fetch GET 200 https://registry.npmjs.org/expo-font 698ms (cache revalidated)
205 silly packumentCache corgi:https://registry.npmjs.org/expo-font set size:235099 disposed:false
206 http fetch GET 200 https://registry.npmjs.org/expo-keep-awake 1353ms (cache revalidated)
207 silly packumentCache corgi:https://registry.npmjs.org/expo-keep-awake set size:187483 disposed:false
208 http fetch GET 200 https://registry.npmjs.org/react-dom/-/react-dom-19.1.0.tgz 2590ms (cache miss)
209 http fetch GET 200 https://registry.npmjs.org/@expo%2fprebuild-config 1638ms (cache revalidated)
210 silly packumentCache corgi:https://registry.npmjs.org/@expo%2fprebuild-config set size:366981 disposed:false
211 silly ADD apps/admin/node_modules/scheduler
212 silly ADD apps/admin/node_modules/react-dom
213 silly ADD apps/admin/node_modules/react
214 silly ADD apps/admin/node_modules/@types/react-dom
215 silly ADD apps/admin/node_modules/@types/react
216 silly ADD
217 silly ADD
218 silly ADD
219 silly ADD
220 silly ADD
221 silly ADD
222 silly ADD
223 silly ADD
224 silly ADD
225 silly ADD
226 silly ADD
227 silly ADD
228 silly ADD
229 silly ADD
230 silly ADD
231 silly ADD
232 silly ADD
233 silly ADD
234 silly ADD
235 silly ADD
236 silly ADD
237 silly ADD
238 silly ADD
239 silly ADD
240 silly ADD
241 silly ADD
242 silly ADD
243 silly ADD
244 silly ADD
245 silly ADD
246 silly ADD
247 silly ADD
248 silly ADD
249 silly ADD
250 silly ADD
251 silly ADD
252 silly ADD
253 silly ADD
254 silly ADD
255 silly ADD
256 silly ADD
257 silly ADD
258 silly ADD
259 silly ADD
260 silly ADD
261 silly ADD
262 silly ADD
263 silly ADD
264 silly ADD
265 silly ADD
266 silly ADD
267 silly ADD
268 silly ADD
269 silly ADD
270 silly ADD
271 silly REMOVE node_modules/@types/react-dom
272 silly REMOVE node_modules/scheduler
273 silly REMOVE node_modules/react-dom
274 verbose cwd /Users/mac/Documents/code/credit
275 verbose os Darwin 25.4.0
276 verbose node v22.15.0
277 verbose npm  v10.9.2
278 verbose exit 0
279 info ok
