0 verbose cli /usr/local/bin/node /usr/local/bin/npm
1 info using npm@10.9.2
2 info using node@v22.15.0
3 silly config load:file:/usr/local/lib/node_modules/npm/npmrc
4 silly config load:file:/Users/mac/Documents/code/credit/.npmrc
5 silly config load:file:/Users/mac/.npmrc
6 silly config load:file:/usr/local/etc/npmrc
7 verbose title npm install react@19.1.0 react-dom@19.1.0
8 verbose argv "install" "-W" "react@19.1.0" "react-dom@19.1.0" "--cache" ".npm-cache"
9 verbose logfile logs-max:10 dir:/Users/mac/Documents/code/credit/.npm-cache/_logs/2026-05-11T09_23_06_878Z-
10 verbose logfile /Users/mac/Documents/code/credit/.npm-cache/_logs/2026-05-11T09_23_06_878Z-debug-0.log
11 silly logfile done cleaning log files
12 silly packumentCache heap:4345298944 maxSize:1086324736 maxEntrySize:543162368
13 silly idealTree buildDeps
14 silly fetch manifest react@19.1.0
15 silly packumentCache full:https://registry.npmjs.org/react cache-miss
16 http cache https://registry.npmjs.org/react 57ms (cache hit)
17 silly packumentCache full:https://registry.npmjs.org/react set size:6650647 disposed:false
18 silly fetch manifest react-dom@19.1.0
19 silly packumentCache full:https://registry.npmjs.org/react-dom cache-miss
20 http cache https://registry.npmjs.org/react-dom 36ms (cache hit)
21 silly packumentCache full:https://registry.npmjs.org/react-dom set size:8868827 disposed:false
22 silly placeDep ROOT react@19.1.0 REPLACE for: yes-credit-platform@1.0.0 want: 19.1.0
23 silly placeDep ROOT react-dom@19.1.0 OK for: yes-credit-platform@1.0.0 want: 19.1.0
24 silly fetch manifest scheduler@^0.26.0
25 silly packumentCache full:https://registry.npmjs.org/scheduler cache-miss
26 http cache https://registry.npmjs.org/scheduler 26ms (cache hit)
27 silly packumentCache full:https://registry.npmjs.org/scheduler set size:5505449 disposed:false
28 silly placeDep ROOT scheduler@0.26.0 OK for: react-dom@19.1.0 want: ^0.26.0
29 silly reify mark retired [ '/Users/mac/Documents/code/credit/node_modules/react' ]
30 silly reify mark retired [
30 silly reify   '/Users/mac/Documents/code/credit/node_modules/react-native/node_modules/scheduler'
30 silly reify ]
31 silly reify mark retired [ '/Users/mac/Documents/code/credit/apps/admin/node_modules/react' ]
32 silly reify mark retired [
32 silly reify   '/Users/mac/Documents/code/credit/apps/admin/node_modules/react-dom'
32 silly reify ]
33 silly reify mark retired [
33 silly reify   '/Users/mac/Documents/code/credit/apps/admin/node_modules/scheduler'
33 silly reify ]
34 silly reify mark retired [ '/Users/mac/Documents/code/credit/apps/mobile/node_modules/react' ]
35 silly reify moves {
35 silly reify   '/Users/mac/Documents/code/credit/node_modules/react': '/Users/mac/Documents/code/credit/node_modules/.react-ojgdegZi',
35 silly reify   '/Users/mac/Documents/code/credit/node_modules/react-native/node_modules/scheduler': '/Users/mac/Documents/code/credit/node_modules/react-native/node_modules/.scheduler-6ECE58LK',
35 silly reify   '/Users/mac/Documents/code/credit/apps/admin/node_modules/react': '/Users/mac/Documents/code/credit/apps/admin/node_modules/.react-kyBGaRfS',
35 silly reify   '/Users/mac/Documents/code/credit/apps/admin/node_modules/react-dom': '/Users/mac/Documents/code/credit/apps/admin/node_modules/.react-dom-ViFtVLXp',
35 silly reify   '/Users/mac/Documents/code/credit/apps/admin/node_modules/scheduler': '/Users/mac/Documents/code/credit/apps/admin/node_modules/.scheduler-vlPGwHPX',
35 silly reify   '/Users/mac/Documents/code/credit/apps/mobile/node_modules/react': '/Users/mac/Documents/code/credit/apps/mobile/node_modules/.react-oRoBK15W'
35 silly reify }
36 silly audit bulk request {
36 silly audit   admin: [ '0.0.0' ],
36 silly audit   '@types/react': [ '19.1.17', '19.2.14' ],
36 silly audit   '@types/react-dom': [ '19.1.11' ],
36 silly audit   react: [ '19.1.0' ],
36 silly audit   'react-dom': [ '19.1.0' ],
36 silly audit   scheduler: [ '0.26.0' ],
36 silly audit   api: [ '1.0.0' ],
36 silly audit   typescript: [ '5.9.3', '6.0.3' ],
36 silly audit   mobile: [ '1.0.0' ],
36 silly audit   '@0no-co/graphql.web': [ '1.2.0' ],
36 silly audit   '@babel/code-frame': [ '7.10.4', '7.29.0' ],
36 silly audit   '@babel/helper-annotate-as-pure': [ '7.27.3' ],
36 silly audit   '@babel/helper-create-class-features-plugin': [ '7.29.3' ],
36 silly audit   semver: [ '6.3.1', '7.8.0' ],
36 silly audit   '@babel/helper-create-regexp-features-plugin': [ '7.28.5' ],
36 silly audit   '@babel/helper-define-polyfill-provider': [ '0.6.8' ],
36 silly audit   '@babel/helper-member-expression-to-functions': [ '7.28.5' ],
36 silly audit   '@babel/helper-optimise-call-expression': [ '7.27.1' ],
36 silly audit   '@babel/helper-remap-async-to-generator': [ '7.27.1' ],
36 silly audit   '@babel/helper-replace-supers': [ '7.28.6' ],
36 silly audit   '@babel/helper-skip-transparent-expression-wrappers': [ '7.27.1' ],
36 silly audit   '@babel/helper-wrap-function': [ '7.28.6' ],
36 silly audit   '@babel/highlight': [ '7.25.9' ],
36 silly audit   '@babel/plugin-proposal-decorators': [ '7.29.0' ],
36 silly audit   '@babel/plugin-proposal-export-default-from': [ '7.27.1' ],
36 silly audit   '@babel/plugin-syntax-decorators': [ '7.28.6' ],
36 silly audit   '@babel/plugin-syntax-dynamic-import': [ '7.8.3' ],
36 silly audit   '@babel/plugin-syntax-export-default-from': [ '7.28.6' ],
36 silly audit   '@babel/plugin-syntax-flow': [ '7.28.6' ],
36 silly audit   '@babel/plugin-syntax-jsx': [ '7.28.6' ],
36 silly audit   '@babel/plugin-syntax-typescript': [ '7.28.6' ],
36 silly audit   '@babel/plugin-transform-arrow-functions': [ '7.27.1' ],
36 silly audit   '@babel/plugin-transform-async-generator-functions': [ '7.29.0' ],
36 silly audit   '@babel/plugin-transform-async-to-generator': [ '7.28.6' ],
36 silly audit   '@babel/plugin-transform-block-scoping': [ '7.28.6' ],
36 silly audit   '@babel/plugin-transform-class-properties': [ '7.28.6' ],
36 silly audit   '@babel/plugin-transform-class-static-block': [ '7.28.6' ],
36 silly audit   '@babel/plugin-transform-classes': [ '7.28.6' ],
36 silly audit   '@babel/plugin-transform-computed-properties': [ '7.28.6' ],
36 silly audit   '@babel/plugin-transform-destructuring': [ '7.28.5' ],
36 silly audit   '@babel/plugin-transform-export-namespace-from': [ '7.27.1' ],
36 silly audit   '@babel/plugin-transform-flow-strip-types': [ '7.27.1' ],
36 silly audit   '@babel/plugin-transform-for-of': [ '7.27.1' ],
36 silly audit   '@babel/plugin-transform-function-name': [ '7.27.1' ],
36 silly audit   '@babel/plugin-transform-literals': [ '7.27.1' ],
36 silly audit   '@babel/plugin-transform-logical-assignment-operators': [ '7.28.6' ],
36 silly audit   '@babel/plugin-transform-modules-commonjs': [ '7.28.6' ],
36 silly audit   '@babel/plugin-transform-named-capturing-groups-regex': [ '7.29.0' ],
36 silly audit   '@babel/plugin-transform-nullish-coalescing-operator': [ '7.28.6' ],
36 silly audit   '@babel/plugin-transform-numeric-separator': [ '7.28.6' ],
36 silly audit   '@babel/plugin-transform-object-rest-spread': [ '7.28.6' ],
36 silly audit   '@babel/plugin-transform-optional-catch-binding': [ '7.28.6' ],
36 silly audit   '@babel/plugin-transform-optional-chaining': [ '7.28.6' ],
36 silly audit   '@babel/plugin-transform-parameters': [ '7.27.7' ],
36 silly audit   '@babel/plugin-transform-private-methods': [ '7.28.6' ],
36 silly audit   '@babel/plugin-transform-private-property-in-object': [ '7.28.6' ],
36 silly audit   '@babel/plugin-transform-react-display-name': [ '7.28.0' ],
36 silly audit   '@babel/plugin-transform-react-jsx': [ '7.28.6' ],
36 silly audit   '@babel/plugin-transform-react-jsx-development': [ '7.27.1' ],
36 silly audit   '@babel/plugin-transform-react-jsx-self': [ '7.27.1' ],
36 silly audit   '@babel/plugin-transform-react-jsx-source': [ '7.27.1' ],
36 silly audit   '@babel/plugin-transform-react-pure-annotations': [ '7.27.1' ],
36 silly audit   '@babel/plugin-transform-regenerator': [ '7.29.0' ],
36 silly audit   '@babel/plugin-transform-runtime': [ '7.29.0' ],
36 silly audit   '@babel/plugin-transform-shorthand-properties': [ '7.27.1' ],
36 silly audit   '@babel/plugin-transform-spread': [ '7.28.6' ],
36 silly audit   '@babel/plugin-transform-sticky-regex': [ '7.27.1' ],
36 silly audit   '@babel/plugin-transform-typescript': [ '7.28.6' ],
36 silly audit   '@babel/plugin-transform-unicode-regex': [ '7.27.1' ],
36 silly audit   '@babel/preset-react': [ '7.28.5' ],
36 silly audit   '@babel/preset-typescript': [ '7.28.5' ],
36 silly audit   '@babel/traverse': [ '7.29.0' ],
36 silly audit   '@expo/code-signing-certificates': [ '0.0.6' ],
36 silly audit   '@expo/config': [ '12.0.13' ],
36 silly audit   '@expo/config-plugins': [ '54.0.4' ],
36 silly audit   'ansi-styles': [ '4.3.0', '3.2.1', '5.2.0' ],
36 silly audit   chalk: [ '4.1.2', '2.4.2' ],
36 silly audit   'color-convert': [ '2.0.1', '1.9.3' ],
36 silly audit   'color-name': [ '1.1.4', '1.1.3' ],
36 silly audit   'has-flag': [ '4.0.0', '3.0.0' ],
36 silly audit   'supports-color': [ '7.2.0', '5.5.0', '8.1.1' ],
36 silly audit   '@expo/config-types': [ '54.0.10' ],
36 silly audit   '@expo/devcert': [ '1.2.1' ],
36 silly audit   debug: [ '3.2.7', '2.6.9', '4.4.3' ],
36 silly audit   '@expo/devtools': [ '0.1.8' ],
36 silly audit   '@expo/env': [ '2.0.11' ],
36 silly audit   '@expo/fingerprint': [ '0.15.5' ],
36 silly audit   '@expo/image-utils': [ '0.8.14' ],
36 silly audit   '@expo/json-file': [ '10.0.14' ],
36 silly audit   '@expo/metro': [ '54.2.0' ],
36 silly audit   '@expo/osascript': [ '2.4.3' ],
36 silly audit   '@expo/package-manager': [ '1.10.5' ],
36 silly audit   '@expo/plist': [ '0.4.8' ],
36 silly audit   '@expo/require-utils': [ '55.0.5' ],
36 silly audit   '@expo/schema-utils': [ '0.1.8' ],
36 silly audit   '@expo/sdk-runtime-versions': [ '1.0.0' ],
36 silly audit   '@expo/spawn-async': [ '1.7.2' ],
36 silly audit   '@expo/sudo-prompt': [ '9.3.2' ],
36 silly audit   '@expo/ws-tunnel': [ '1.0.6' ],
36 silly audit   '@expo/xcpretty': [ '4.4.4' ],
36 silly audit   argparse: [ '2.0.1', '1.0.10' ],
36 silly audit   'js-yaml': [ '4.1.1', '3.14.2' ],
36 silly audit   '@isaacs/fs-minipass': [ '4.0.1' ],
36 silly audit   '@react-native/babel-plugin-codegen': [ '0.81.5' ],
36 silly audit   '@react-native/babel-preset': [ '0.81.5' ],
36 silly audit   '@ungap/structured-clone': [ '1.3.1' ],
36 silly audit   '@urql/core': [ '5.2.0' ],
36 silly audit   '@urql/exchange-retry': [ '1.3.2' ],
36 silly audit   '@xmldom/xmldom': [ '0.8.13', '0.9.10' ],
36 silly audit   accepts: [ '1.3.8', '2.0.0' ],
36 silly audit   'ansi-escapes': [ '4.3.2' ],
36 silly audit   'type-fest': [ '0.21.3', '0.7.1' ],
36 silly audit   'any-promise': [ '1.3.0' ],
36 silly audit   arg: [ '5.0.2' ],
36 silly audit   'babel-plugin-polyfill-corejs2': [ '0.4.17' ],
36 silly audit   'babel-plugin-polyfill-corejs3': [ '0.13.0' ],
36 silly audit   'babel-plugin-polyfill-regenerator': [ '0.6.8' ],
36 silly audit   'babel-plugin-react-compiler': [ '1.0.0' ],
36 silly audit   'babel-plugin-react-native-web': [ '0.21.2' ],
36 silly audit   'babel-plugin-transform-flow-enums': [ '0.0.2' ],
36 silly audit   'better-opn': [ '3.0.2' ],
36 silly audit   open: [ '8.4.2', '7.4.2' ],
36 silly audit   'big-integer': [ '1.6.52' ],
36 silly audit   'bplist-creator': [ '0.1.0' ],
36 silly audit   'bplist-parser': [ '0.3.1' ],
36 silly audit   buffer: [ '5.7.1' ],
36 silly audit   chownr: [ '3.0.0' ],
36 silly audit   'ci-info': [ '2.0.0', '3.9.0' ],
36 silly audit   'cli-cursor': [ '2.1.0' ],
36 silly audit   'cli-spinners': [ '2.9.2' ],
36 silly audit   clone: [ '1.0.4' ],
36 silly audit   commander: [ '7.2.0', '4.1.1', '12.1.0', '2.20.3' ],
36 silly audit   compressible: [ '2.0.18' ],
36 silly audit   compression: [ '1.8.1' ],
36 silly audit   ms: [ '2.0.0', '2.1.3' ],
36 silly audit   negotiator: [ '0.6.4', '0.6.3', '1.0.0' ],
36 silly audit   'core-js-compat': [ '3.49.0' ],
36 silly audit   'deep-extend': [ '0.6.0' ],
36 silly audit   deepmerge: [ '4.3.1' ],
36 silly audit   defaults: [ '1.0.4' ],
36 silly audit   'define-lazy-prop': [ '2.0.0' ],
36 silly audit   dotenv: [ '16.4.7' ],
36 silly audit   'dotenv-expand': [ '11.0.7' ],
36 silly audit   'env-editor': [ '0.4.2' ],
36 silly audit   'escape-string-regexp': [ '1.0.5', '4.0.0', '2.0.0' ],
36 silly audit   expo: [ '54.0.34' ],
36 silly audit   'expo-modules-autolinking': [ '3.0.25' ],
36 silly audit   'expo-modules-core': [ '3.0.30' ],
36 silly audit   'expo-server': [ '1.0.6' ],
36 silly audit   'expo-status-bar': [ '3.0.9' ],
36 silly audit   '@expo/cli': [ '54.0.24' ],
36 silly audit   '@expo/prebuild-config': [ '54.0.8' ],
36 silly audit   '@expo/metro-config': [ '54.0.15' ],
36 silly audit   '@expo/vector-icons': [ '15.1.1' ],
36 silly audit   'babel-preset-expo': [ '54.0.10' ],
36 silly audit   'balanced-match': [ '1.0.2', '4.0.4' ],
36 silly audit   'brace-expansion': [ '2.1.0', '5.0.6', '1.1.14' ],
36 silly audit   'expo-asset': [ '12.0.13' ],
36 silly audit   'expo-constants': [ '18.0.13' ],
36 silly audit   'expo-file-system': [ '19.0.22' ],
36 silly audit   'expo-font': [ '14.0.11' ],
36 silly audit   'expo-keep-awake': [ '15.0.8' ],
36 silly audit   'hermes-estree': [ '0.29.1', '0.32.0', '0.25.1', '0.35.0' ],
36 silly audit   'hermes-parser': [ '0.29.1', '0.32.0', '0.25.1', '0.35.0' ],
36 silly audit   minimatch: [ '9.0.9', '3.1.5', '10.2.5' ],
36 silly audit   picomatch: [ '4.0.4', '2.3.2' ],
36 silly audit   ws: [ '8.20.0', '7.5.10', '6.2.3' ],
36 silly audit   fontfaceobserver: [ '2.3.0' ],
36 silly audit   'freeport-async': [ '2.0.0' ],
36 silly audit   fresh: [ '0.5.2', '2.0.0' ],
36 silly audit   getenv: [ '2.0.0' ],
36 silly audit   glob: [ '13.0.6', '7.2.3' ],
36 silly audit   'hosted-git-info': [ '7.0.2' ],
36 silly audit   'lru-cache': [ '10.4.3', '11.3.6', '5.1.1' ],
36 silly audit   ieee754: [ '1.2.1' ],
36 silly audit   ini: [ '1.3.8' ],
36 silly audit   'is-core-module': [ '2.16.2' ],
36 silly audit   'jimp-compact': [ '0.16.1' ],
36 silly audit   kleur: [ '3.0.3' ],
36 silly audit   'lan-network': [ '0.2.1' ],
36 silly audit   'lines-and-columns': [ '1.2.4' ],
36 silly audit   'lodash.debounce': [ '4.0.8' ],
36 silly audit   'log-symbols': [ '2.2.0' ],
36 silly audit   metro: [ '0.83.3', '0.83.7' ],
36 silly audit   'metro-babel-transformer': [ '0.83.3', '0.83.7' ],
36 silly audit   'metro-cache': [ '0.83.3', '0.83.7' ],
36 silly audit   'metro-cache-key': [ '0.83.3', '0.83.7' ],
36 silly audit   'metro-config': [ '0.83.3', '0.83.7' ],
36 silly audit   'metro-core': [ '0.83.3', '0.83.7' ],
36 silly audit   'metro-file-map': [ '0.83.3', '0.83.7' ],
36 silly audit   'metro-minify-terser': [ '0.83.3', '0.83.7' ],
36 silly audit   'metro-resolver': [ '0.83.3', '0.83.7' ],
36 silly audit   'metro-runtime': [ '0.83.3', '0.83.7' ],
36 silly audit   'metro-source-map': [ '0.83.3', '0.83.7' ],
36 silly audit   'metro-symbolicate': [ '0.83.3', '0.83.7' ],
36 silly audit   'metro-transform-plugins': [ '0.83.3', '0.83.7' ],
36 silly audit   'metro-transform-worker': [ '0.83.3', '0.83.7' ],
36 silly audit   'mime-db': [ '1.52.0', '1.54.0' ],
36 silly audit   'mime-types': [ '2.1.35', '3.0.2' ],
36 silly audit   'mimic-fn': [ '1.2.0' ],
36 silly audit   minimist: [ '1.2.8' ],
36 silly audit   minipass: [ '7.1.3' ],
36 silly audit   minizlib: [ '3.1.0' ],
36 silly audit   mz: [ '2.7.0' ],
36 silly audit   'nested-error-stacks': [ '2.0.1' ],
36 silly audit   'node-forge': [ '1.4.0' ],
36 silly audit   'npm-package-arg': [ '11.0.3' ],
36 silly audit   ob1: [ '0.83.3', '0.83.7' ],
36 silly audit   'on-headers': [ '1.1.0' ],
36 silly audit   onetime: [ '2.0.1' ],
36 silly audit   ora: [ '3.4.0' ],
36 silly audit   'ansi-regex': [ '4.1.1', '5.0.1' ],
36 silly audit   'strip-ansi': [ '5.2.0', '6.0.1' ],
36 silly audit   'parse-png': [ '2.1.0' ],
36 silly audit   'path-parse': [ '1.0.7' ],
36 silly audit   'path-scurry': [ '2.0.2' ],
36 silly audit   plist: [ '3.1.1' ],
36 silly audit   pngjs: [ '3.4.0' ],
36 silly audit   postcss: [ '8.4.49', '8.5.14' ],
36 silly audit   'pretty-bytes': [ '5.6.0' ],
36 silly audit   'proc-log': [ '4.2.0' ],
36 silly audit   progress: [ '2.0.3' ],
36 silly audit   prompts: [ '2.4.2' ],
36 silly audit   'qrcode-terminal': [ '0.11.0' ],
36 silly audit   rc: [ '1.2.8' ],
36 silly audit   'react-native-is-edge-to-edge': [ '1.3.1' ],
36 silly audit   regenerate: [ '1.4.2' ],
36 silly audit   'regenerate-unicode-properties': [ '10.2.2' ],
36 silly audit   'regexpu-core': [ '6.4.0' ],
36 silly audit   regjsgen: [ '0.8.0' ],
36 silly audit   regjsparser: [ '0.13.1' ],
36 silly audit   'require-from-string': [ '2.0.2' ],
36 silly audit   requireg: [ '0.2.2' ],
36 silly audit   resolve: [ '1.7.1', '1.22.12' ],
36 silly audit   'resolve-workspace-root': [ '2.0.1' ],
36 silly audit   'resolve.exports': [ '2.0.3' ],
36 silly audit   'restore-cursor': [ '2.0.0' ],
36 silly audit   'safe-buffer': [ '5.2.1' ],
36 silly audit   sax: [ '1.6.0' ],
36 silly audit   send: [ '0.19.2', '1.2.1' ],
36 silly audit   encodeurl: [ '2.0.0', '1.0.2' ],
36 silly audit   'on-finished': [ '2.4.1', '2.3.0' ],
36 silly audit   statuses: [ '2.0.2', '1.5.0' ],
36 silly audit   'simple-plist': [ '1.3.1' ],
36 silly audit   sisteransi: [ '1.0.5' ],
36 silly audit   slugify: [ '1.6.9' ],
36 silly audit   'stream-buffers': [ '2.2.0' ],
36 silly audit   'strip-json-comments': [ '2.0.1' ],
36 silly audit   'structured-headers': [ '0.4.1' ],
36 silly audit   sucrase: [ '3.35.1' ],
36 silly audit   'supports-hyperlinks': [ '2.3.0' ],
36 silly audit   'supports-preserve-symlinks-flag': [ '1.0.0' ],
36 silly audit   tar: [ '7.5.15' ],
36 silly audit   yallist: [ '5.0.0', '3.1.1' ],
36 silly audit   'terminal-link': [ '2.1.1' ],
36 silly audit   thenify: [ '3.3.1' ],
36 silly audit   'thenify-all': [ '1.6.0' ],
36 silly audit   'ts-interface-checker': [ '0.1.13' ],
36 silly audit   undici: [ '6.25.0' ],
36 silly audit   'unicode-canonical-property-names-ecmascript': [ '2.0.1' ],
36 silly audit   'unicode-match-property-ecmascript': [ '2.0.0' ],
36 silly audit   'unicode-match-property-value-ecmascript': [ '2.2.1' ],
36 silly audit   'unicode-property-aliases-ecmascript': [ '2.2.0' ],
36 silly audit   uuid: [ '7.0.3' ],
36 silly audit   'validate-npm-package-name': [ '5.0.1' ],
36 silly audit   wcwidth: [ '1.0.1' ],
36 silly audit   'webidl-conversions': [ '5.0.0' ],
36 silly audit   'whatwg-url-without-unicode': [ '8.0.0-3' ],
36 silly audit   wonka: [ '6.3.6' ],
36 silly audit   xcode: [ '3.0.1' ],
36 silly audit   xml2js: [ '0.6.0' ],
36 silly audit   xmlbuilder: [ '11.0.1', '15.1.1' ],
36 silly audit   '@babel/compat-data': [ '7.29.3' ],
36 silly audit   '@babel/core': [ '7.29.0' ],
36 silly audit   '@babel/generator': [ '7.29.1' ],
36 silly audit   '@babel/helper-compilation-targets': [ '7.28.6' ],
36 silly audit   '@babel/helper-globals': [ '7.28.0' ],
36 silly audit   '@babel/helper-module-imports': [ '7.28.6' ],
36 silly audit   '@babel/helper-module-transforms': [ '7.28.6' ],
36 silly audit   '@babel/helper-plugin-utils': [ '7.28.6' ],
36 silly audit   '@babel/helper-string-parser': [ '7.27.1' ],
36 silly audit   '@babel/helper-validator-identifier': [ '7.28.5' ],
36 silly audit   '@babel/helper-validator-option': [ '7.27.1' ],
36 silly audit   '@babel/helpers': [ '7.29.2' ],
36 silly audit   '@babel/parser': [ '7.29.3' ],
36 silly audit   '@babel/plugin-syntax-async-generators': [ '7.8.4' ],
36 silly audit   '@babel/plugin-syntax-bigint': [ '7.8.3' ],
36 silly audit   '@babel/plugin-syntax-class-properties': [ '7.12.13' ],
36 silly audit   '@babel/plugin-syntax-class-static-block': [ '7.14.5' ],
36 silly audit   '@babel/plugin-syntax-import-attributes': [ '7.28.6' ],
36 silly audit   '@babel/plugin-syntax-import-meta': [ '7.10.4' ],
36 silly audit   '@babel/plugin-syntax-json-strings': [ '7.8.3' ],
36 silly audit   '@babel/plugin-syntax-logical-assignment-operators': [ '7.10.4' ],
36 silly audit   '@babel/plugin-syntax-nullish-coalescing-operator': [ '7.8.3' ],
36 silly audit   '@babel/plugin-syntax-numeric-separator': [ '7.10.4' ],
36 silly audit   '@babel/plugin-syntax-object-rest-spread': [ '7.8.3' ],
36 silly audit   '@babel/plugin-syntax-optional-catch-binding': [ '7.8.3' ],
36 silly audit   '@babel/plugin-syntax-optional-chaining': [ '7.8.3' ],
36 silly audit   '@babel/plugin-syntax-private-property-in-object': [ '7.14.5' ],
36 silly audit   '@babel/plugin-syntax-top-level-await': [ '7.14.5' ],
36 silly audit   '@babel/runtime': [ '7.29.2' ],
36 silly audit   '@babel/template': [ '7.28.6' ],
36 silly audit   '@babel/types': [ '7.29.0' ],
36 silly audit   '@egjs/hammerjs': [ '2.0.17' ],
36 silly audit   '@emnapi/core': [ '1.10.0' ],
36 silly audit   '@emnapi/runtime': [ '1.10.0' ],
36 silly audit   '@emnapi/wasi-threads': [ '1.2.1' ],
36 silly audit   '@esbuild/aix-ppc64': [ '0.27.7' ],
36 silly audit   '@esbuild/android-arm': [ '0.27.7' ],
36 silly audit   '@esbuild/android-arm64': [ '0.27.7' ],
36 silly audit   '@esbuild/android-x64': [ '0.27.7' ],
36 silly audit   '@esbuild/darwin-arm64': [ '0.27.7' ],
36 silly audit   '@esbuild/darwin-x64': [ '0.27.7' ],
36 silly audit   '@esbuild/freebsd-arm64': [ '0.27.7' ],
36 silly audit   '@esbuild/freebsd-x64': [ '0.27.7' ],
36 silly audit   '@esbuild/linux-arm': [ '0.27.7' ],
36 silly audit   '@esbuild/linux-arm64': [ '0.27.7' ],
36 silly audit   '@esbuild/linux-ia32': [ '0.27.7' ],
36 silly audit   '@esbuild/linux-loong64': [ '0.27.7' ],
36 silly audit   '@esbuild/linux-mips64el': [ '0.27.7' ],
36 silly audit   '@esbuild/linux-ppc64': [ '0.27.7' ],
36 silly audit   '@esbuild/linux-riscv64': [ '0.27.7' ],
36 silly audit   '@esbuild/linux-s390x': [ '0.27.7' ],
36 silly audit   '@esbuild/linux-x64': [ '0.27.7' ],
36 silly audit   '@esbuild/netbsd-arm64': [ '0.27.7' ],
36 silly audit   '@esbuild/netbsd-x64': [ '0.27.7' ],
36 silly audit   '@esbuild/openbsd-arm64': [ '0.27.7' ],
36 silly audit   '@esbuild/openbsd-x64': [ '0.27.7' ],
36 silly audit   '@esbuild/openharmony-arm64': [ '0.27.7' ],
36 silly audit   '@esbuild/sunos-x64': [ '0.27.7' ],
36 silly audit   '@esbuild/win32-arm64': [ '0.27.7' ],
36 silly audit   '@esbuild/win32-ia32': [ '0.27.7' ],
36 silly audit   '@esbuild/win32-x64': [ '0.27.7' ],
36 silly audit   '@eslint-community/eslint-utils': [ '4.9.1' ],
36 silly audit   'eslint-visitor-keys': [ '3.4.3', '5.0.1' ],
36 silly audit   '@eslint-community/regexpp': [ '4.12.2' ],
36 silly audit   '@eslint/config-array': [ '0.23.5' ],
36 silly audit   '@eslint/config-helpers': [ '0.5.5' ],
36 silly audit   '@eslint/core': [ '1.2.1' ],
36 silly audit   '@eslint/js': [ '10.0.1' ],
36 silly audit   '@eslint/object-schema': [ '3.0.5' ],
36 silly audit   '@eslint/plugin-kit': [ '0.7.1' ],
36 silly audit   '@humanfs/core': [ '0.19.2' ],
36 silly audit   '@humanfs/node': [ '0.16.8' ],
36 silly audit   '@humanfs/types': [ '0.15.0' ],
36 silly audit   '@humanwhocodes/module-importer': [ '1.0.1' ],
36 silly audit   '@humanwhocodes/retry': [ '0.4.3' ],
36 silly audit   '@isaacs/ttlcache': [ '1.4.1' ],
36 silly audit   '@istanbuljs/load-nyc-config': [ '1.1.0' ],
36 silly audit   'find-up': [ '4.1.0', '5.0.0' ],
36 silly audit   'locate-path': [ '5.0.0', '6.0.0' ],
36 silly audit   'p-limit': [ '2.3.0', '3.1.0' ],
36 silly audit   'p-locate': [ '4.1.0', '5.0.0' ],
36 silly audit   '@istanbuljs/schema': [ '0.1.6' ],
36 silly audit   '@jest/create-cache-key-function': [ '29.7.0' ],
36 silly audit   '@jest/environment': [ '29.7.0' ],
36 silly audit   '@jest/fake-timers': [ '29.7.0' ],
36 silly audit   '@jest/schemas': [ '29.6.3' ],
36 silly audit   '@jest/transform': [ '29.7.0' ],
36 silly audit   '@jest/types': [ '29.6.3' ],
36 silly audit   '@jridgewell/gen-mapping': [ '0.3.13' ],
36 silly audit   '@jridgewell/remapping': [ '2.3.5' ],
36 silly audit   '@jridgewell/resolve-uri': [ '3.1.2' ],
36 silly audit   '@jridgewell/source-map': [ '0.3.11' ],
36 silly audit   '@jridgewell/sourcemap-codec': [ '1.5.5' ],
36 silly audit   '@jridgewell/trace-mapping': [ '0.3.31' ],
36 silly audit   '@napi-rs/wasm-runtime': [ '1.1.4' ],
36 silly audit   '@oxc-project/types': [ '0.129.0' ],
36 silly audit   '@react-native/assets-registry': [ '0.81.5' ],
36 silly audit   '@react-native/codegen': [ '0.81.5' ],
36 silly audit   '@react-native/community-cli-plugin': [ '0.81.5' ],
36 silly audit   '@react-native/debugger-frontend': [ '0.81.5' ],
36 silly audit   '@react-native/dev-middleware': [ '0.81.5' ],
36 silly audit   'serve-static': [ '1.16.3', '2.2.1' ],
36 silly audit   '@react-native/gradle-plugin': [ '0.81.5' ],
36 silly audit   '@react-native/js-polyfills': [ '0.81.5' ],
36 silly audit   '@react-native/normalize-colors': [ '0.81.5' ],
36 silly audit   '@react-native/virtualized-lists': [ '0.81.5' ],
36 silly audit   '@react-navigation/bottom-tabs': [ '7.15.13' ],
36 silly audit   '@react-navigation/core': [ '7.17.4' ],
36 silly audit   '@react-navigation/elements': [ '2.9.17' ],
36 silly audit   '@react-navigation/native': [ '7.2.4' ],
36 silly audit   '@react-navigation/native-stack': [ '7.14.14' ],
36 silly audit   '@react-navigation/routers': [ '7.5.5' ],
36 silly audit   '@rolldown/binding-android-arm64': [ '1.0.0' ],
36 silly audit   '@rolldown/binding-darwin-arm64': [ '1.0.0' ],
36 silly audit   '@rolldown/binding-darwin-x64': [ '1.0.0' ],
36 silly audit   '@rolldown/binding-freebsd-x64': [ '1.0.0' ],
36 silly audit   '@rolldown/binding-linux-arm-gnueabihf': [ '1.0.0' ],
36 silly audit   '@rolldown/binding-linux-arm64-gnu': [ '1.0.0' ],
36 silly audit   '@rolldown/binding-linux-arm64-musl': [ '1.0.0' ],
36 silly audit   '@rolldown/binding-linux-ppc64-gnu': [ '1.0.0' ],
36 silly audit   '@rolldown/binding-linux-s390x-gnu': [ '1.0.0' ],
36 silly audit   '@rolldown/binding-linux-x64-gnu': [ '1.0.0' ],
36 silly audit   '@rolldown/binding-linux-x64-musl': [ '1.0.0' ],
36 silly audit   '@rolldown/binding-openharmony-arm64': [ '1.0.0' ],
36 silly audit   '@rolldown/binding-wasm32-wasi': [ '1.0.0' ],
36 silly audit   '@rolldown/binding-win32-arm64-msvc': [ '1.0.0' ],
36 silly audit   '@rolldown/binding-win32-x64-msvc': [ '1.0.0' ],
36 silly audit   '@rolldown/pluginutils': [ '1.0.0-rc.7', '1.0.0' ],
36 silly audit   '@sinclair/typebox': [ '0.27.10' ],
36 silly audit   '@sinonjs/commons': [ '3.0.1' ],
36 silly audit   '@sinonjs/fake-timers': [ '10.3.0' ],
36 silly audit   '@tybys/wasm-util': [ '0.10.2' ],
36 silly audit   '@types/babel__core': [ '7.20.5' ],
36 silly audit   '@types/babel__generator': [ '7.27.0' ],
36 silly audit   '@types/babel__template': [ '7.4.4' ],
36 silly audit   '@types/babel__traverse': [ '7.28.0' ],
36 silly audit   '@types/body-parser': [ '1.19.6' ],
36 silly audit   '@types/connect': [ '3.4.38' ],
36 silly audit   '@types/cors': [ '2.8.19' ],
36 silly audit   '@types/esrecurse': [ '4.3.1' ],
36 silly audit   '@types/estree': [ '1.0.9' ],
36 silly audit   '@types/express': [ '5.0.6' ],
36 silly audit   '@types/express-serve-static-core': [ '5.1.1' ],
36 silly audit   '@types/graceful-fs': [ '4.1.9' ],
36 silly audit   '@types/hammerjs': [ '2.0.46' ],
36 silly audit   '@types/http-errors': [ '2.0.5' ],
36 silly audit   '@types/istanbul-lib-coverage': [ '2.0.6' ],
36 silly audit   '@types/istanbul-lib-report': [ '3.0.3' ],
36 silly audit   '@types/istanbul-reports': [ '3.0.4' ],
36 silly audit   '@types/json-schema': [ '7.0.15' ],
36 silly audit   '@types/node': [ '24.12.3' ],
36 silly audit   '@types/qs': [ '6.15.1' ],
36 silly audit   '@types/range-parser': [ '1.2.7' ],
36 silly audit   '@types/react-test-renderer': [ '19.1.0' ],
36 silly audit   '@types/send': [ '1.2.1' ],
36 silly audit   '@types/serve-static': [ '2.2.0' ],
36 silly audit   '@types/stack-utils': [ '2.0.3' ],
36 silly audit   '@types/yargs': [ '17.0.35' ],
36 silly audit   '@types/yargs-parser': [ '21.0.3' ],
36 silly audit   '@typescript-eslint/eslint-plugin': [ '8.59.2' ],
36 silly audit   ignore: [ '7.0.5', '5.3.2' ],
36 silly audit   '@typescript-eslint/parser': [ '8.59.2' ],
36 silly audit   '@typescript-eslint/project-service': [ '8.59.2' ],
36 silly audit   '@typescript-eslint/scope-manager': [ '8.59.2' ],
36 silly audit   '@typescript-eslint/tsconfig-utils': [ '8.59.2' ],
36 silly audit   '@typescript-eslint/type-utils': [ '8.59.2' ],
36 silly audit   '@typescript-eslint/types': [ '8.59.2' ],
36 silly audit   '@typescript-eslint/typescript-estree': [ '8.59.2' ],
36 silly audit   '@typescript-eslint/utils': [ '8.59.2' ],
36 silly audit   '@typescript-eslint/visitor-keys': [ '8.59.2' ],
36 silly audit   '@vitejs/plugin-react': [ '6.0.1' ],
36 silly audit   'abort-controller': [ '3.0.0' ],
36 silly audit   acorn: [ '8.16.0' ],
36 silly audit   'acorn-jsx': [ '5.3.2' ],
36 silly audit   'agent-base': [ '7.1.4' ],
36 silly audit   ajv: [ '6.15.0' ],
36 silly audit   anser: [ '1.4.10' ],
36 silly audit   anymatch: [ '3.1.3' ],
36 silly audit   asap: [ '2.0.6' ],
36 silly audit   'async-limiter': [ '1.0.1' ],
36 silly audit   'babel-jest': [ '29.7.0' ],
36 silly audit   'babel-plugin-istanbul': [ '6.1.1' ],
36 silly audit   'babel-plugin-jest-hoist': [ '29.6.3' ],
36 silly audit   'babel-plugin-syntax-hermes-parser': [ '0.29.1' ],
36 silly audit   'babel-preset-current-node-syntax': [ '1.2.0' ],
36 silly audit   'babel-preset-jest': [ '29.6.3' ],
36 silly audit   'base64-js': [ '1.5.1' ],
36 silly audit   'baseline-browser-mapping': [ '2.10.29' ],
36 silly audit   'body-parser': [ '2.2.2' ],
36 silly audit   braces: [ '3.0.3' ],
36 silly audit   browserslist: [ '4.28.2' ],
36 silly audit   bser: [ '2.1.1' ],
36 silly audit   'buffer-from': [ '1.1.2' ],
36 silly audit   bytes: [ '3.1.2' ],
36 silly audit   'call-bind-apply-helpers': [ '1.0.2' ],
36 silly audit   'call-bound': [ '1.0.4' ],
36 silly audit   camelcase: [ '5.3.1', '6.3.0' ],
36 silly audit   'caniuse-lite': [ '1.0.30001792' ],
36 silly audit   'chrome-launcher': [ '0.15.2' ],
36 silly audit   'chromium-edge-launcher': [ '0.2.0' ],
36 silly audit   cliui: [ '8.0.1' ],
36 silly audit   color: [ '4.2.3' ],
36 silly audit   'color-string': [ '1.9.1' ],
36 silly audit   'concat-map': [ '0.0.1' ],
36 silly audit   connect: [ '3.7.0' ],
36 silly audit   finalhandler: [ '1.1.2', '2.1.1' ],
36 silly audit   'content-disposition': [ '1.1.0' ],
36 silly audit   'content-type': [ '1.0.5' ],
36 silly audit   'convert-source-map': [ '2.0.0' ],
36 silly audit   cookie: [ '0.7.2' ],
36 silly audit   'cookie-signature': [ '1.2.2' ],
36 silly audit   cors: [ '2.8.6' ],
36 silly audit   'cross-spawn': [ '7.0.6' ],
36 silly audit   csstype: [ '3.2.3' ],
36 silly audit   'decode-uri-component': [ '0.2.2' ],
36 silly audit   'deep-is': [ '0.1.4' ],
36 silly audit   depd: [ '2.0.0' ],
36 silly audit   destroy: [ '1.2.0' ],
36 silly audit   'detect-libc': [ '2.1.2' ],
36 silly audit   'dunder-proto': [ '1.0.1' ],
36 silly audit   'ee-first': [ '1.1.1' ],
36 silly audit   'electron-to-chromium': [ '1.5.353' ],
36 silly audit   'emoji-regex': [ '8.0.0' ],
36 silly audit   'error-stack-parser': [ '2.1.4' ],
36 silly audit   'es-define-property': [ '1.0.1' ],
36 silly audit   'es-errors': [ '1.3.0' ],
36 silly audit   'es-object-atoms': [ '1.1.1' ],
36 silly audit   esbuild: [ '0.27.7' ],
36 silly audit   escalade: [ '3.2.0' ],
36 silly audit   'escape-html': [ '1.0.3' ],
36 silly audit   eslint: [ '10.3.0' ],
36 silly audit   'eslint-plugin-react-hooks': [ '7.1.1' ],
36 silly audit   'eslint-plugin-react-refresh': [ '0.5.2' ],
36 silly audit   'eslint-scope': [ '9.1.2' ],
36 silly audit   espree: [ '11.2.0' ],
36 silly audit   esprima: [ '4.0.1' ],
36 silly audit   esquery: [ '1.7.0' ],
36 silly audit   esrecurse: [ '4.3.0' ],
36 silly audit   estraverse: [ '5.3.0' ],
36 silly audit   esutils: [ '2.0.3' ],
36 silly audit   etag: [ '1.8.1' ],
36 silly audit   'event-target-shim': [ '5.0.1' ],
36 silly audit   'exponential-backoff': [ '3.1.3' ],
36 silly audit   express: [ '5.2.1' ],
36 silly audit   'fast-deep-equal': [ '3.1.3' ],
36 silly audit   'fast-json-stable-stringify': [ '2.1.0' ],
36 silly audit   'fast-levenshtein': [ '2.0.6' ],
36 silly audit   'fb-watchman': [ '2.0.2' ],
36 silly audit   fdir: [ '6.5.0' ],
36 silly audit   'file-entry-cache': [ '8.0.0' ],
36 silly audit   'fill-range': [ '7.1.1' ],
36 silly audit   'filter-obj': [ '1.1.0' ],
36 silly audit   'flat-cache': [ '4.0.1' ],
36 silly audit   flatted: [ '3.4.2' ],
36 silly audit   'flow-enums-runtime': [ '0.0.6' ],
36 silly audit   forwarded: [ '0.2.0' ],
36 silly audit   'fs.realpath': [ '1.0.0' ],
36 silly audit   fsevents: [ '2.3.3' ],
36 silly audit   'function-bind': [ '1.1.2' ],
36 silly audit   gensync: [ '1.0.0-beta.2' ],
36 silly audit   'get-caller-file': [ '2.0.5' ],
36 silly audit   'get-intrinsic': [ '1.3.0' ],
36 silly audit   'get-package-type': [ '0.1.0' ],
36 silly audit   'get-proto': [ '1.0.1' ],
36 silly audit   'get-tsconfig': [ '4.14.0' ],
36 silly audit   'glob-parent': [ '6.0.2' ],
36 silly audit   globals: [ '17.6.0' ],
36 silly audit   gopd: [ '1.2.0' ],
36 silly audit   'graceful-fs': [ '4.2.11' ],
36 silly audit   'has-symbols': [ '1.1.0' ],
36 silly audit   hasown: [ '2.0.3' ],
36 silly audit   'hoist-non-react-statics': [ '3.3.2' ],
36 silly audit   'react-is': [ '16.13.1', '18.3.1', '19.2.6' ],
36 silly audit   'http-errors': [ '2.0.1' ],
36 silly audit   'https-proxy-agent': [ '7.0.6' ],
36 silly audit   'iconv-lite': [ '0.7.2' ],
36 silly audit   'image-size': [ '1.2.1' ],
36 silly audit   imurmurhash: [ '0.1.4' ],
36 silly audit   inflight: [ '1.0.6' ],
36 silly audit   inherits: [ '2.0.4' ],
36 silly audit   invariant: [ '2.2.4' ],
36 silly audit   'ipaddr.js': [ '1.9.1' ],
36 silly audit   'is-arrayish': [ '0.3.4' ],
36 silly audit   'is-docker': [ '2.2.1' ],
36 silly audit   'is-extglob': [ '2.1.1' ],
36 silly audit   'is-fullwidth-code-point': [ '3.0.0' ],
36 silly audit   'is-glob': [ '4.0.3' ],
36 silly audit   'is-number': [ '7.0.0' ],
36 silly audit   'is-promise': [ '4.0.0' ],
36 silly audit   'is-wsl': [ '2.2.0' ],
36 silly audit   isexe: [ '2.0.0' ],
36 silly audit   'istanbul-lib-coverage': [ '3.2.2' ],
36 silly audit   'istanbul-lib-instrument': [ '5.2.1' ],
36 silly audit   'jest-environment-node': [ '29.7.0' ],
36 silly audit   'jest-get-type': [ '29.6.3' ],
36 silly audit   'jest-haste-map': [ '29.7.0' ],
36 silly audit   'jest-message-util': [ '29.7.0' ],
36 silly audit   'jest-mock': [ '29.7.0' ],
36 silly audit   'jest-regex-util': [ '29.6.3' ],
36 silly audit   'jest-util': [ '29.7.0' ],
36 silly audit   'jest-validate': [ '29.7.0' ],
36 silly audit   'jest-worker': [ '29.7.0' ],
36 silly audit   'js-tokens': [ '4.0.0' ],
36 silly audit   'jsc-safe-url': [ '0.2.4' ],
36 silly audit   jsesc: [ '3.1.0' ],
36 silly audit   'json-buffer': [ '3.0.1' ],
36 silly audit   'json-schema-traverse': [ '0.4.1' ],
36 silly audit   'json-stable-stringify-without-jsonify': [ '1.0.1' ],
36 silly audit   json5: [ '2.2.3' ],
36 silly audit   keyv: [ '4.5.4' ],
36 silly audit   leven: [ '3.1.0' ],
36 silly audit   levn: [ '0.4.1' ],
36 silly audit   'lighthouse-logger': [ '1.4.2' ],
36 silly audit   lightningcss: [ '1.32.0' ],
36 silly audit   'lightningcss-android-arm64': [ '1.32.0' ],
36 silly audit   'lightningcss-darwin-arm64': [ '1.32.0' ],
36 silly audit   'lightningcss-darwin-x64': [ '1.32.0' ],
36 silly audit   'lightningcss-freebsd-x64': [ '1.32.0' ],
36 silly audit   'lightningcss-linux-arm-gnueabihf': [ '1.32.0' ],
36 silly audit   'lightningcss-linux-arm64-gnu': [ '1.32.0' ],
36 silly audit   'lightningcss-linux-arm64-musl': [ '1.32.0' ],
36 silly audit   'lightningcss-linux-x64-gnu': [ '1.32.0' ],
36 silly audit   'lightningcss-linux-x64-musl': [ '1.32.0' ],
36 silly audit   'lightningcss-win32-arm64-msvc': [ '1.32.0' ],
36 silly audit   'lightningcss-win32-x64-msvc': [ '1.32.0' ],
36 silly audit   'lodash.throttle': [ '4.1.1' ],
36 silly audit   'loose-envify': [ '1.4.0' ],
36 silly audit   makeerror: [ '1.0.12' ],
36 silly audit   marky: [ '1.3.0' ],
36 silly audit   'math-intrinsics': [ '1.1.0' ],
36 silly audit   'media-typer': [ '1.1.0' ],
36 silly audit   'memoize-one': [ '5.2.1' ],
36 silly audit   'merge-descriptors': [ '2.0.0' ],
36 silly audit   'merge-stream': [ '2.0.0' ],
36 silly audit   micromatch: [ '4.0.8' ],
36 silly audit   mime: [ '1.6.0' ],
36 silly audit   mkdirp: [ '1.0.4' ],
36 silly audit   nanoid: [ '3.3.12' ],
36 silly audit   'natural-compare': [ '1.4.0' ],
36 silly audit   'node-int64': [ '0.4.0' ],
36 silly audit   'node-releases': [ '2.0.38' ],
36 silly audit   'normalize-path': [ '3.0.0' ],
36 silly audit   nullthrows: [ '1.1.1' ],
36 silly audit   'object-assign': [ '4.1.1' ],
36 silly audit   'object-inspect': [ '1.13.4' ],
36 silly audit   once: [ '1.4.0' ],
36 silly audit   optionator: [ '0.9.4' ],
36 silly audit   'p-try': [ '2.2.0' ],
36 silly audit   parseurl: [ '1.3.3' ],
36 silly audit   'path-exists': [ '4.0.0' ],
36 silly audit   'path-is-absolute': [ '1.0.1' ],
36 silly audit   'path-key': [ '3.1.1' ],
36 silly audit   'path-to-regexp': [ '8.4.2' ],
36 silly audit   picocolors: [ '1.1.1' ],
36 silly audit   pirates: [ '4.0.7' ],
36 silly audit   'prelude-ls': [ '1.2.1' ],
36 silly audit   'pretty-format': [ '29.7.0' ],
36 silly audit   promise: [ '8.3.0' ],
36 silly audit   'proxy-addr': [ '2.0.7' ],
36 silly audit   punycode: [ '2.3.1' ],
36 silly audit   qs: [ '6.15.1' ],
36 silly audit   'query-string': [ '7.1.3' ],
36 silly audit   queue: [ '6.0.2' ],
36 silly audit   'range-parser': [ '1.2.1' ],
36 silly audit   'raw-body': [ '3.0.2' ],
36 silly audit   'react-devtools-core': [ '6.1.5' ],
36 silly audit   'react-freeze': [ '1.0.4' ],
36 silly audit   'react-native': [ '0.81.5' ],
36 silly audit   'react-native-gesture-handler': [ '2.31.2' ],
36 silly audit   'react-native-safe-area-context': [ '5.7.0' ],
36 silly audit   'react-native-screens': [ '4.24.0' ],
36 silly audit   'react-refresh': [ '0.14.2' ],
36 silly audit   'regenerator-runtime': [ '0.13.11' ],
36 silly audit   'require-directory': [ '2.1.1' ],
36 silly audit   'resolve-from': [ '5.0.0' ],
36 silly audit   'resolve-pkg-maps': [ '1.0.0' ],
36 silly audit   rimraf: [ '3.0.2' ],
36 silly audit   rolldown: [ '1.0.0' ],
36 silly audit   router: [ '2.2.0' ],
36 silly audit   'safer-buffer': [ '2.1.2' ],
36 silly audit   'serialize-error': [ '2.1.0' ],
36 silly audit   setprototypeof: [ '1.2.0' ],
36 silly audit   'sf-symbols-typescript': [ '2.2.0' ],
36 silly audit   'shebang-command': [ '2.0.0' ],
36 silly audit   'shebang-regex': [ '3.0.0' ],
36 silly audit   'shell-quote': [ '1.8.3' ],
36 silly audit   'side-channel': [ '1.1.0' ],
36 silly audit   'side-channel-list': [ '1.0.1' ],
36 silly audit   'side-channel-map': [ '1.0.1' ],
36 silly audit   'side-channel-weakmap': [ '1.0.2' ],
36 silly audit   'signal-exit': [ '3.0.7' ],
36 silly audit   'simple-swizzle': [ '0.2.4' ],
36 silly audit   slash: [ '3.0.0' ],
36 silly audit   'source-map': [ '0.5.7', '0.6.1' ],
36 silly audit   'source-map-js': [ '1.2.1' ],
36 silly audit   'source-map-support': [ '0.5.21' ],
36 silly audit   'split-on-first': [ '1.1.0' ],
36 silly audit   'sprintf-js': [ '1.0.3' ],
36 silly audit   'stack-utils': [ '2.0.6' ],
36 silly audit   stackframe: [ '1.3.4' ],
36 silly audit   'stacktrace-parser': [ '0.1.11' ],
36 silly audit   'strict-uri-encode': [ '2.0.0' ],
36 silly audit   'string-width': [ '4.2.3' ],
36 silly audit   terser: [ '5.47.1' ],
36 silly audit   'test-exclude': [ '6.0.0' ],
36 silly audit   throat: [ '5.0.0' ],
36 silly audit   tinyglobby: [ '0.2.16' ],
36 silly audit   tmpl: [ '1.0.5' ],
36 silly audit   'to-regex-range': [ '5.0.1' ],
36 silly audit   toidentifier: [ '1.0.1' ],
36 silly audit   'ts-api-utils': [ '2.5.0' ],
36 silly audit   tslib: [ '2.8.1' ],
36 silly audit   tsx: [ '4.21.0' ],
36 silly audit   'type-check': [ '0.4.0' ],
36 silly audit   'type-detect': [ '4.0.8' ],
36 silly audit   'type-is': [ '2.0.1' ],
36 silly audit   'typescript-eslint': [ '8.59.2' ],
36 silly audit   'undici-types': [ '7.16.0' ],
36 silly audit   unpipe: [ '1.0.0' ],
36 silly audit   'update-browserslist-db': [ '1.2.3' ],
36 silly audit   'uri-js': [ '4.4.1' ],
36 silly audit   'use-latest-callback': [ '0.2.6' ],
36 silly audit   'use-sync-external-store': [ '1.6.0' ],
36 silly audit   'utils-merge': [ '1.0.1' ],
36 silly audit   vary: [ '1.1.2' ],
36 silly audit   vite: [ '8.0.12' ],
36 silly audit   vlq: [ '1.0.1' ],
36 silly audit   walker: [ '1.0.8' ],
36 silly audit   'warn-once': [ '0.1.1' ],
36 silly audit   'whatwg-fetch': [ '3.6.20' ],
36 silly audit   which: [ '2.0.2' ],
36 silly audit   'word-wrap': [ '1.2.5' ],
36 silly audit   'wrap-ansi': [ '7.0.0' ],
36 silly audit   wrappy: [ '1.0.2' ],
36 silly audit   'write-file-atomic': [ '4.0.2' ],
36 silly audit   y18n: [ '5.0.8' ],
36 silly audit   yaml: [ '2.8.4' ],
36 silly audit   yargs: [ '17.7.2' ],
36 silly audit   'yargs-parser': [ '21.1.1' ],
36 silly audit   'yocto-queue': [ '0.1.0' ],
36 silly audit   zod: [ '4.4.3' ],
36 silly audit   'zod-validation-error': [ '4.0.2' ]
36 silly audit }
37 verbose reify failed optional dependency /Users/mac/Documents/code/credit/node_modules/lightningcss-win32-x64-msvc
38 silly reify mark deleted [
38 silly reify   '/Users/mac/Documents/code/credit/node_modules/lightningcss-win32-x64-msvc'
38 silly reify ]
39 verbose reify failed optional dependency /Users/mac/Documents/code/credit/node_modules/lightningcss-win32-arm64-msvc
40 silly reify mark deleted [
40 silly reify   '/Users/mac/Documents/code/credit/node_modules/lightningcss-win32-arm64-msvc'
40 silly reify ]
41 verbose reify failed optional dependency /Users/mac/Documents/code/credit/node_modules/lightningcss-linux-x64-musl
42 silly reify mark deleted [
42 silly reify   '/Users/mac/Documents/code/credit/node_modules/lightningcss-linux-x64-musl'
42 silly reify ]
43 verbose reify failed optional dependency /Users/mac/Documents/code/credit/node_modules/lightningcss-linux-x64-gnu
44 silly reify mark deleted [
44 silly reify   '/Users/mac/Documents/code/credit/node_modules/lightningcss-linux-x64-gnu'
44 silly reify ]
45 verbose reify failed optional dependency /Users/mac/Documents/code/credit/node_modules/lightningcss-linux-arm64-musl
46 silly reify mark deleted [
46 silly reify   '/Users/mac/Documents/code/credit/node_modules/lightningcss-linux-arm64-musl'
46 silly reify ]
47 verbose reify failed optional dependency /Users/mac/Documents/code/credit/node_modules/lightningcss-linux-arm64-gnu
48 silly reify mark deleted [
48 silly reify   '/Users/mac/Documents/code/credit/node_modules/lightningcss-linux-arm64-gnu'
48 silly reify ]
49 verbose reify failed optional dependency /Users/mac/Documents/code/credit/node_modules/lightningcss-linux-arm-gnueabihf
50 silly reify mark deleted [
50 silly reify   '/Users/mac/Documents/code/credit/node_modules/lightningcss-linux-arm-gnueabihf'
50 silly reify ]
51 verbose reify failed optional dependency /Users/mac/Documents/code/credit/node_modules/lightningcss-freebsd-x64
52 silly reify mark deleted [
52 silly reify   '/Users/mac/Documents/code/credit/node_modules/lightningcss-freebsd-x64'
52 silly reify ]
53 verbose reify failed optional dependency /Users/mac/Documents/code/credit/node_modules/lightningcss-darwin-arm64
54 silly reify mark deleted [
54 silly reify   '/Users/mac/Documents/code/credit/node_modules/lightningcss-darwin-arm64'
54 silly reify ]
55 verbose reify failed optional dependency /Users/mac/Documents/code/credit/node_modules/lightningcss-android-arm64
56 silly reify mark deleted [
56 silly reify   '/Users/mac/Documents/code/credit/node_modules/lightningcss-android-arm64'
56 silly reify ]
57 verbose reify failed optional dependency /Users/mac/Documents/code/credit/node_modules/@rolldown/binding-win32-x64-msvc
58 silly reify mark deleted [
58 silly reify   '/Users/mac/Documents/code/credit/node_modules/@rolldown/binding-win32-x64-msvc'
58 silly reify ]
59 verbose reify failed optional dependency /Users/mac/Documents/code/credit/node_modules/@rolldown/binding-win32-arm64-msvc
60 silly reify mark deleted [
60 silly reify   '/Users/mac/Documents/code/credit/node_modules/@rolldown/binding-win32-arm64-msvc'
60 silly reify ]
61 verbose reify failed optional dependency /Users/mac/Documents/code/credit/node_modules/@rolldown/binding-wasm32-wasi
62 silly reify mark deleted [
62 silly reify   '/Users/mac/Documents/code/credit/node_modules/@rolldown/binding-wasm32-wasi'
62 silly reify ]
63 verbose reify failed optional dependency /Users/mac/Documents/code/credit/node_modules/@emnapi/core
64 silly reify mark deleted [ '/Users/mac/Documents/code/credit/node_modules/@emnapi/core' ]
65 verbose reify failed optional dependency /Users/mac/Documents/code/credit/node_modules/@emnapi/runtime
66 silly reify mark deleted [ '/Users/mac/Documents/code/credit/node_modules/@emnapi/runtime' ]
67 verbose reify failed optional dependency /Users/mac/Documents/code/credit/node_modules/@napi-rs/wasm-runtime
68 silly reify mark deleted [
68 silly reify   '/Users/mac/Documents/code/credit/node_modules/@napi-rs/wasm-runtime'
68 silly reify ]
69 verbose reify failed optional dependency /Users/mac/Documents/code/credit/node_modules/@emnapi/wasi-threads
70 silly reify mark deleted [
70 silly reify   '/Users/mac/Documents/code/credit/node_modules/@emnapi/wasi-threads'
70 silly reify ]
71 verbose reify failed optional dependency /Users/mac/Documents/code/credit/node_modules/tslib
72 silly reify mark deleted [ '/Users/mac/Documents/code/credit/node_modules/tslib' ]
73 verbose reify failed optional dependency /Users/mac/Documents/code/credit/node_modules/@tybys/wasm-util
74 silly reify mark deleted [ '/Users/mac/Documents/code/credit/node_modules/@tybys/wasm-util' ]
75 verbose reify failed optional dependency /Users/mac/Documents/code/credit/node_modules/@rolldown/binding-openharmony-arm64
76 silly reify mark deleted [
76 silly reify   '/Users/mac/Documents/code/credit/node_modules/@rolldown/binding-openharmony-arm64'
76 silly reify ]
77 verbose reify failed optional dependency /Users/mac/Documents/code/credit/node_modules/@rolldown/binding-linux-x64-musl
78 silly reify mark deleted [
78 silly reify   '/Users/mac/Documents/code/credit/node_modules/@rolldown/binding-linux-x64-musl'
78 silly reify ]
79 verbose reify failed optional dependency /Users/mac/Documents/code/credit/node_modules/@rolldown/binding-linux-x64-gnu
80 silly reify mark deleted [
80 silly reify   '/Users/mac/Documents/code/credit/node_modules/@rolldown/binding-linux-x64-gnu'
80 silly reify ]
81 verbose reify failed optional dependency /Users/mac/Documents/code/credit/node_modules/@rolldown/binding-linux-s390x-gnu
82 silly reify mark deleted [
82 silly reify   '/Users/mac/Documents/code/credit/node_modules/@rolldown/binding-linux-s390x-gnu'
82 silly reify ]
83 verbose reify failed optional dependency /Users/mac/Documents/code/credit/node_modules/@rolldown/binding-linux-ppc64-gnu
84 silly reify mark deleted [
84 silly reify   '/Users/mac/Documents/code/credit/node_modules/@rolldown/binding-linux-ppc64-gnu'
84 silly reify ]
85 verbose reify failed optional dependency /Users/mac/Documents/code/credit/node_modules/@rolldown/binding-linux-arm64-musl
86 silly reify mark deleted [
86 silly reify   '/Users/mac/Documents/code/credit/node_modules/@rolldown/binding-linux-arm64-musl'
86 silly reify ]
87 verbose reify failed optional dependency /Users/mac/Documents/code/credit/node_modules/@rolldown/binding-linux-arm64-gnu
88 silly reify mark deleted [
88 silly reify   '/Users/mac/Documents/code/credit/node_modules/@rolldown/binding-linux-arm64-gnu'
88 silly reify ]
89 verbose reify failed optional dependency /Users/mac/Documents/code/credit/node_modules/@rolldown/binding-linux-arm-gnueabihf
90 silly reify mark deleted [
90 silly reify   '/Users/mac/Documents/code/credit/node_modules/@rolldown/binding-linux-arm-gnueabihf'
90 silly reify ]
91 verbose reify failed optional dependency /Users/mac/Documents/code/credit/node_modules/@rolldown/binding-freebsd-x64
92 silly reify mark deleted [
92 silly reify   '/Users/mac/Documents/code/credit/node_modules/@rolldown/binding-freebsd-x64'
92 silly reify ]
93 verbose reify failed optional dependency /Users/mac/Documents/code/credit/node_modules/@rolldown/binding-darwin-arm64
94 silly reify mark deleted [
94 silly reify   '/Users/mac/Documents/code/credit/node_modules/@rolldown/binding-darwin-arm64'
94 silly reify ]
95 verbose reify failed optional dependency /Users/mac/Documents/code/credit/node_modules/@rolldown/binding-android-arm64
96 silly reify mark deleted [
96 silly reify   '/Users/mac/Documents/code/credit/node_modules/@rolldown/binding-android-arm64'
96 silly reify ]
97 verbose reify failed optional dependency /Users/mac/Documents/code/credit/node_modules/@esbuild/win32-x64
98 silly reify mark deleted [ '/Users/mac/Documents/code/credit/node_modules/@esbuild/win32-x64' ]
99 verbose reify failed optional dependency /Users/mac/Documents/code/credit/node_modules/@esbuild/win32-ia32
100 silly reify mark deleted [ '/Users/mac/Documents/code/credit/node_modules/@esbuild/win32-ia32' ]
101 verbose reify failed optional dependency /Users/mac/Documents/code/credit/node_modules/@esbuild/win32-arm64
102 silly reify mark deleted [
102 silly reify   '/Users/mac/Documents/code/credit/node_modules/@esbuild/win32-arm64'
102 silly reify ]
103 verbose reify failed optional dependency /Users/mac/Documents/code/credit/node_modules/@esbuild/sunos-x64
104 silly reify mark deleted [ '/Users/mac/Documents/code/credit/node_modules/@esbuild/sunos-x64' ]
105 verbose reify failed optional dependency /Users/mac/Documents/code/credit/node_modules/@esbuild/openharmony-arm64
106 silly reify mark deleted [
106 silly reify   '/Users/mac/Documents/code/credit/node_modules/@esbuild/openharmony-arm64'
106 silly reify ]
107 verbose reify failed optional dependency /Users/mac/Documents/code/credit/node_modules/@esbuild/openbsd-x64
108 silly reify mark deleted [
108 silly reify   '/Users/mac/Documents/code/credit/node_modules/@esbuild/openbsd-x64'
108 silly reify ]
109 verbose reify failed optional dependency /Users/mac/Documents/code/credit/node_modules/@esbuild/openbsd-arm64
110 silly reify mark deleted [
110 silly reify   '/Users/mac/Documents/code/credit/node_modules/@esbuild/openbsd-arm64'
110 silly reify ]
111 verbose reify failed optional dependency /Users/mac/Documents/code/credit/node_modules/@esbuild/netbsd-x64
112 silly reify mark deleted [ '/Users/mac/Documents/code/credit/node_modules/@esbuild/netbsd-x64' ]
113 verbose reify failed optional dependency /Users/mac/Documents/code/credit/node_modules/@esbuild/netbsd-arm64
114 silly reify mark deleted [
114 silly reify   '/Users/mac/Documents/code/credit/node_modules/@esbuild/netbsd-arm64'
114 silly reify ]
115 verbose reify failed optional dependency /Users/mac/Documents/code/credit/node_modules/@esbuild/linux-x64
116 silly reify mark deleted [ '/Users/mac/Documents/code/credit/node_modules/@esbuild/linux-x64' ]
117 verbose reify failed optional dependency /Users/mac/Documents/code/credit/node_modules/@esbuild/linux-s390x
118 silly reify mark deleted [
118 silly reify   '/Users/mac/Documents/code/credit/node_modules/@esbuild/linux-s390x'
118 silly reify ]
119 verbose reify failed optional dependency /Users/mac/Documents/code/credit/node_modules/@esbuild/linux-riscv64
120 silly reify mark deleted [
120 silly reify   '/Users/mac/Documents/code/credit/node_modules/@esbuild/linux-riscv64'
120 silly reify ]
121 verbose reify failed optional dependency /Users/mac/Documents/code/credit/node_modules/@esbuild/linux-ppc64
122 silly reify mark deleted [
122 silly reify   '/Users/mac/Documents/code/credit/node_modules/@esbuild/linux-ppc64'
122 silly reify ]
123 verbose reify failed optional dependency /Users/mac/Documents/code/credit/node_modules/@esbuild/linux-mips64el
124 silly reify mark deleted [
124 silly reify   '/Users/mac/Documents/code/credit/node_modules/@esbuild/linux-mips64el'
124 silly reify ]
125 verbose reify failed optional dependency /Users/mac/Documents/code/credit/node_modules/@esbuild/linux-loong64
126 silly reify mark deleted [
126 silly reify   '/Users/mac/Documents/code/credit/node_modules/@esbuild/linux-loong64'
126 silly reify ]
127 verbose reify failed optional dependency /Users/mac/Documents/code/credit/node_modules/@esbuild/linux-ia32
128 silly reify mark deleted [ '/Users/mac/Documents/code/credit/node_modules/@esbuild/linux-ia32' ]
129 verbose reify failed optional dependency /Users/mac/Documents/code/credit/node_modules/@esbuild/linux-arm64
130 silly reify mark deleted [
130 silly reify   '/Users/mac/Documents/code/credit/node_modules/@esbuild/linux-arm64'
130 silly reify ]
131 verbose reify failed optional dependency /Users/mac/Documents/code/credit/node_modules/@esbuild/linux-arm
132 silly reify mark deleted [ '/Users/mac/Documents/code/credit/node_modules/@esbuild/linux-arm' ]
133 verbose reify failed optional dependency /Users/mac/Documents/code/credit/node_modules/@esbuild/freebsd-x64
134 silly reify mark deleted [
134 silly reify   '/Users/mac/Documents/code/credit/node_modules/@esbuild/freebsd-x64'
134 silly reify ]
135 verbose reify failed optional dependency /Users/mac/Documents/code/credit/node_modules/@esbuild/freebsd-arm64
136 silly reify mark deleted [
136 silly reify   '/Users/mac/Documents/code/credit/node_modules/@esbuild/freebsd-arm64'
136 silly reify ]
137 verbose reify failed optional dependency /Users/mac/Documents/code/credit/node_modules/@esbuild/darwin-arm64
138 silly reify mark deleted [
138 silly reify   '/Users/mac/Documents/code/credit/node_modules/@esbuild/darwin-arm64'
138 silly reify ]
139 verbose reify failed optional dependency /Users/mac/Documents/code/credit/node_modules/@esbuild/android-x64
140 silly reify mark deleted [
140 silly reify   '/Users/mac/Documents/code/credit/node_modules/@esbuild/android-x64'
140 silly reify ]
141 verbose reify failed optional dependency /Users/mac/Documents/code/credit/node_modules/@esbuild/android-arm64
142 silly reify mark deleted [
142 silly reify   '/Users/mac/Documents/code/credit/node_modules/@esbuild/android-arm64'
142 silly reify ]
143 verbose reify failed optional dependency /Users/mac/Documents/code/credit/node_modules/@esbuild/android-arm
144 silly reify mark deleted [
144 silly reify   '/Users/mac/Documents/code/credit/node_modules/@esbuild/android-arm'
144 silly reify ]
145 verbose reify failed optional dependency /Users/mac/Documents/code/credit/node_modules/@esbuild/aix-ppc64
146 silly reify mark deleted [ '/Users/mac/Documents/code/credit/node_modules/@esbuild/aix-ppc64' ]
147 http cache tslib@https://registry.npmjs.org/tslib/-/tslib-2.8.1.tgz 0ms (cache hit)
148 http cache scheduler@https://registry.npmjs.org/scheduler/-/scheduler-0.26.0.tgz 0ms (cache hit)
149 http cache react-dom@https://registry.npmjs.org/react-dom/-/react-dom-19.1.0.tgz 0ms (cache hit)
150 http cache @tybys/wasm-util@https://registry.npmjs.org/@tybys/wasm-util/-/wasm-util-0.10.2.tgz 0ms (cache hit)
151 http cache @napi-rs/wasm-runtime@https://registry.npmjs.org/@napi-rs/wasm-runtime/-/wasm-runtime-1.1.4.tgz 0ms (cache hit)
152 http cache @emnapi/wasi-threads@https://registry.npmjs.org/@emnapi/wasi-threads/-/wasi-threads-1.2.1.tgz 0ms (cache hit)
153 http cache @emnapi/runtime@https://registry.npmjs.org/@emnapi/runtime/-/runtime-1.10.0.tgz 0ms (cache hit)
154 http cache @emnapi/core@https://registry.npmjs.org/@emnapi/core/-/core-1.10.0.tgz 0ms (cache hit)
155 http cache react@https://registry.npmjs.org/react/-/react-19.1.0.tgz 1ms (cache hit)
156 http fetch POST 200 https://registry.npmjs.org/-/npm/v1/security/advisories/bulk 1985ms
157 silly audit report {
157 silly audit report   postcss: [
157 silly audit report     {
157 silly audit report       id: 1117015,
157 silly audit report       url: 'https://github.com/advisories/GHSA-qx2v-qp2m-jg93',
157 silly audit report       title: 'PostCSS has XSS via Unescaped </style> in its CSS Stringify Output',
157 silly audit report       severity: 'moderate',
157 silly audit report       vulnerable_versions: '<8.5.10',
157 silly audit report       cwe: [Array],
157 silly audit report       cvss: [Object]
157 silly audit report     }
157 silly audit report   ]
157 silly audit report }
158 silly packumentCache corgi:https://registry.npmjs.org/postcss cache-miss
159 http cache https://registry.npmjs.org/postcss 7ms (cache hit)
160 silly packumentCache corgi:https://registry.npmjs.org/postcss set size:343873 disposed:false
161 silly packumentCache corgi:https://registry.npmjs.org/@expo%2fmetro-config cache-miss
162 http cache https://registry.npmjs.org/@expo%2fmetro-config 9ms (cache hit)
163 silly packumentCache corgi:https://registry.npmjs.org/@expo%2fmetro-config set size:558310 disposed:false
164 silly packumentCache corgi:https://registry.npmjs.org/expo cache-miss
165 silly packumentCache corgi:https://registry.npmjs.org/@expo%2fcli cache-miss
166 http cache https://registry.npmjs.org/@expo%2fcli 14ms (cache hit)
167 silly packumentCache corgi:https://registry.npmjs.org/@expo%2fcli set size:1565362 disposed:false
168 http cache https://registry.npmjs.org/expo 40ms (cache hit)
169 silly packumentCache corgi:https://registry.npmjs.org/expo set size:1717624 disposed:false
170 silly packumentCache corgi:https://registry.npmjs.org/@expo%2fprebuild-config cache-miss
171 silly packumentCache corgi:https://registry.npmjs.org/babel-preset-expo cache-miss
172 silly packumentCache corgi:https://registry.npmjs.org/expo-asset cache-miss
173 silly packumentCache corgi:https://registry.npmjs.org/expo-constants cache-miss
174 silly packumentCache corgi:https://registry.npmjs.org/expo-file-system cache-miss
175 silly packumentCache corgi:https://registry.npmjs.org/expo-font cache-miss
176 silly packumentCache corgi:https://registry.npmjs.org/expo-keep-awake cache-miss
177 http cache https://registry.npmjs.org/expo-constants 92ms (cache hit)
178 silly packumentCache corgi:https://registry.npmjs.org/expo-constants set size:279227 disposed:false
179 http cache https://registry.npmjs.org/expo-font 95ms (cache hit)
180 silly packumentCache corgi:https://registry.npmjs.org/expo-font set size:235099 disposed:false
181 http cache https://registry.npmjs.org/@expo%2fprebuild-config 103ms (cache hit)
182 silly packumentCache corgi:https://registry.npmjs.org/@expo%2fprebuild-config set size:366981 disposed:false
183 http cache https://registry.npmjs.org/babel-preset-expo 108ms (cache hit)
184 silly packumentCache corgi:https://registry.npmjs.org/babel-preset-expo set size:498654 disposed:false
185 http cache https://registry.npmjs.org/expo-keep-awake 115ms (cache hit)
186 silly packumentCache corgi:https://registry.npmjs.org/expo-keep-awake set size:187483 disposed:false
187 http cache https://registry.npmjs.org/expo-asset 124ms (cache hit)
188 silly packumentCache corgi:https://registry.npmjs.org/expo-asset set size:293353 disposed:false
189 http cache https://registry.npmjs.org/expo-file-system 128ms (cache hit)
190 silly packumentCache corgi:https://registry.npmjs.org/expo-file-system set size:283910 disposed:false
191 silly ADD node_modules/scheduler
192 silly ADD node_modules/react-dom
193 silly ADD
194 silly ADD
195 silly ADD
196 silly ADD
197 silly ADD
198 silly ADD
199 silly ADD
200 silly ADD
201 silly ADD
202 silly ADD
203 silly ADD
204 silly ADD
205 silly ADD
206 silly ADD
207 silly ADD
208 silly ADD
209 silly ADD
210 silly ADD
211 silly ADD
212 silly ADD
213 silly ADD
214 silly ADD
215 silly ADD
216 silly ADD
217 silly ADD
218 silly ADD
219 silly ADD
220 silly ADD
221 silly ADD
222 silly ADD
223 silly ADD
224 silly ADD
225 silly ADD
226 silly ADD
227 silly ADD
228 silly ADD
229 silly ADD
230 silly ADD
231 silly ADD
232 silly ADD
233 silly ADD
234 silly ADD
235 silly ADD
236 silly ADD
237 silly ADD
238 silly ADD
239 silly ADD
240 silly ADD
241 silly ADD
242 silly ADD
243 silly ADD
244 silly ADD
245 silly ADD
246 silly ADD
247 silly ADD
248 silly REMOVE apps/mobile/node_modules/react
249 silly REMOVE apps/admin/node_modules/scheduler
250 silly REMOVE apps/admin/node_modules/react-dom
251 silly REMOVE apps/admin/node_modules/react
252 silly REMOVE node_modules/react-native/node_modules/scheduler
253 silly CHANGE node_modules/react
254 verbose cwd /Users/mac/Documents/code/credit
255 verbose os Darwin 25.4.0
256 verbose node v22.15.0
257 verbose npm  v10.9.2
258 verbose exit 0
259 info ok
